Component: ARM Compiler 5.06 update 7 (build 960) Tool: armlink [4d3601]

==============================================================================

Section Cross References

    startup_stm32f722xx.o(STACK) refers (Special) to heapauxi.o(.text) for __use_two_region_memory
    startup_stm32f722xx.o(HEAP) refers (Special) to heapauxi.o(.text) for __use_two_region_memory
    startup_stm32f722xx.o(RESET) refers (Special) to heapauxi.o(.text) for __use_two_region_memory
    startup_stm32f722xx.o(RESET) refers to startup_stm32f722xx.o(STACK) for __initial_sp
    startup_stm32f722xx.o(RESET) refers to startup_stm32f722xx.o(.text) for Reset_Handler
    startup_stm32f722xx.o(RESET) refers to stm32f7xx_it.o(i.NMI_Handler) for NMI_Handler
    startup_stm32f722xx.o(RESET) refers to stm32f7xx_it.o(i.HardFault_Handler) for HardFault_Handler
    startup_stm32f722xx.o(RESET) refers to stm32f7xx_it.o(i.MemManage_Handler) for MemManage_Handler
    startup_stm32f722xx.o(RESET) refers to stm32f7xx_it.o(i.BusFault_Handler) for BusFault_Handler
    startup_stm32f722xx.o(RESET) refers to stm32f7xx_it.o(i.UsageFault_Handler) for UsageFault_Handler
    startup_stm32f722xx.o(RESET) refers to port.o(.emb_text) for SVC_Handler
    startup_stm32f722xx.o(RESET) refers to stm32f7xx_it.o(i.DebugMon_Handler) for DebugMon_Handler
    startup_stm32f722xx.o(RESET) refers to port.o(i.SysTick_Handler) for SysTick_Handler
    startup_stm32f722xx.o(RESET) refers to stm32f7xx_it.o(i.DMA1_Stream2_IRQHandler) for DMA1_Stream2_IRQHandler
    startup_stm32f722xx.o(RESET) refers to stm32f7xx_it.o(i.DMA1_Stream4_IRQHandler) for DMA1_Stream4_IRQHandler
    startup_stm32f722xx.o(RESET) refers to stm32f7xx_it.o(i.CAN1_RX0_IRQHandler) for CAN1_RX0_IRQHandler
    startup_stm32f722xx.o(RESET) refers to stm32f7xx_it.o(i.USART1_IRQHandler) for USART1_IRQHandler
    startup_stm32f722xx.o(RESET) refers to stm32f7xx_it.o(i.TIM8_TRG_COM_TIM14_IRQHandler) for TIM8_TRG_COM_TIM14_IRQHandler
    startup_stm32f722xx.o(RESET) refers to stm32f7xx_it.o(i.UART4_IRQHandler) for UART4_IRQHandler
    startup_stm32f722xx.o(RESET) refers to stm32f7xx_it.o(i.DMA2_Stream2_IRQHandler) for DMA2_Stream2_IRQHandler
    startup_stm32f722xx.o(RESET) refers to stm32f7xx_it.o(i.DMA2_Stream3_IRQHandler) for DMA2_Stream3_IRQHandler
    startup_stm32f722xx.o(RESET) refers to stm32f7xx_it.o(i.DMA2_Stream7_IRQHandler) for DMA2_Stream7_IRQHandler
    startup_stm32f722xx.o(RESET) refers to stm32f7xx_it.o(i.OTG_HS_IRQHandler) for OTG_HS_IRQHandler
    startup_stm32f722xx.o(.text) refers (Special) to heapauxi.o(.text) for __use_two_region_memory
    startup_stm32f722xx.o(.text) refers to system_stm32f7xx.o(i.SystemInit) for SystemInit
    startup_stm32f722xx.o(.text) refers to __main.o(!!!main) for __main
    startup_stm32f722xx.o(.text) refers to startup_stm32f722xx.o(HEAP) for Heap_Mem
    startup_stm32f722xx.o(.text) refers to startup_stm32f722xx.o(STACK) for Stack_Mem
    screen.o(i.HAL_SPI_TxCpltCallback) refers to screen.o(.data) for .data
    screen.o(i.Screen_Reset) refers to stm32f7xx_hal_gpio.o(i.HAL_GPIO_WritePin) for HAL_GPIO_WritePin
    screen.o(i.Screen_SetDataOrCommand) refers to stm32f7xx_hal_gpio.o(i.HAL_GPIO_WritePin) for HAL_GPIO_WritePin
    screen.o(i.Screen_SetWindow) refers to screen.o(i.WriteCommand) for WriteCommand
    screen.o(i.Screen_SetWindow) refers to screen.o(i.WriteData) for WriteData
    screen.o(i.Screen_WriteFrameBuffer) refers to screen.o(i.WriteCommand) for WriteCommand
    screen.o(i.Screen_WriteFrameBuffer) refers to screen.o(i.WriteData) for WriteData
    screen.o(i.Screen_WriteFrameBuffer) refers to screen.o(.data) for .data
    screen.o(i.Write1Byte) refers to screen.o(i.Screen_SetDataOrCommand) for Screen_SetDataOrCommand
    screen.o(i.Write1Byte) refers to stm32f7xx_hal_spi.o(i.HAL_SPI_Transmit_DMA) for HAL_SPI_Transmit_DMA
    screen.o(i.Write1Byte) refers to spi.o(.bss) for hspi1
    screen.o(i.WriteCommand) refers to screen.o(i.Screen_SetDataOrCommand) for Screen_SetDataOrCommand
    screen.o(i.WriteCommand) refers to stm32f7xx_hal_spi.o(i.HAL_SPI_Transmit_DMA) for HAL_SPI_Transmit_DMA
    screen.o(i.WriteCommand) refers to spi.o(.bss) for hspi1
    screen.o(i.WriteData) refers to screen.o(i.Screen_SetDataOrCommand) for Screen_SetDataOrCommand
    screen.o(i.WriteData) refers to stm32f7xx_hal_spi.o(i.HAL_SPI_Transmit_DMA) for HAL_SPI_Transmit_DMA
    screen.o(i.WriteData) refers to stm32f7xx_hal_spi.o(i.HAL_SPI_Transmit) for HAL_SPI_Transmit
    screen.o(i.WriteData) refers to spi.o(.bss) for hspi1
    screen.o(i.screen_init) refers to stm32f7xx_hal_gpio.o(i.HAL_GPIO_WritePin) for HAL_GPIO_WritePin
    screen.o(i.screen_init) refers to stm32f7xx_hal.o(i.HAL_Delay) for HAL_Delay
    screen.o(i.screen_init) refers to screen.o(i.Screen_Reset) for Screen_Reset
    screen.o(i.screen_init) refers to screen.o(i.WriteCommand) for WriteCommand
    screen.o(i.screen_init) refers to screen.o(i.Write1Byte) for Write1Byte
[...]
    HAL_GPIO_WritePin                        0x08001971   Thumb Code    10  stm32f7xx_hal_gpio.o(i.HAL_GPIO_WritePin)
    HAL_GetTick                              0x0800197d   Thumb Code     6  stm32f7xx_hal.o(i.HAL_GetTick)
    HAL_I2CEx_ConfigAnalogFilter             0x08001989   Thumb Code    88  stm32f7xx_hal_i2c_ex.o(i.HAL_I2CEx_ConfigAnalogFilter)
    HAL_I2CEx_ConfigDigitalFilter            0x080019e1   Thumb Code    84  stm32f7xx_hal_i2c_ex.o(i.HAL_I2CEx_ConfigDigitalFilter)
    HAL_I2C_Init                             0x08001a35   Thumb Code   186  stm32f7xx_hal_i2c.o(i.HAL_I2C_Init)
    HAL_I2C_Mem_Read                         0x08001af5   Thumb Code   348  stm32f7xx_hal_i2c.o(i.HAL_I2C_Mem_Read)
    HAL_I2C_Mem_Write                        0x08001c59   Thumb Code   340  stm32f7xx_hal_i2c.o(i.HAL_I2C_Mem_Write)
    HAL_I2C_MspInit                          0x08001db1   Thumb Code   122  i2c.o(i.HAL_I2C_MspInit)
    HAL_IncTick                              0x08001e39   Thumb Code    12  stm32f7xx_hal.o(i.HAL_IncTick)
    HAL_Init                                 0x08001e49   Thumb Code    22  stm32f7xx_hal.o(i.HAL_Init)
    HAL_InitTick                             0x08001e61   Thumb Code   132  stm32f7xx_hal_timebase_tim.o(i.HAL_InitTick)
    HAL_MPU_ConfigRegion                     0x08001ef9   Thumb Code    86  stm32f7xx_hal_cortex.o(i.HAL_MPU_ConfigRegion)
    HAL_MPU_Disable                          0x08001f55   Thumb Code    24  stm32f7xx_hal_cortex.o(i.HAL_MPU_Disable)
    HAL_MPU_Enable                           0x08001f71   Thumb Code    30  stm32f7xx_hal_cortex.o(i.HAL_MPU_Enable)
    HAL_MspInit                              0x08001f95   Thumb Code    52  stm32f7xx_hal_msp.o(i.HAL_MspInit)
    HAL_NVIC_EnableIRQ                       0x08001fcd   Thumb Code    26  stm32f7xx_hal_cortex.o(i.HAL_NVIC_EnableIRQ)
    HAL_NVIC_SetPriority                     0x08001fe9   Thumb Code    60  stm32f7xx_hal_cortex.o(i.HAL_NVIC_SetPriority)
    HAL_NVIC_SetPriorityGrouping             0x08002029   Thumb Code    28  stm32f7xx_hal_cortex.o(i.HAL_NVIC_SetPriorityGrouping)
    HAL_PCDEx_ActivateLPM                    0x0800204d   Thumb Code    34  stm32f7xx_hal_pcd_ex.o(i.HAL_PCDEx_ActivateLPM)
    HAL_PCDEx_LPM_Callback                   0x08002075   Thumb Code    92  usbd_conf.o(i.HAL_PCDEx_LPM_Callback)
    HAL_PCDEx_SetRxFiFo                      0x080020d5   Thumb Code     8  stm32f7xx_hal_pcd_ex.o(i.HAL_PCDEx_SetRxFiFo)
    HAL_PCDEx_SetTxFiFo                      0x080020dd   Thumb Code    70  stm32f7xx_hal_pcd_ex.o(i.HAL_PCDEx_SetTxFiFo)
    HAL_PCD_ConnectCallback                  0x08002123   Thumb Code     8  usbd_conf.o(i.HAL_PCD_ConnectCallback)
    HAL_PCD_DataInStageCallback              0x0800212b   Thumb Code    18  usbd_conf.o(i.HAL_PCD_DataInStageCallback)
    HAL_PCD_DataOutStageCallback             0x0800213d   Thumb Code    20  usbd_conf.o(i.HAL_PCD_DataOutStageCallback)
    HAL_PCD_DisconnectCallback               0x08002151   Thumb Code     8  usbd_conf.o(i.HAL_PCD_DisconnectCallback)
    HAL_PCD_EP_Abort                         0x08002159   Thumb Code    30  stm32f7xx_hal_pcd.o(i.HAL_PCD_EP_Abort)
    HAL_PCD_EP_Close                         0x08002177   Thumb Code    74  stm32f7xx_hal_pcd.o(i.HAL_PCD_EP_Close)
    HAL_PCD_EP_ClrStall                      0x080021c1   Thumb Code    90  stm32f7xx_hal_pcd.o(i.HAL_PCD_EP_ClrStall)
    HAL_PCD_EP_GetRxCount                    0x0800221b   Thumb Code    18  stm32f7xx_hal_pcd.o(i.HAL_PCD_EP_GetRxCount)
    HAL_PCD_EP_Open                          0x0800222d   Thumb Code    94  stm32f7xx_hal_pcd.o(i.HAL_PCD_EP_Open)
    HAL_PCD_EP_Receive                       0x0800228b   Thumb Code    52  stm32f7xx_hal_pcd.o(i.HAL_PCD_EP_Receive)
    HAL_PCD_EP_SetStall                      0x080022bf   Thumb Code   114  stm32f7xx_hal_pcd.o(i.HAL_PCD_EP_SetStall)
    HAL_PCD_EP_Transmit                      0x08002331   Thumb Code    52  stm32f7xx_hal_pcd.o(i.HAL_PCD_EP_Transmit)
    HAL_PCD_IRQHandler                       0x08002365   Thumb Code  1428  stm32f7xx_hal_pcd.o(i.HAL_PCD_IRQHandler)
    HAL_PCD_ISOINIncompleteCallback          0x080028f9   Thumb Code     8  usbd_conf.o(i.HAL_PCD_ISOINIncompleteCallback)
    HAL_PCD_ISOOUTIncompleteCallback         0x08002901   Thumb Code     8  usbd_conf.o(i.HAL_PCD_ISOOUTIncompleteCallback)
    HAL_PCD_Init                             0x08002909   Thumb Code   216  stm32f7xx_hal_pcd.o(i.HAL_PCD_Init)
    HAL_PCD_MspInit                          0x080029e1   Thumb Code   214  usbd_conf.o(i.HAL_PCD_MspInit)
    HAL_PCD_ResetCallback                    0x08002acd   Thumb Code    44  usbd_conf.o(i.HAL_PCD_ResetCallback)
    HAL_PCD_ResumeCallback                   0x08002af9   Thumb Code     8  usbd_conf.o(i.HAL_PCD_ResumeCallback)
    HAL_PCD_SOFCallback                      0x08002b01   Thumb Code     8  usbd_conf.o(i.HAL_PCD_SOFCallback)
    HAL_PCD_SetAddress                       0x08002b09   Thumb Code    38  stm32f7xx_hal_pcd.o(i.HAL_PCD_SetAddress)
    HAL_PCD_SetupStageCallback               0x08002b2f   Thumb Code    14  usbd_conf.o(i.HAL_PCD_SetupStageCallback)
    HAL_PCD_Start                            0x08002b3d   Thumb Code    42  stm32f7xx_hal_pcd.o(i.HAL_PCD_Start)
    HAL_PCD_SuspendCallback                  0x08002b69   Thumb Code    44  usbd_conf.o(i.HAL_PCD_SuspendCallback)
    HAL_PWREx_EnableOverDrive                0x08002b99   Thumb Code   100  stm32f7xx_hal_pwr_ex.o(i.HAL_PWREx_EnableOverDrive)
    HAL_RCCEx_PeriphCLKConfig                0x08002c05   Thumb Code  1104  stm32f7xx_hal_rcc_ex.o(i.HAL_RCCEx_PeriphCLKConfig)
    HAL_RCC_ClockConfig                      0x08003055   Thumb Code   284  stm32f7xx_hal_rcc.o(i.HAL_RCC_ClockConfig)
    HAL_RCC_GetClockConfig                   0x08003185   Thumb Code    56  stm32f7xx_hal_rcc.o(i.HAL_RCC_GetClockConfig)
    HAL_RCC_GetHCLKFreq                      0x080031c5   Thumb Code     6  stm32f7xx_hal_rcc.o(i.HAL_RCC_GetHCLKFreq)
    HAL_RCC_GetPCLK1Freq                     0x080031d1   Thumb Code    20  stm32f7xx_hal_rcc.o(i.HAL_RCC_GetPCLK1Freq)
    HAL_RCC_GetPCLK2Freq                     0x080031f1   Thumb Code    20  stm32f7xx_hal_rcc.o(i.HAL_RCC_GetPCLK2Freq)
    HAL_RCC_GetSysClockFreq                  0x08003211   Thumb Code    88  stm32f7xx_hal_rcc.o(i.HAL_RCC_GetSysClockFreq)
    HAL_RCC_OscConfig                        0x08003275   Thumb Code   888  stm32f7xx_hal_rcc.o(i.HAL_RCC_OscConfig)
    HAL_SPI_ErrorCallback                    0x080035f9   Thumb Code     2  stm32f7xx_hal_spi.o(i.HAL_SPI_ErrorCallback)
    HAL_SPI_Init                             0x080035fd   Thumb Code   242  stm32f7xx_hal_spi.o(i.HAL_SPI_Init)
    HAL_SPI_MspInit                          0x080036f1   Thumb Code   342  spi.o(i.HAL_SPI_MspInit)
    HAL_SPI_Transmit                         0x08003869   Thumb Code   400  stm32f7xx_hal_spi.o(i.HAL_SPI_Transmit)
    HAL_SPI_Transmit_DMA                     0x080039f9   Thumb Code   270  stm32f7xx_hal_spi.o(i.HAL_SPI_Transmit_DMA)
    HAL_SPI_TxCpltCallback                   0x08003b15   Thumb Code     8  screen.o(i.HAL_SPI_TxCpltCallback)
    HAL_SPI_TxHalfCpltCallback               0x08003b21   Thumb Code     2  stm32f7xx_hal_spi.o(i.HAL_SPI_TxHalfCpltCallback)
    HAL_TIMEx_Break2Callback                 0x08003b23   Thumb Code     2  stm32f7xx_hal_tim_ex.o(i.HAL_TIMEx_Break2Callback)
    HAL_TIMEx_BreakCallback                  0x08003b25   Thumb Code     2  stm32f7xx_hal_tim_ex.o(i.HAL_TIMEx_BreakCallback)
    HAL_TIMEx_CommutCallback                 0x08003b27   Thumb Code     2  stm32f7xx_hal_tim_ex.o(i.HAL_TIMEx_CommutCallback)
    HAL_TIM_Base_Init                        0x08003b29   Thumb Code    98  stm32f7xx_hal_tim.o(i.HAL_TIM_Base_Init)
    HAL_TIM_Base_MspInit                     0x08003b8b   Thumb Code     2  stm32f7xx_hal_tim.o(i.HAL_TIM_Base_MspInit)
    HAL_TIM_Base_Start_IT                    0x08003b8d   Thumb Code   106  stm32f7xx_hal_tim.o(i.HAL_TIM_Base_Start_IT)
    HAL_TIM_IC_CaptureCallback               0x08003c19   Thumb Code     2  stm32f7xx_hal_tim.o(i.HAL_TIM_IC_CaptureCallback)
    HAL_TIM_IRQHandler                       0x08003c1b   Thumb Code   328  stm32f7xx_hal_tim.o(i.HAL_TIM_IRQHandler)
    HAL_TIM_OC_DelayElapsedCallback          0x08003d63   Thumb Code     2  stm32f7xx_hal_tim.o(i.HAL_TIM_OC_DelayElapsedCallback)
    HAL_TIM_PWM_PulseFinishedCallback        0x08003d65   Thumb Code     2  stm32f7xx_hal_tim.o(i.HAL_TIM_PWM_PulseFinishedCallback)
    HAL_TIM_PeriodElapsedCallback            0x08003d69   Thumb Code    14  main.o(i.HAL_TIM_PeriodElapsedCallback)
    HAL_TIM_TriggerCallback                  0x08003d7d   Thumb Code     2  stm32f7xx_hal_tim.o(i.HAL_TIM_TriggerCallback)
    HAL_UARTEx_RxEventCallback               0x08003d7f   Thumb Code     2  stm32f7xx_hal_uart.o(i.HAL_UARTEx_RxEventCallback)
    HAL_UART_ErrorCallback                   0x08003d81   Thumb Code     2  stm32f7xx_hal_uart.o(i.HAL_UART_ErrorCallback)
    HAL_UART_IRQHandler                      0x08003d85   Thumb Code   654  stm32f7xx_hal_uart.o(i.HAL_UART_IRQHandler)
    HAL_UART_Init                            0x0800401d   Thumb Code   102  stm32f7xx_hal_uart.o(i.HAL_UART_Init)
    HAL_UART_MspInit                         0x08004085   Thumb Code   378  usart.o(i.HAL_UART_MspInit)
    HAL_UART_Receive_DMA                     0x08004221   Thumb Code    60  stm32f7xx_hal_uart.o(i.HAL_UART_Receive_DMA)
    HAL_UART_RxCpltCallback                  0x0800425d   Thumb Code    74  usart.o(i.HAL_UART_RxCpltCallback)
    HAL_UART_RxHalfCpltCallback              0x080042b9   Thumb Code     2  stm32f7xx_hal_uart.o(i.HAL_UART_RxHalfCpltCallback)
    HAL_UART_Transmit                        0x080042bb   Thumb Code   166  stm32f7xx_hal_uart.o(i.HAL_UART_Transmit)
    HAL_UART_TxCpltCallback                  0x08004361   Thumb Code     2  stm32f7xx_hal_uart.o(i.HAL_UART_TxCpltCallback)
    HardFault_Handler                        0x08004363   Thumb Code     2  stm32f7xx_it.o(i.HardFault_Handler)
    MPU6050ReadGyro                          0x080046f9   Thumb Code    40  mpu6050.o(i.MPU6050ReadGyro)
    MPU6050ReadID                            0x08004721   Thumb Code    34  mpu6050.o(i.MPU6050ReadID)
    MPU6050_Init                             0x08004743   Thumb Code    70  mpu6050.o(i.MPU6050_Init)
    MPU6050_ReadData                         0x08004789   Thumb Code    24  mpu6050.o(i.MPU6050_ReadData)
    MPU6050_WriteReg                         0x080047a5   Thumb Code    32  mpu6050.o(i.MPU6050_WriteReg)
    MPU_INT_Init                             0x080047c9   Thumb Code    22  mpu6050.o(i.MPU_INT_Init)
    MX_CAN1_Init                             0x080047e1   Thumb Code    60  can.o(i.MX_CAN1_Init)
    MX_DMA_Init                              0x08004825   Thumb Code   120  dma.o(i.MX_DMA_Init)
    MX_FREERTOS_Init                         0x080048a1   Thumb Code    74  freertos.o(i.MX_FREERTOS_Init)
    MX_GPIO_Init                             0x080048f5   Thumb Code   158  gpio.o(i.MX_GPIO_Init)
    MX_I2C1_Init                             0x080049a1   Thumb Code    76  i2c.o(i.MX_I2C1_Init)
    MX_SPI1_Init                             0x080049f9   Thumb Code    68  spi.o(i.MX_SPI1_Init)
    MX_SPI2_Init                             0x08004a45   Thumb Code    68  spi.o(i.MX_SPI2_Init)
    MX_UART4_Init                            0x08004a91   Thumb Code    52  usart.o(i.MX_UART4_Init)
    MX_USART1_UART_Init                      0x08004acd   Thumb Code    52  usart.o(i.MX_USART1_UART_Init)
    MX_USB_DEVICE_Init                       0x08004b09   Thumb Code    66  usb_device.o(i.MX_USB_DEVICE_Init)
    MemManage_Handler                        0x08004b5d   Thumb Code     2  stm32f7xx_it.o(i.MemManage_Handler)
    NMI_Handler                              0x08004b5f   Thumb Code     2  stm32f7xx_it.o(i.NMI_Handler)
    OTG_HS_IRQHandler                        0x08004b61   Thumb Code     6  stm32f7xx_it.o(i.OTG_HS_IRQHandler)
    ReceiveUsbPacketUntilSizeIs              0x08004cdd   Thumb Code    20  user_usb.o(i.ReceiveUsbPacketUntilSizeIs)
    Screen_Reset                             0x08004fa5   Thumb Code    18  screen.o(i.Screen_Reset)
    Screen_SetDataOrCommand                  0x08004fbd   Thumb Code    18  screen.o(i.Screen_SetDataOrCommand)
    Screen_SetWindow                         0x08004fd5   Thumb Code    84  screen.o(i.Screen_SetWindow)
    Screen_WriteFrameBuffer                  0x08005029   Thumb Code    38  screen.o(i.Screen_WriteFrameBuffer)
    SendUsbPacket                            0x08005055   Thumb Code    20  user_usb.o(i.SendUsbPacket)
    StartDefaultTask                         0x08005069   Thumb Code   368  freertos.o(i.StartDefaultTask)
    StartTask03                              0x080051e9   Thumb Code   346  freertos.o(i.StartTask03)
    SwitchPingPongBuffer                     0x08005371   Thumb Code    32  user_usb.o(i.SwitchPingPongBuffer)
    SysTick_Handler                          0x08005399   Thumb Code    42  port.o(i.SysTick_Handler)
    SystemClock_Config                       0x080053c9   Thumb Code   150  main.o(i.SystemClock_Config)
    SystemInit                               0x08005469   Thumb Code    12  system_stm32f7xx.o(i.SystemInit)
    TIM8_TRG_COM_TIM14_IRQHandler            0x08005479   Thumb Code     6  stm32f7xx_it.o(i.TIM8_TRG_COM_TIM14_IRQHandler)
    TIM_Base_SetConfig                       0x08005485   Thumb Code   172  stm32f7xx_hal_tim.o(i.TIM_Base_SetConfig)
    UART4_IRQHandler                         0x0800555d   Thumb Code     6  stm32f7xx_it.o(i.UART4_IRQHandler)
    UART_AdvFeatureConfig                    0x08005569   Thumb Code   200  stm32f7xx_hal_uart.o(i.UART_AdvFeatureConfig)
    UART_CheckIdleState                      0x08005631   Thumb Code    90  stm32f7xx_hal_uart.o(i.UART_CheckIdleState)
    UART_SetConfig                           0x080057f1   Thumb Code   516  stm32f7xx_hal_uart.o(i.UART_SetConfig)
    UART_Start_Receive_DMA                   0x08005a21   Thumb Code   146  stm32f7xx_hal_uart.o(i.UART_Start_Receive_DMA)
    UART_WaitOnFlagUntilTimeout              0x08005ac1   Thumb Code   148  stm32f7xx_hal_uart.o(i.UART_WaitOnFlagUntilTimeout)
    USART1_IRQHandler                        0x08005b55   Thumb Code     6  stm32f7xx_it.o(i.USART1_IRQHandler)
    USBD_CDC_GetDeviceQualifierDescriptor    0x08005cdd   Thumb Code     8  usbd_cdc.o(i.USBD_CDC_GetDeviceQualifierDescriptor)
    USBD_CDC_RegisterInterface               0x08005ec5   Thumb Code    22  usbd_cdc.o(i.USBD_CDC_RegisterInterface)
    USBD_CDC_SetRxBuffer                     0x08005edb   Thumb Code    26  usbd_cdc.o(i.USBD_CDC_SetRxBuffer)
    USBD_CDC_SetTxBuffer                     0x08005ef5   Thumb Code    30  usbd_cdc.o(i.USBD_CDC_SetTxBuffer)
    USBD_CDC_TransmitPacket                  0x08005fe1   Thumb Code    76  usbd_cdc.o(i.USBD_CDC_TransmitPacket)
    USBD_ClrClassConfig                      0x08006031   Thumb Code    20  usbd_core.o(i.USBD_ClrClassConfig)
    USBD_CoreFindEP                          0x08006045   Thumb Code     4  usbd_core.o(i.USBD_CoreFindEP)
    USBD_CoreFindIF                          0x08006049   Thumb Code     4  usbd_core.o(i.USBD_CoreFindIF)
    USBD_CtlContinueRx                       0x0800604d   Thumb Code    16  usbd_ioreq.o(i.USBD_CtlContinueRx)
    USBD_CtlContinueSendData                 0x0800605d   Thumb Code    16  usbd_ioreq.o(i.USBD_CtlContinueSendData)
    USBD_CtlError                            0x0800606d   Thumb Code    22  usbd_ctlreq.o(i.USBD_CtlError)
    USBD_CtlPrepareRx                        0x08006083   Thumb Code    30  usbd_ioreq.o(i.USBD_CtlPrepareRx)
    USBD_CtlReceiveStatus                    0x080060a1   Thumb Code    22  usbd_ioreq.o(i.USBD_CtlReceiveStatus)
    USBD_CtlSendData                         0x080060b7   Thumb Code    26  usbd_ioreq.o(i.USBD_CtlSendData)
    USBD_CtlSendStatus                       0x080060d1   Thumb Code    22  usbd_ioreq.o(i.USBD_CtlSendStatus)
    USBD_GetEpDesc                           0x080061e1   Thumb Code    58  usbd_core.o(i.USBD_GetEpDesc)
    USBD_GetNextDesc                         0x0800622f   Thumb Code    14  usbd_core.o(i.USBD_GetNextDesc)
    USBD_GetString                           0x0800623d   Thumb Code    78  usbd_ctlreq.o(i.USBD_GetString)
    USBD_Get_USB_Status                      0x0800628b   Thumb Code    24  usbd_conf.o(i.USBD_Get_USB_Status)
    USBD_HS_ConfigStrDescriptor              0x080062a5   Thumb Code    16  usbd_desc.o(i.USBD_HS_ConfigStrDescriptor)
    USBD_HS_DeviceDescriptor                 0x080062c5   Thumb Code     8  usbd_desc.o(i.USBD_HS_DeviceDescriptor)
    USBD_HS_InterfaceStrDescriptor           0x080062d1   Thumb Code    16  usbd_desc.o(i.USBD_HS_InterfaceStrDescriptor)
    USBD_HS_LangIDStrDescriptor              0x080062f5   Thumb Code     8  usbd_desc.o(i.USBD_HS_LangIDStrDescriptor)
    USBD_HS_ManufacturerStrDescriptor        0x08006301   Thumb Code    16  usbd_desc.o(i.USBD_HS_ManufacturerStrDescriptor)
    USBD_HS_ProductStrDescriptor             0x08006329   Thumb Code    16  usbd_desc.o(i.USBD_HS_ProductStrDescriptor)
    USBD_HS_SerialStrDescriptor              0x08006355   Thumb Code    50  usbd_desc.o(i.USBD_HS_SerialStrDescriptor)
    USBD_HS_USR_BOSDescriptor                0x08006391   Thumb Code     8  usbd_desc.o(i.USBD_HS_USR_BOSDescriptor)
    USBD_Init                                0x0800639d   Thumb Code    38  usbd_core.o(i.USBD_Init)
    USBD_LL_ClearStallEP                     0x080063c3   Thumb Code    18  usbd_conf.o(i.USBD_LL_ClearStallEP)
    USBD_LL_CloseEP                          0x080063d5   Thumb Code    18  usbd_conf.o(i.USBD_LL_CloseEP)
    USBD_LL_DataInStage                      0x080063e7   Thumb Code   184  usbd_core.o(i.USBD_LL_DataInStage)
    USBD_LL_DataOutStage                     0x0800649f   Thumb Code   144  usbd_core.o(i.USBD_LL_DataOutStage)
    USBD_LL_DevConnected                     0x0800652f   Thumb Code     4  usbd_core.o(i.USBD_LL_DevConnected)
    USBD_LL_DevDisconnected                  0x08006533   Thumb Code    32  usbd_core.o(i.USBD_LL_DevDisconnected)
    USBD_LL_GetRxDataSize                    0x08006553   Thumb Code     8  usbd_conf.o(i.USBD_LL_GetRxDataSize)
    USBD_LL_Init                             0x0800655d   Thumb Code    94  usbd_conf.o(i.USBD_LL_Init)
    USBD_LL_IsStallEP                        0x080065c5   Thumb Code    30  usbd_conf.o(i.USBD_LL_IsStallEP)
    USBD_LL_IsoINIncomplete                  0x080065e3   Thumb Code    40  usbd_core.o(i.USBD_LL_IsoINIncomplete)
    USBD_LL_IsoOUTIncomplete                 0x0800660b   Thumb Code    40  usbd_core.o(i.USBD_LL_IsoOUTIncomplete)
    USBD_LL_OpenEP                           0x08006633   Thumb Code    24  usbd_conf.o(i.USBD_LL_OpenEP)
    USBD_LL_PrepareReceive                   0x0800664b   Thumb Code    18  usbd_conf.o(i.USBD_LL_PrepareReceive)
    USBD_LL_Reset                            0x0800665d   Thumb Code    94  usbd_core.o(i.USBD_LL_Reset)
    USBD_LL_Resume                           0x080066bb   Thumb Code    20  usbd_core.o(i.USBD_LL_Resume)
    USBD_LL_SOF                              0x080066cf   Thumb Code    26  usbd_core.o(i.USBD_LL_SOF)
    USBD_LL_SetSpeed                         0x080066e9   Thumb Code     6  usbd_core.o(i.USBD_LL_SetSpeed)
    USBD_LL_SetUSBAddress                    0x080066ef   Thumb Code    18  usbd_conf.o(i.USBD_LL_SetUSBAddress)
    USBD_LL_SetupStage                       0x08006701   Thumb Code    96  usbd_core.o(i.USBD_LL_SetupStage)
    USBD_LL_StallEP                          0x08006761   Thumb Code    18  usbd_conf.o(i.USBD_LL_StallEP)
    USBD_LL_Start                            0x08006773   Thumb Code    18  usbd_conf.o(i.USBD_LL_Start)
    USBD_LL_Suspend                          0x08006785   Thumb Code    26  usbd_core.o(i.USBD_LL_Suspend)
    USBD_LL_Transmit                         0x0800679f   Thumb Code    18  usbd_conf.o(i.USBD_LL_Transmit)
    USBD_ParseSetupRequest                   0x080067b1   Thumb Code    42  usbd_ctlreq.o(i.USBD_ParseSetupRequest)
    USBD_RegisterClass                       0x080067db   Thumb Code    58  usbd_core.o(i.USBD_RegisterClass)
    USBD_SetClassConfig                      0x08006815   Thumb Code    20  usbd_core.o(i.USBD_SetClassConfig)
    USBD_Start                               0x080068e5   Thumb Code     4  usbd_core.o(i.USBD_Start)
    USBD_StdDevReq                           0x080068e9   Thumb Code   302  usbd_ctlreq.o(i.USBD_StdDevReq)
    USBD_StdEPReq                            0x08006a17   Thumb Code   356  usbd_ctlreq.o(i.USBD_StdEPReq)
    USBD_StdItfReq                           0x08006b7b   Thumb Code   116  usbd_ctlreq.o(i.USBD_StdItfReq)
    USB_ActivateEndpoint                     0x08006bf1   Thumb Code   124  stm32f7xx_ll_usb.o(i.USB_ActivateEndpoint)
    USB_ActivateSetup                        0x08006c71   Thumb Code    28  stm32f7xx_ll_usb.o(i.USB_ActivateSetup)
    USB_CoreInit                             0x08006c8d   Thumb Code   162  stm32f7xx_ll_usb.o(i.USB_CoreInit)
    USB_DeactivateEndpoint                   0x08006d71   Thumb Code   194  stm32f7xx_ll_usb.o(i.USB_DeactivateEndpoint)
    USB_DevConnect                           0x08006e3d   Thumb Code    28  stm32f7xx_ll_usb.o(i.USB_DevConnect)
    USB_DevDisconnect                        0x08006e59   Thumb Code    28  stm32f7xx_ll_usb.o(i.USB_DevDisconnect)
    USB_DevInit                              0x08006e75   Thumb Code   366  stm32f7xx_ll_usb.o(i.USB_DevInit)
    USB_DisableGlobalInt                     0x08006fed   Thumb Code    12  stm32f7xx_ll_usb.o(i.USB_DisableGlobalInt)
    USB_EP0_OutStart                         0x08006ff9   Thumb Code    84  stm32f7xx_ll_usb.o(i.USB_EP0_OutStart)
    USB_EPClearStall                         0x08007051   Thumb Code    88  stm32f7xx_ll_usb.o(i.USB_EPClearStall)
    USB_EPSetStall                           0x080070a9   Thumb Code    88  stm32f7xx_ll_usb.o(i.USB_EPSetStall)
    USB_EPStartXfer                          0x08007101   Thumb Code   562  stm32f7xx_ll_usb.o(i.USB_EPStartXfer)
    USB_EPStopXfer                           0x08007339   Thumb Code   158  stm32f7xx_ll_usb.o(i.USB_EPStopXfer)
    USB_EnableGlobalInt                      0x080073d7   Thumb Code    12  stm32f7xx_ll_usb.o(i.USB_EnableGlobalInt)
    USB_FlushRxFifo                          0x080073e3   Thumb Code    56  stm32f7xx_ll_usb.o(i.USB_FlushRxFifo)
    USB_FlushTxFifo                          0x0800741b   Thumb Code    60  stm32f7xx_ll_usb.o(i.USB_FlushTxFifo)
    USB_GetDevSpeed                          0x08007457   Thumb Code    26  stm32f7xx_ll_usb.o(i.USB_GetDevSpeed)
    USB_GetMode                              0x08007471   Thumb Code     8  stm32f7xx_ll_usb.o(i.USB_GetMode)
    USB_ReadDevAllInEpInterrupt              0x08007479   Thumb Code    14  stm32f7xx_ll_usb.o(i.USB_ReadDevAllInEpInterrupt)
    USB_ReadDevAllOutEpInterrupt             0x08007487   Thumb Code    14  stm32f7xx_ll_usb.o(i.USB_ReadDevAllOutEpInterrupt)
    USB_ReadDevInEPInterrupt                 0x08007495   Thumb Code    36  stm32f7xx_ll_usb.o(i.USB_ReadDevInEPInterrupt)
    USB_ReadDevOutEPInterrupt                0x080074b9   Thumb Code    16  stm32f7xx_ll_usb.o(i.USB_ReadDevOutEPInterrupt)
    USB_ReadInterrupts                       0x080074c9   Thumb Code     8  stm32f7xx_ll_usb.o(i.USB_ReadInterrupts)
    USB_ReadPacket                           0x080074d1   Thumb Code    64  stm32f7xx_ll_usb.o(i.USB_ReadPacket)
    USB_SetCurrentMode                       0x08007511   Thumb Code    94  stm32f7xx_ll_usb.o(i.USB_SetCurrentMode)
    USB_SetDevAddress                        0x0800756f   Thumb Code    34  stm32f7xx_ll_usb.o(i.USB_SetDevAddress)
    USB_SetTurnaroundTime                    0x08007591   Thumb Code   158  stm32f7xx_ll_usb.o(i.USB_SetTurnaroundTime)
    USB_WritePacket                          0x08007679   Thumb Code    40  stm32f7xx_ll_usb.o(i.USB_WritePacket)
    UsageFault_Handler                       0x080076a1   Thumb Code     2  stm32f7xx_it.o(i.UsageFault_Handler)
    Write1Byte                               0x080076a5   Thumb Code    20  screen.o(i.Write1Byte)
    WriteCommand                             0x080076bd   Thumb Code    20  screen.o(i.WriteCommand)
    WriteData                                0x080076d5   Thumb Code    44  screen.o(i.WriteData)
    main                                     0x08007729   Thumb Code   170  main.o(i.main)
    osDelay                                  0x080077eb   Thumb Code    14  cmsis_os.o(i.osDelay)
    osKernelStart                            0x080077f9   Thumb Code    10  cmsis_os.o(i.osKernelStart)
    osThreadCreate                           0x08007803   Thumb Code    84  cmsis_os.o(i.osThreadCreate)
    pvPortMalloc                             0x08007bbd   Thumb Code   222  heap_4.o(i.pvPortMalloc)
    pxPortInitialiseStack                    0x08007ca1   Thumb Code    42  port.o(i.pxPortInitialiseStack)
    report_SendData                          0x08007cd1   Thumb Code   108  usart.o(i.report_SendData)
    screen_init                              0x08007d45   Thumb Code  1204  screen.o(i.screen_init)
    screen_task                              0x080081f9   Thumb Code   164  freertos.o(i.screen_task)
    uxListRemove                             0x080082b1   Thumb Code    38  list.o(i.uxListRemove)
    vApplicationGetIdleTaskMemory            0x080082d9   Thumb Code    18  freertos.o(i.vApplicationGetIdleTaskMemory)
    vListInitialise                          0x080082f1   Thumb Code    22  list.o(i.vListInitialise)
    vListInitialiseItem                      0x08008307   Thumb Code     6  list.o(i.vListInitialiseItem)
    vListInsert                              0x0800830d   Thumb Code    48  list.o(i.vListInsert)
    vListInsertEnd                           0x0800833d   Thumb Code    24  list.o(i.vListInsertEnd)
    vPortEnterCritical                       0x08008355   Thumb Code    62  port.o(i.vPortEnterCritical)
    vPortExitCritical                        0x0800839d   Thumb Code    38  port.o(i.vPortExitCritical)
    vPortFree                                0x080083c9   Thumb Code    96  heap_4.o(i.vPortFree)
    vPortSetupTimerInterrupt                 0x0800842d   Thumb Code    32  port.o(i.vPortSetupTimerInterrupt)
    vTaskDelay                               0x08008451   Thumb Code    70  tasks.o(i.vTaskDelay)
    vTaskStartScheduler                      0x080084a1   Thumb Code    94  tasks.o(i.vTaskStartScheduler)
    vTaskSuspendAll                          0x08008511   Thumb Code    10  tasks.o(i.vTaskSuspendAll)
    vTaskSwitchContext                       0x08008521   Thumb Code    86  tasks.o(i.vTaskSwitchContext)
    xPortStartScheduler                      0x08008581   Thumb Code   176  port.o(i.xPortStartScheduler)
    xTaskCreate                              0x08008641   Thumb Code    90  tasks.o(i.xTaskCreate)
    xTaskCreateStatic                        0x0800869b   Thumb Code    94  tasks.o(i.xTaskCreateStatic)
    xTaskIncrementTick                       0x080086f9   Thumb Code   196  tasks.o(i.xTaskIncrementTick)
    xTaskResumeAll                           0x080087c5   Thumb Code   188  tasks.o(i.xTaskResumeAll)
    _fp_init                                 0x0800888d   Thumb Code    10  fpinit.o(x$fpl$fpinit)
    __fplib_config_fpu_vfp                   0x08008895   Thumb Code     0  fpinit.o(x$fpl$fpinit)
    __fplib_config_pureend_doubles           0x08008895   Thumb Code     0  fpinit.o(x$fpl$fpinit)
    AHBPrescTable                            0x080088f4   Data          16  system_stm32f7xx.o(.constdata)
    APBPrescTable                            0x08008904   Data           8  system_stm32f7xx.o(.constdata)
    Region$$Table$$Base                      0x08008930   Number         0  anon$$obj.o(Region$$Table)
    Region$$Table$$Limit                     0x08008950   Number         0  anon$$obj.o(Region$$Table)
    Screen_isBusy                            0x20000000   Data           1  screen.o(.data)
    cnt21                                    0x20000004   Data           4  user_usb.o(.data)
    cnt55                                    0x20000008   Data           4  user_usb.o(.data)
    isEnabled                                0x2000000c   Data           1  freertos.o(.data)
    can_task_static                          0x2000000d   Data           1  freertos.o(.data)
    can_task_enable_static                   0x2000000e   Data           1  freertos.o(.data)
    User_Usb_Finish                          0x2000000f   Data           1  freertos.o(.data)
    cnt12                                    0x20000010   Data           4  freertos.o(.data)
    cnt1520                                  0x20000014   Data           4  freertos.o(.data)
    defaultTaskHandle                        0x20000018   Data           4  freertos.o(.data)
    myTask02Handle                           0x2000001c   Data           4  freertos.o(.data)
    myTask03Handle                           0x20000020   Data           4  freertos.o(.data)
    Gyro                                     0x20000024   Data           6  freertos.o(.data)
    get_motor_date_id                        0x20000054   Data           1  usart.o(.data)
    get_motor_date_flag                      0x20000055   Data           1  usart.o(.data)
    get_vofa_flag                            0x20000056   Data           1  usart.o(.data)
    get_vofa_id                              0x20000057   Data           1  usart.o(.data)
    set_motor_flag                           0x20000058   Data           1  usart.o(.data)
    set_motor_id                             0x20000059   Data           1  usart.o(.data)
    vofa_data                                0x2000005c   Data           8  usart.o(.data)
    uwTickFreq                               0x20000064   Data           1  stm32f7xx_hal.o(.data)
    uwTickPrio                               0x20000068   Data           4  stm32f7xx_hal.o(.data)
    uwTick                                   0x2000006c   Data           4  stm32f7xx_hal.o(.data)
    SystemCoreClock                          0x20000070   Data           4  system_stm32f7xx.o(.data)
    pxCurrentTCB                             0x20000074   Data           4  tasks.o(.data)
    HS_Desc                                  0x200000d4   Data          32  usbd_desc.o(.data)
    USBD_LangIDDesc                          0x200000f4   Data           4  usbd_desc.o(.data)
    USBD_HS_DeviceDesc                       0x200000f8   Data          18  usbd_desc.o(.data)
    USBD_HS_BOSDesc                          0x2000010c   Data          12  usbd_desc.o(.data)
    USBD_StringSerial                        0x20000118   Data          26  usbd_desc.o(.data)
    USBD_Interface_fops_HS                   0x20000134   Data          20  usbd_cdc_if.o(.data)
    hcdc                                     0x20000148   Data           4  usbd_cdc_if.o(.data)
    USBD_CDC                                 0x200001a4   Data          56  usbd_cdc.o(.data)
    usbBuffer                                0x200001dc   Data       86504  user_usb.o(.bss)
    UART1_Rx_Buf                             0x200153c4   Data          16  main.o(.bss)
    GyroData                                 0x20015628   Data          12  freertos.o(.bss)
    motor_date_send                          0x20015634   Data          16  freertos.o(.bss)
    boardConfig                              0x20015644   Data         408  can.o(.bss)
    hcan1                                    0x200157dc   Data          40  can.o(.bss)
    hi2c1                                    0x20015804   Data          84  i2c.o(.bss)
    hspi1                                    0x20015858   Data         100  spi.o(.bss)
    hspi2                                    0x200158bc   Data         100  spi.o(.bss)
    hdma_spi1_tx                             0x20015920   Data          96  spi.o(.bss)
    hdma_spi2_tx                             0x20015980   Data          96  spi.o(.bss)
    huart4                                   0x200159e0   Data         136  usart.o(.bss)
    huart1                                   0x20015a68   Data         136  usart.o(.bss)
    hdma_uart4_rx                            0x20015af0   Data          96  usart.o(.bss)
    hdma_usart1_rx                           0x20015b50   Data          96  usart.o(.bss)
    hdma_usart1_tx                           0x20015bb0   Data          96  usart.o(.bss)
    htim14                                   0x20015c10   Data          76  stm32f7xx_hal_timebase_tim.o(.bss)
    hUsbDeviceHS                             0x2001994c   Data         732  usb_device.o(.bss)
    USBD_StrDesc                             0x20019c28   Data         512  usbd_desc.o(.bss)
    hpcd_USB_OTG_HS                          0x20019e28   Data        1248  usbd_conf.o(.bss)
    __libspace_start                         0x2001a308   Data          96  libspace.o(.bss)
    __temporary_stack_top$libspace           0x2001a368   Data           0  libspace.o(.bss)



==============================================================================

Memory Map of the image

  Image Entry point : 0x080001e1

  Load Region LR_IROM1 (Base: 0x08000000, Size: 0x00008b2c, Max: 0x00080000, ABSOLUTE, COMPRESSED[0x00008a1c])

    Execution Region ER_IROM1 (Exec base: 0x08000000, Load base: 0x08000000, Size: 0x00008950, Max: 0x00080000, ABSOLUTE)

    Exec Addr    Load Addr    Size         Type   Attr      Idx    E Section Name        Object

    0x08000000   0x08000000   0x000001e0   Data   RO            3    RESET               startup_stm32f722xx.o
    0x080001e0   0x080001e0   0x00000008   Code   RO         7719  * !!!main             c_w.l(__main.o)
    0x080001e8   0x080001e8   0x00000034   Code   RO         7961    !!!scatter          c_w.l(__scatter.o)
    0x0800021c   0x0800021c   0x0000005a   Code   RO         7959    !!dczerorl2         c_w.l(__dczerorl2.o)
    0x08000276   0x08000276   0x00000002   PAD
    0x08000278   0x08000278   0x0000001c   Code   RO         7963    !!handler_zi        c_w.l(__scatter_zi.o)
    0x08000294   0x08000294   0x00000002   Code   RO         7896    .ARM.Collect$$libinit$$00000000  c_w.l(libinit.o)
    0x08000296   0x08000296   0x00000004   Code   RO         7777    .ARM.Collect$$libinit$$00000001  c_w.l(libinit2.o)
    0x0800029a   0x0800029a   0x00000000   Code   RO         7780    .ARM.Collect$$libinit$$00000004  c_w.l(libinit2.o)
    0x0800029a   0x0800029a   0x00000008   Code   RO         7781    .ARM.Collect$$libinit$$00000005  c_w.l(libinit2.o)
    0x080002a2   0x080002a2   0x00000000   Code   RO         7783    .ARM.Collect$$libinit$$0000000A  c_w.l(libinit2.o)
    0x080002a2   0x080002a2   0x00000000   Code   RO         7785    .ARM.Collect$$libinit$$0000000C  c_w.l(libinit2.o)
    0x080002a2   0x080002a2   0x00000000   Code   RO         7787    .ARM.Collect$$libinit$$0000000E  c_w.l(libinit2.o)
    0x080002a2   0x080002a2   0x00000000   Code   RO         7790    .ARM.Collect$$libinit$$00000011  c_w.l(libinit2.o)
    0x080002a2   0x080002a2   0x00000000   Code   RO         7792    .ARM.Collect$$libinit$$00000013  c_w.l(libinit2.o)
    0x080002a2   0x080002a2   0x00000000   Code   RO         7794    .ARM.Collect$$libinit$$00000015  c_w.l(libinit2.o)
    0x080002a2   0x080002a2   0x00000000   Code   RO         7796    .ARM.Collect$$libinit$$00000017  c_w.l(libinit2.o)
    0x080002a2   0x080002a2   0x00000000   Code   RO         7798    .ARM.Collect$$libinit$$00000019  c_w.l(libinit2.o)
    0x080002a2   0x080002a2   0x00000000   Code   RO         7800    .ARM.Collect$$libinit$$0000001B  c_w.l(libinit2.o)
    0x080002a2   0x080002a2   0x00000000   Code   RO         7802    .ARM.Collect$$libinit$$0000001D  c_w.l(libinit2.o)
    0x080002a2   0x080002a2   0x00000000   Code   RO         7804    .ARM.Collect$$libinit$$0000001F  c_w.l(libinit2.o)
    0x080002a2   0x080002a2   0x00000000   Code   RO         7806    .ARM.Collect$$libinit$$00000021  c_w.l(libinit2.o)
    0x080002a2   0x080002a2   0x00000000   Code   RO         7808    .ARM.Collect$$libinit$$00000023  c_w.l(libinit2.o)
    0x080002a2   0x080002a2   0x00000000   Code   RO         7810    .ARM.Collect$$libinit$$00000025  c_w.l(libinit2.o)
    0x080002a2   0x080002a2   0x00000000   Code   RO         7814    .ARM.Collect$$libinit$$0000002C  c_w.l(libinit2.o)
    0x080002a2   0x080002a2   0x00000000   Code   RO         7816    .ARM.Collect$$libinit$$0000002E  c_w.l(libinit2.o)
    0x080002a2   0x080002a2   0x00000000   Code   RO         7818    .ARM.Collect$$libinit$$00000030  c_w.l(libinit2.o)
    0x080002a2   0x080002a2   0x00000000   Code   RO         7820    .ARM.Collect$$libinit$$00000032  c_w.l(libinit2.o)
    0x080002a2   0x080002a2   0x00000002   Code   RO         7821    .ARM.Collect$$libinit$$00000033  c_w.l(libinit2.o)
    0x080002a4   0x080002a4   0x00000002   Code   RO         7956    .ARM.Collect$$libshutdown$$00000000  c_w.l(libshutdown.o)
    0x080002a6   0x080002a6   0x00000000   Code   RO         7912    .ARM.Collect$$libshutdown$$00000002  c_w.l(libshutdown2.o)
    0x080002a6   0x080002a6   0x00000000   Code   RO         7914    .ARM.Collect$$libshutdown$$00000004  c_w.l(libshutdown2.o)
    0x080002a6   0x080002a6   0x00000000   Code   RO         7916    .ARM.Collect$$libshutdown$$00000006  c_w.l(libshutdown2.o)
    0x080002a6   0x080002a6   0x00000000   Code   RO         7919    .ARM.Collect$$libshutdown$$00000009  c_w.l(libshutdown2.o)
    0x080002a6   0x080002a6   0x00000000   Code   RO         7922    .ARM.Collect$$libshutdown$$0000000C  c_w.l(libshutdown2.o)
    0x080002a6   0x080002a6   0x00000000   Code   RO         7924    .ARM.Collect$$libshutdown$$0000000E  c_w.l(libshutdown2.o)
    0x080002a6   0x080002a6   0x00000000   Code   RO         7927    .ARM.Collect$$libshutdown$$00000011  c_w.l(libshutdown2.o)
    0x080002a6   0x080002a6   0x00000002   Code   RO         7928    .ARM.Collect$$libshutdown$$00000012  c_w.l(libshutdown2.o)
    0x080002a8   0x080002a8   0x00000000   Code   RO         7743    .ARM.Collect$$rtentry$$00000000  c_w.l(__rtentry.o)
    0x080002a8   0x080002a8   0x00000000   Code   RO         7833    .ARM.Collect$$rtentry$$00000002  c_w.l(__rtentry2.o)
    0x080002a8   0x080002a8   0x00000006   Code   RO         7845    .ARM.Collect$$rtentry$$00000004  c_w.l(__rtentry4.o)
    0x080002ae   0x080002ae   0x00000000   Code   RO         7835    .ARM.Collect$$rtentry$$00000009  c_w.l(__rtentry2.o)
    0x080002ae   0x080002ae   0x00000004   Code   RO         7836    .ARM.Collect$$rtentry$$0000000A  c_w.l(__rtentry2.o)
    0x080002b2   0x080002b2   0x00000000   Code   RO         7838    .ARM.Collect$$rtentry$$0000000C  c_w.l(__rtentry2.o)
    0x080002b2   0x080002b2   0x00000008   Code   RO         7839    .ARM.Collect$$rtentry$$0000000D  c_w.l(__rtentry2.o)
    0x080002ba   0x080002ba   0x00000002   Code   RO         7899    .ARM.Collect$$rtexit$$00000000  c_w.l(rtexit.o)
    0x080002bc   0x080002bc   0x00000000   Code   RO         7932    .ARM.Collect$$rtexit$$00000002  c_w.l(rtexit2.o)
    0x080002bc   0x080002bc   0x00000004   Code   RO         7933    .ARM.Collect$$rtexit$$00000003  c_w.l(rtexit2.o)
    0x080002c0   0x080002c0   0x00000006   Code   RO         7934    .ARM.Collect$$rtexit$$00000004  c_w.l(rtexit2.o)
    0x080002c6   0x080002c6   0x00000002   PAD
    0x080002c8   0x080002c8   0x000000c2   Code   RO         6772    .emb_text           port.o
    0x0800038a   0x0800038a   0x00000002   PAD
    0x0800038c   0x0800038c   0x00000000   Code   RO         7851    .emb_text           c_w.l(maybetermalloc1.o)
    0x0800038c   0x0800038c   0x00000040   Code   RO            4    .text               startup_stm32f722xx.o
    0x080003cc   0x080003cc   0x0000005e   Code   RO         7649    .text               c_w.l(h1_alloc.o)
    0x0800042a   0x0800042a   0x0000004e   Code   RO         7651    .text               c_w.l(h1_free.o)
    0x08000478   0x08000478   0x000000ee   Code   RO         7707    .text               c_w.l(lludivv7m.o)
    0x08000566   0x08000566   0x00000064   Code   RO         7711    .text               c_w.l(rt_memcpy_w.o)
    0x080005ca   0x080005ca   0x0000004e   Code   RO         7715    .text               c_w.l(rt_memclr_w.o)
    0x08000618   0x08000618   0x00000006   Code   RO         7717    .text               c_w.l(heapauxi.o)
    0x0800061e   0x0800061e   0x00000002   PAD
    0x08000620   0x08000620   0x00000008   Code   RO         7751    .text               c_w.l(rt_heap_descriptor_intlibspace.o)
    0x08000628   0x08000628   0x00000004   Code   RO         7753    .text               c_w.l(hguard.o)
    0x0800062c   0x0800062c   0x0000008a   Code   RO         7755    .text               c_w.l(init_alloc.o)
    0x080006b6   0x080006b6   0x0000000e   Code   RO         7759    .text               c_w.l(h1_init.o)
    0x080006c4   0x080006c4   0x00000008   Code   RO         7829    .text               c_w.l(libspace.o)
    0x080006cc   0x080006cc   0x00000034   Code   RO         7853    .text               c_w.l(h1_extend.o)
    0x08000700   0x08000700   0x0000000e   Code   RO         7857    .text               c_w.l(defsig_rtmem_outer.o)
    0x0800070e   0x0800070e   0x00000002   Code   RO         7868    .text               c_w.l(use_no_semi.o)
    0x08000710   0x08000710   0x00000000   Code   RO         7870    .text               c_w.l(indicate_semi.o)
    0x08000710   0x08000710   0x0000004a   Code   RO         7871    .text               c_w.l(sys_stackheap_outer.o)
    0x0800075a   0x0800075a   0x00000012   Code   RO         7877    .text               c_w.l(exit.o)
    0x0800076c   0x0800076c   0x0000000a   Code   RO         7879    .text               c_w.l(defsig_exit.o)
    0x08000776   0x08000776   0x00000002   PAD
    0x08000778   0x08000778   0x00000050   Code   RO         7885    .text               c_w.l(defsig_rtmem_inner.o)
    0x080007c8   0x080007c8   0x0000000c   Code   RO         7897    .text               c_w.l(sys_exit.o)
    0x080007d4   0x080007d4   0x00000032   Code   RO         7907    .text               c_w.l(defsig_general.o)
    0x08000806   0x08000806   0x0000000e   Code   RO         7929    .text               c_w.l(sys_wrch.o)
    0x08000814   0x08000814   0x00000002   Code   RO          879    i.BusFault_Handler  stm32f7xx_it.o
    0x08000816   0x08000816   0x00000002   PAD
    0x08000818   0x08000818   0x0000003c   Code   RO          602    i.CAN1_Filterinit_And_Start  can.o
    0x08000854   0x08000854   0x0000000c   Code   RO          880    i.CAN1_RX0_IRQHandler  stm32f7xx_it.o
    0x08000860   0x08000860   0x00000004   Code   RO         6979    i.CDC_Control_HS    usbd_cdc_if.o
    0x08000864   0x08000864   0x00000004   Code   RO         6980    i.CDC_DeInit_HS     usbd_cdc_if.o
    0x08000868   0x08000868   0x00000038   Code   RO         6981    i.CDC_Init_HS       usbd_cdc_if.o
    0x080008a0   0x080008a0   0x00000058   Code   RO         6982    i.CDC_Receive_HS    usbd_cdc_if.o
    0x080008f8   0x080008f8   0x00000004   Code   RO         6983    i.CDC_TransmitCplt_HS  usbd_cdc_if.o
    0x080008fc   0x080008fc   0x00000034   Code   RO         6984    i.CDC_Transmit_HS   usbd_cdc_if.o
    0x08000930   0x08000930   0x00000040   Code   RO          603    i.Can_Get_uint8     can.o
    0x08000970   0x08000970   0x00000048   Code   RO          604    i.Can_Send_float    can.o
    0x080009b8   0x080009b8   0x00000040   Code   RO          606    i.Can_Send_uint8    can.o
    0x080009f8   0x080009f8   0x0000000c   Code   RO          881    i.DMA1_Stream2_IRQHandler  stm32f7xx_it.o
    0x08000a04   0x08000a04   0x0000000c   Code   RO          882    i.DMA1_Stream4_IRQHandler  stm32f7xx_it.o
    0x08000a10   0x08000a10   0x0000000c   Code   RO          883    i.DMA2_Stream2_IRQHandler  stm32f7xx_it.o
    0x08000a1c   0x08000a1c   0x0000000c   Code   RO          884    i.DMA2_Stream3_IRQHandler  stm32f7xx_it.o
    0x08000a28   0x08000a28   0x0000000c   Code   RO          885    i.DMA2_Stream7_IRQHandler  stm32f7xx_it.o
    0x08000a34   0x08000a34   0x00000028   Code   RO         2178    i.DMA_CalcBaseAndBitshift  stm32f7xx_hal_dma.o
    0x08000a5c   0x08000a5c   0x00000054   Code   RO         2179    i.DMA_CheckFifoParam  stm32f7xx_hal_dma.o
    0x08000ab0   0x08000ab0   0x00000028   Code   RO         2180    i.DMA_SetConfig     stm32f7xx_hal_dma.o
    0x08000ad8   0x08000ad8   0x00000002   Code   RO          886    i.DebugMon_Handler  stm32f7xx_it.o
    0x08000ada   0x08000ada   0x00000004   Code   RO          405    i.Error_Handler     main.o
    0x08000ade   0x08000ade   0x0000000e   Code   RO          225    i.GetExtraDataRxPtr  user_usb.o
    0x08000aec   0x08000aec   0x0000002c   Code   RO          226    i.GetLcdBufferPtr   user_usb.o
    0x08000b18   0x08000b18   0x00000038   Code   RO          227    i.GetPingPongBufferPtr  user_usb.o
    0x08000b50   0x08000b50   0x00000024   Code   RO         3473    i.HAL_CAN_ActivateNotification  stm32f7xx_hal_can.o
    0x08000b74   0x08000b74   0x000000e6   Code   RO         3474    i.HAL_CAN_AddTxMessage  stm32f7xx_hal_can.o
    0x08000c5a   0x08000c5a   0x00000002   PAD
    0x08000c5c   0x08000c5c   0x000000ee   Code   RO         3475    i.HAL_CAN_ConfigFilter  stm32f7xx_hal_can.o
    0x08000d4a   0x08000d4a   0x00000002   Code   RO         3478    i.HAL_CAN_ErrorCallback  stm32f7xx_hal_can.o
    0x08000d4c   0x08000d4c   0x00000102   Code   RO         3481    i.HAL_CAN_GetRxMessage  stm32f7xx_hal_can.o
    0x08000e4e   0x08000e4e   0x000001fc   Code   RO         3485    i.HAL_CAN_IRQHandler  stm32f7xx_hal_can.o
    0x0800104a   0x0800104a   0x0000011a   Code   RO         3486    i.HAL_CAN_Init      stm32f7xx_hal_can.o
    0x08001164   0x08001164   0x00000074   Code   RO          608    i.HAL_CAN_MspInit   can.o
    0x080011d8   0x080011d8   0x00000002   Code   RO         3493    i.HAL_CAN_RxFifo0FullCallback  stm32f7xx_hal_can.o
    0x080011da   0x080011da   0x00000002   PAD
    0x080011dc   0x080011dc   0x00000128   Code   RO          609    i.HAL_CAN_RxFifo0MsgPendingCallback  can.o
    0x08001304   0x08001304   0x00000002   Code   RO         3495    i.HAL_CAN_RxFifo1FullCallback  stm32f7xx_hal_can.o
    0x08001306   0x08001306   0x00000002   Code   RO         3496    i.HAL_CAN_RxFifo1MsgPendingCallback  stm32f7xx_hal_can.o
    0x08001308   0x08001308   0x00000002   Code   RO         3497    i.HAL_CAN_SleepCallback  stm32f7xx_hal_can.o
    0x0800130a   0x0800130a   0x00000002   PAD
    0x0800130c   0x0800130c   0x00000058   Code   RO         3498    i.HAL_CAN_Start     stm32f7xx_hal_can.o
    0x08001364   0x08001364   0x00000002   Code   RO         3500    i.HAL_CAN_TxMailbox0AbortCallback  stm32f7xx_hal_can.o
    0x08001366   0x08001366   0x00000002   Code   RO         3501    i.HAL_CAN_TxMailbox0CompleteCallback  stm32f7xx_hal_can.o
    0x08001368   0x08001368   0x00000002   Code   RO         3502    i.HAL_CAN_TxMailbox1AbortCallback  stm32f7xx_hal_can.o
    0x0800136a   0x0800136a   0x00000002   Code   RO         3503    i.HAL_CAN_TxMailbox1CompleteCallback  stm32f7xx_hal_can.o
    0x0800136c   0x0800136c   0x00000002   Code   RO         3504    i.HAL_CAN_TxMailbox2AbortCallback  stm32f7xx_hal_can.o
    0x0800136e   0x0800136e   0x00000002   Code   RO         3505    i.HAL_CAN_TxMailbox2CompleteCallback  stm32f7xx_hal_can.o
    0x08001370   0x08001370   0x00000002   Code   RO         3507    i.HAL_CAN_WakeUpFromRxMsgCallback  stm32f7xx_hal_can.o
    0x08001372   0x08001372   0x00000092   Code   RO         2181    i.HAL_DMA_Abort     stm32f7xx_hal_dma.o
    0x08001404   0x08001404   0x00000024   Code   RO         2182    i.HAL_DMA_Abort_IT  stm32f7xx_hal_dma.o
    0x08001428   0x08001428   0x000001a0   Code   RO         2186    i.HAL_DMA_IRQHandler  stm32f7xx_hal_dma.o
    0x080015c8   0x080015c8   0x000000e4   Code   RO         2187    i.HAL_DMA_Init      stm32f7xx_hal_dma.o
    0x080016ac   0x080016ac   0x0000007a   Code   RO         2191    i.HAL_DMA_Start_IT  stm32f7xx_hal_dma.o
    0x08001726   0x08001726   0x00000002   PAD
    0x08001728   0x08001728   0x00000024   Code   RO         2695    i.HAL_Delay         stm32f7xx_hal.o
    0x0800174c   0x0800174c   0x00000224   Code   RO         2115    i.HAL_GPIO_Init     stm32f7xx_hal_gpio.o
    0x08001970   0x08001970   0x0000000a   Code   RO         2119    i.HAL_GPIO_WritePin  stm32f7xx_hal_gpio.o
    0x0800197a   0x0800197a   0x00000002   PAD
    0x0800197c   0x0800197c   0x0000000c   Code   RO         2703    i.HAL_GetTick       stm32f7xx_hal.o
    0x08001988   0x08001988   0x00000058   Code   RO         3358    i.HAL_I2CEx_ConfigAnalogFilter  stm32f7xx_hal_i2c_ex.o
    0x080019e0   0x080019e0   0x00000054   Code   RO         3359    i.HAL_I2CEx_ConfigDigitalFilter  stm32f7xx_hal_i2c_ex.o
    0x08001a34   0x08001a34   0x000000c0   Code   RO         2897    i.HAL_I2C_Init      stm32f7xx_hal_i2c.o
    0x08001af4   0x08001af4   0x00000164   Code   RO         2915    i.HAL_I2C_Mem_Read  stm32f7xx_hal_i2c.o
    0x08001c58   0x08001c58   0x00000158   Code   RO         2918    i.HAL_I2C_Mem_Write  stm32f7xx_hal_i2c.o
    0x08001db0   0x08001db0   0x00000088   Code   RO          716    i.HAL_I2C_MspInit   i2c.o
    0x08001e38   0x08001e38   0x00000010   Code   RO         2709    i.HAL_IncTick       stm32f7xx_hal.o
    0x08001e48   0x08001e48   0x00000016   Code   RO         2710    i.HAL_Init          stm32f7xx_hal.o
    0x08001e5e   0x08001e5e   0x00000002   PAD
    0x08001e60   0x08001e60   0x00000098   Code   RO         1021    i.HAL_InitTick      stm32f7xx_hal_timebase_tim.o
    0x08001ef8   0x08001ef8   0x0000005c   Code   RO         2541    i.HAL_MPU_ConfigRegion  stm32f7xx_hal_cortex.o
    0x08001f54   0x08001f54   0x0000001c   Code   RO         2542    i.HAL_MPU_Disable   stm32f7xx_hal_cortex.o
    0x08001f70   0x08001f70   0x00000024   Code   RO         2544    i.HAL_MPU_Enable    stm32f7xx_hal_cortex.o
    0x08001f94   0x08001f94   0x00000038   Code   RO          997    i.HAL_MspInit       stm32f7xx_hal_msp.o
    0x08001fcc   0x08001fcc   0x0000001a   Code   RO         2548    i.HAL_NVIC_EnableIRQ  stm32f7xx_hal_cortex.o
    0x08001fe6   0x08001fe6   0x00000002   PAD
    0x08001fe8   0x08001fe8   0x00000040   Code   RO         2554    i.HAL_NVIC_SetPriority  stm32f7xx_hal_cortex.o
    0x08002028   0x08002028   0x00000024   Code   RO         2555    i.HAL_NVIC_SetPriorityGrouping  stm32f7xx_hal_cortex.o
    0x0800204c   0x0800204c   0x00000028   Code   RO         1409    i.HAL_PCDEx_ActivateLPM  stm32f7xx_hal_pcd_ex.o
    0x08002074   0x08002074   0x00000060   Code   RO         7042    i.HAL_PCDEx_LPM_Callback  usbd_conf.o
    0x080020d4   0x080020d4   0x00000008   Code   RO         1413    i.HAL_PCDEx_SetRxFiFo  stm32f7xx_hal_pcd_ex.o
    0x080020dc   0x080020dc   0x00000046   Code   RO         1414    i.HAL_PCDEx_SetTxFiFo  stm32f7xx_hal_pcd_ex.o
    0x08002122   0x08002122   0x00000008   Code   RO         7043    i.HAL_PCD_ConnectCallback  usbd_conf.o
    0x0800212a   0x0800212a   0x00000012   Code   RO         7044    i.HAL_PCD_DataInStageCallback  usbd_conf.o
    0x0800213c   0x0800213c   0x00000014   Code   RO         7045    i.HAL_PCD_DataOutStageCallback  usbd_conf.o
    0x08002150   0x08002150   0x00000008   Code   RO         7046    i.HAL_PCD_DisconnectCallback  usbd_conf.o
    0x08002158   0x08002158   0x0000001e   Code   RO         1180    i.HAL_PCD_EP_Abort  stm32f7xx_hal_pcd.o
    0x08002176   0x08002176   0x0000004a   Code   RO         1181    i.HAL_PCD_EP_Close  stm32f7xx_hal_pcd.o
    0x080021c0   0x080021c0   0x0000005a   Code   RO         1182    i.HAL_PCD_EP_ClrStall  stm32f7xx_hal_pcd.o
    0x0800221a   0x0800221a   0x00000012   Code   RO         1184    i.HAL_PCD_EP_GetRxCount  stm32f7xx_hal_pcd.o
    0x0800222c   0x0800222c   0x0000005e   Code   RO         1185    i.HAL_PCD_EP_Open   stm32f7xx_hal_pcd.o
    0x0800228a   0x0800228a   0x00000034   Code   RO         1186    i.HAL_PCD_EP_Receive  stm32f7xx_hal_pcd.o
    0x080022be   0x080022be   0x00000072   Code   RO         1187    i.HAL_PCD_EP_SetStall  stm32f7xx_hal_pcd.o
    0x08002330   0x08002330   0x00000034   Code   RO         1188    i.HAL_PCD_EP_Transmit  stm32f7xx_hal_pcd.o
    0x08002364   0x08002364   0x00000594   Code   RO         1190    i.HAL_PCD_IRQHandler  stm32f7xx_hal_pcd.o
    0x080028f8   0x080028f8   0x00000008   Code   RO         7047    i.HAL_PCD_ISOINIncompleteCallback  usbd_conf.o
    0x08002900   0x08002900   0x00000008   Code   RO         7048    i.HAL_PCD_ISOOUTIncompleteCallback  usbd_conf.o
    0x08002908   0x08002908   0x000000d8   Code   RO         1193    i.HAL_PCD_Init      stm32f7xx_hal_pcd.o
    0x080029e0   0x080029e0   0x000000ec   Code   RO         7050    i.HAL_PCD_MspInit   usbd_conf.o
    0x08002acc   0x08002acc   0x0000002c   Code   RO         7051    i.HAL_PCD_ResetCallback  usbd_conf.o
    0x08002af8   0x08002af8   0x00000008   Code   RO         7052    i.HAL_PCD_ResumeCallback  usbd_conf.o
    0x08002b00   0x08002b00   0x00000008   Code   RO         7053    i.HAL_PCD_SOFCallback  usbd_conf.o
    0x08002b08   0x08002b08   0x00000026   Code   RO         1199    i.HAL_PCD_SetAddress  stm32f7xx_hal_pcd.o
    0x08002b2e   0x08002b2e   0x0000000e   Code   RO         7054    i.HAL_PCD_SetupStageCallback  usbd_conf.o
    0x08002b3c   0x08002b3c   0x0000002a   Code   RO         1202    i.HAL_PCD_Start     stm32f7xx_hal_pcd.o
    0x08002b66   0x08002b66   0x00000002   PAD
    0x08002b68   0x08002b68   0x00000030   Code   RO         7055    i.HAL_PCD_SuspendCallback  usbd_conf.o
    0x08002b98   0x08002b98   0x0000006c   Code   RO         2455    i.HAL_PWREx_EnableOverDrive  stm32f7xx_hal_pwr_ex.o
    0x08002c04   0x08002c04   0x00000450   Code   RO         1876    i.HAL_RCCEx_PeriphCLKConfig  stm32f7xx_hal_rcc_ex.o
    0x08003054   0x08003054   0x00000130   Code   RO         1769    i.HAL_RCC_ClockConfig  stm32f7xx_hal_rcc.o
    0x08003184   0x08003184   0x00000040   Code   RO         1773    i.HAL_RCC_GetClockConfig  stm32f7xx_hal_rcc.o
    0x080031c4   0x080031c4   0x0000000c   Code   RO         1774    i.HAL_RCC_GetHCLKFreq  stm32f7xx_hal_rcc.o
    0x080031d0   0x080031d0   0x00000020   Code   RO         1776    i.HAL_RCC_GetPCLK1Freq  stm32f7xx_hal_rcc.o
    0x080031f0   0x080031f0   0x00000020   Code   RO         1777    i.HAL_RCC_GetPCLK2Freq  stm32f7xx_hal_rcc.o
    0x08003210   0x08003210   0x00000064   Code   RO         1778    i.HAL_RCC_GetSysClockFreq  stm32f7xx_hal_rcc.o
    0x08003274   0x08003274   0x00000384   Code   RO         1781    i.HAL_RCC_OscConfig  stm32f7xx_hal_rcc.o
    0x080035f8   0x080035f8   0x00000002   Code   RO         3713    i.HAL_SPI_ErrorCallback  stm32f7xx_hal_spi.o
    0x080035fa   0x080035fa   0x00000002   PAD
    0x080035fc   0x080035fc   0x000000f2   Code   RO         3717    i.HAL_SPI_Init      stm32f7xx_hal_spi.o
    0x080036ee   0x080036ee   0x00000002   PAD
    0x080036f0   0x080036f0   0x00000178   Code   RO          760    i.HAL_SPI_MspInit   spi.o
    0x08003868   0x08003868   0x00000190   Code   RO         3725    i.HAL_SPI_Transmit  stm32f7xx_hal_spi.o
    0x080039f8   0x080039f8   0x0000011c   Code   RO         3729    i.HAL_SPI_Transmit_DMA  stm32f7xx_hal_spi.o
    0x08003b14   0x08003b14   0x0000000c   Code   RO           13    i.HAL_SPI_TxCpltCallback  screen.o
    0x08003b20   0x08003b20   0x00000002   Code   RO         3732    i.HAL_SPI_TxHalfCpltCallback  stm32f7xx_hal_spi.o
    0x08003b22   0x08003b22   0x00000002   Code   RO         4773    i.HAL_TIMEx_Break2Callback  stm32f7xx_hal_tim_ex.o
    0x08003b24   0x08003b24   0x00000002   Code   RO         4774    i.HAL_TIMEx_BreakCallback  stm32f7xx_hal_tim_ex.o
    0x08003b26   0x08003b26   0x00000002   Code   RO         4775    i.HAL_TIMEx_CommutCallback  stm32f7xx_hal_tim_ex.o
    0x08003b28   0x08003b28   0x00000062   Code   RO         4059    i.HAL_TIM_Base_Init  stm32f7xx_hal_tim.o
    0x08003b8a   0x08003b8a   0x00000002   Code   RO         4061    i.HAL_TIM_Base_MspInit  stm32f7xx_hal_tim.o
    0x08003b8c   0x08003b8c   0x0000008c   Code   RO         4064    i.HAL_TIM_Base_Start_IT  stm32f7xx_hal_tim.o
    0x08003c18   0x08003c18   0x00000002   Code   RO         4093    i.HAL_TIM_IC_CaptureCallback  stm32f7xx_hal_tim.o
    0x08003c1a   0x08003c1a   0x00000148   Code   RO         4107    i.HAL_TIM_IRQHandler  stm32f7xx_hal_tim.o
    0x08003d62   0x08003d62   0x00000002   Code   RO         4110    i.HAL_TIM_OC_DelayElapsedCallback  stm32f7xx_hal_tim.o
    0x08003d64   0x08003d64   0x00000002   Code   RO         4137    i.HAL_TIM_PWM_PulseFinishedCallback  stm32f7xx_hal_tim.o
    0x08003d66   0x08003d66   0x00000002   PAD
    0x08003d68   0x08003d68   0x00000014   Code   RO          406    i.HAL_TIM_PeriodElapsedCallback  main.o
    0x08003d7c   0x08003d7c   0x00000002   Code   RO         4150    i.HAL_TIM_TriggerCallback  stm32f7xx_hal_tim.o
    0x08003d7e   0x08003d7e   0x00000002   Code   RO         5061    i.HAL_UARTEx_RxEventCallback  stm32f7xx_hal_uart.o
    0x08003d80   0x08003d80   0x00000002   Code   RO         5077    i.HAL_UART_ErrorCallback  stm32f7xx_hal_uart.o
    0x08003d82   0x08003d82   0x00000002   PAD
    0x08003d84   0x08003d84   0x00000298   Code   RO         5080    i.HAL_UART_IRQHandler  stm32f7xx_hal_uart.o
    0x0800401c   0x0800401c   0x00000066   Code   RO         5081    i.HAL_UART_Init     stm32f7xx_hal_uart.o
    0x08004082   0x08004082   0x00000002   PAD
    0x08004084   0x08004084   0x0000019c   Code   RO          818    i.HAL_UART_MspInit  usart.o
    0x08004220   0x08004220   0x0000003c   Code   RO         5085    i.HAL_UART_Receive_DMA  stm32f7xx_hal_uart.o
    0x0800425c   0x0800425c   0x0000005c   Code   RO          819    i.HAL_UART_RxCpltCallback  usart.o
    0x080042b8   0x080042b8   0x00000002   Code   RO         5089    i.HAL_UART_RxHalfCpltCallback  stm32f7xx_hal_uart.o
    0x080042ba   0x080042ba   0x000000a6   Code   RO         5090    i.HAL_UART_Transmit  stm32f7xx_hal_uart.o
    0x08004360   0x08004360   0x00000002   Code   RO         5093    i.HAL_UART_TxCpltCallback  stm32f7xx_hal_uart.o
    0x08004362   0x08004362   0x00000002   Code   RO          887    i.HardFault_Handler  stm32f7xx_it.o
    0x08004364   0x08004364   0x00000022   Code   RO         2944    i.I2C_Flush_TXDR    stm32f7xx_hal_i2c.o
    0x08004386   0x08004386   0x00000002   PAD
    0x08004388   0x08004388   0x00000110   Code   RO         2952    i.I2C_IsErrorOccurred  stm32f7xx_hal_i2c.o
    0x08004498   0x08004498   0x00000064   Code   RO         2957    i.I2C_RequestMemoryRead  stm32f7xx_hal_i2c.o
    0x080044fc   0x080044fc   0x00000064   Code   RO         2958    i.I2C_RequestMemoryWrite  stm32f7xx_hal_i2c.o
    0x08004560   0x08004560   0x00000030   Code   RO         2961    i.I2C_TransferConfig  stm32f7xx_hal_i2c.o
    0x08004590   0x08004590   0x0000007c   Code   RO         2963    i.I2C_WaitOnFlagUntilTimeout  stm32f7xx_hal_i2c.o
    0x0800460c   0x0800460c   0x00000058   Code   RO         2965    i.I2C_WaitOnSTOPFlagUntilTimeout  stm32f7xx_hal_i2c.o
    0x08004664   0x08004664   0x0000005c   Code   RO         2966    i.I2C_WaitOnTXISFlagUntilTimeout  stm32f7xx_hal_i2c.o
    0x080046c0   0x080046c0   0x00000038   Code   RO         6887    i.IntToUnicode      usbd_desc.o
    0x080046f8   0x080046f8   0x00000028   Code   RO          323    i.MPU6050ReadGyro   mpu6050.o
    0x08004720   0x08004720   0x00000022   Code   RO          324    i.MPU6050ReadID     mpu6050.o
    0x08004742   0x08004742   0x00000046   Code   RO          326    i.MPU6050_Init      mpu6050.o
    0x08004788   0x08004788   0x0000001c   Code   RO          327    i.MPU6050_ReadData  mpu6050.o
    0x080047a4   0x080047a4   0x00000024   Code   RO          329    i.MPU6050_WriteReg  mpu6050.o
    0x080047c8   0x080047c8   0x00000016   Code   RO          330    i.MPU_INT_Init      mpu6050.o
    0x080047de   0x080047de   0x00000002   PAD
    0x080047e0   0x080047e0   0x00000044   Code   RO          610    i.MX_CAN1_Init      can.o
    0x08004824   0x08004824   0x0000007c   Code   RO          691    i.MX_DMA_Init       dma.o
    0x080048a0   0x080048a0   0x00000054   Code   RO          533    i.MX_FREERTOS_Init  freertos.o
    0x080048f4   0x080048f4   0x000000ac   Code   RO          509    i.MX_GPIO_Init      gpio.o
    0x080049a0   0x080049a0   0x00000058   Code   RO          717    i.MX_I2C1_Init      i2c.o
    0x080049f8   0x080049f8   0x0000004c   Code   RO          761    i.MX_SPI1_Init      spi.o
    0x08004a44   0x08004a44   0x0000004c   Code   RO          762    i.MX_SPI2_Init      spi.o
    0x08004a90   0x08004a90   0x0000003c   Code   RO          820    i.MX_UART4_Init     usart.o
    0x08004acc   0x08004acc   0x0000003c   Code   RO          821    i.MX_USART1_UART_Init  usart.o
    0x08004b08   0x08004b08   0x00000054   Code   RO         6852    i.MX_USB_DEVICE_Init  usb_device.o
    0x08004b5c   0x08004b5c   0x00000002   Code   RO          888    i.MemManage_Handler  stm32f7xx_it.o
    0x08004b5e   0x08004b5e   0x00000002   Code   RO          889    i.NMI_Handler       stm32f7xx_it.o
    0x08004b60   0x08004b60   0x0000000c   Code   RO          890    i.OTG_HS_IRQHandler  stm32f7xx_it.o
    0x08004b6c   0x08004b6c   0x000000cc   Code   RO         1206    i.PCD_EP_OutXfrComplete_int  stm32f7xx_hal_pcd.o
    0x08004c38   0x08004c38   0x000000a2   Code   RO         1207    i.PCD_WriteEmptyTxFifo  stm32f7xx_hal_pcd.o
    0x08004cda   0x08004cda   0x00000002   PAD
    0x08004cdc   0x08004cdc   0x00000018   Code   RO          228    i.ReceiveUsbPacketUntilSizeIs  user_usb.o
    0x08004cf4   0x08004cf4   0x00000022   Code   RO         3745    i.SPI_DMAError      stm32f7xx_hal_spi.o
    0x08004d16   0x08004d16   0x0000000a   Code   RO         3747    i.SPI_DMAHalfTransmitCplt  stm32f7xx_hal_spi.o
    0x08004d20   0x08004d20   0x00000064   Code   RO         3751    i.SPI_DMATransmitCplt  stm32f7xx_hal_spi.o
    0x08004d84   0x08004d84   0x00000080   Code   RO         3755    i.SPI_EndRxTxTransaction  stm32f7xx_hal_spi.o
    0x08004e04   0x08004e04   0x000000dc   Code   RO         3760    i.SPI_WaitFifoStateUntilTimeout  stm32f7xx_hal_spi.o
    0x08004ee0   0x08004ee0   0x000000b8   Code   RO         3761    i.SPI_WaitFlagStateUntilTimeout  stm32f7xx_hal_spi.o
    0x08004f98   0x08004f98   0x0000000a   Code   RO         7402    i.SWAPBYTE          usbd_ctlreq.o
    0x08004fa2   0x08004fa2   0x00000002   PAD
    0x08004fa4   0x08004fa4   0x00000018   Code   RO           14    i.Screen_Reset      screen.o
    0x08004fbc   0x08004fbc   0x00000018   Code   RO           15    i.Screen_SetDataOrCommand  screen.o
    0x08004fd4   0x08004fd4   0x00000054   Code   RO           16    i.Screen_SetWindow  screen.o
    0x08005028   0x08005028   0x0000002c   Code   RO           17    i.Screen_WriteFrameBuffer  screen.o
    0x08005054   0x08005054   0x00000014   Code   RO          229    i.SendUsbPacket     user_usb.o
    0x08005068   0x08005068   0x00000180   Code   RO          534    i.StartDefaultTask  freertos.o
    0x080051e8   0x080051e8   0x00000188   Code   RO          535    i.StartTask03       freertos.o
    0x08005370   0x08005370   0x00000028   Code   RO          230    i.SwitchPingPongBuffer  user_usb.o
    0x08005398   0x08005398   0x00000030   Code   RO         6773    i.SysTick_Handler   port.o
    0x080053c8   0x080053c8   0x000000a0   Code   RO          407    i.SystemClock_Config  main.o
    0x08005468   0x08005468   0x00000010   Code   RO         5499    i.SystemInit        system_stm32f7xx.o
    0x08005478   0x08005478   0x0000000c   Code   RO          891    i.TIM8_TRG_COM_TIM14_IRQHandler  stm32f7xx_it.o
    0x08005484   0x08005484   0x000000d8   Code   RO         4152    i.TIM_Base_SetConfig  stm32f7xx_hal_tim.o
    0x0800555c   0x0800555c   0x0000000c   Code   RO          892    i.UART4_IRQHandler  stm32f7xx_it.o
    0x08005568   0x08005568   0x000000c8   Code   RO         5095    i.UART_AdvFeatureConfig  stm32f7xx_hal_uart.o
    0x08005630   0x08005630   0x0000005a   Code   RO         5096    i.UART_CheckIdleState  stm32f7xx_hal_uart.o
    0x0800568a   0x0800568a   0x00000014   Code   RO         5097    i.UART_DMAAbortOnError  stm32f7xx_hal_uart.o
    0x0800569e   0x0800569e   0x0000004c   Code   RO         5098    i.UART_DMAError     stm32f7xx_hal_uart.o
    0x080056ea   0x080056ea   0x00000082   Code   RO         5099    i.UART_DMAReceiveCplt  stm32f7xx_hal_uart.o
    0x0800576c   0x0800576c   0x00000020   Code   RO         5101    i.UART_DMARxHalfCplt  stm32f7xx_hal_uart.o
    0x0800578c   0x0800578c   0x0000004c   Code   RO         5107    i.UART_EndRxTransfer  stm32f7xx_hal_uart.o
    0x080057d8   0x080057d8   0x00000018   Code   RO         5108    i.UART_EndTxTransfer  stm32f7xx_hal_uart.o
    0x080057f0   0x080057f0   0x00000230   Code   RO         5111    i.UART_SetConfig    stm32f7xx_hal_uart.o
    0x08005a20   0x08005a20   0x000000a0   Code   RO         5112    i.UART_Start_Receive_DMA  stm32f7xx_hal_uart.o
    0x08005ac0   0x08005ac0   0x00000094   Code   RO         5116    i.UART_WaitOnFlagUntilTimeout  stm32f7xx_hal_uart.o
    0x08005b54   0x08005b54   0x0000000c   Code   RO          893    i.USART1_IRQHandler  stm32f7xx_it.o
    0x08005b60   0x08005b60   0x00000076   Code   RO         7540    i.USBD_CDC_DataIn   usbd_cdc.o
    0x08005bd6   0x08005bd6   0x0000003c   Code   RO         7541    i.USBD_CDC_DataOut  usbd_cdc.o
    0x08005c12   0x08005c12   0x00000002   PAD
    0x08005c14   0x08005c14   0x00000090   Code   RO         7542    i.USBD_CDC_DeInit   usbd_cdc.o
    0x08005ca4   0x08005ca4   0x00000036   Code   RO         7543    i.USBD_CDC_EP0_RxReady  usbd_cdc.o
    0x08005cda   0x08005cda   0x00000002   PAD
    0x08005cdc   0x08005cdc   0x0000000c   Code   RO         7544    i.USBD_CDC_GetDeviceQualifierDescriptor  usbd_cdc.o
    0x08005ce8   0x08005ce8   0x00000040   Code   RO         7545    i.USBD_CDC_GetFSCfgDesc  usbd_cdc.o
    0x08005d28   0x08005d28   0x00000040   Code   RO         7546    i.USBD_CDC_GetHSCfgDesc  usbd_cdc.o
    0x08005d68   0x08005d68   0x00000040   Code   RO         7547    i.USBD_CDC_GetOtherSpeedCfgDesc  usbd_cdc.o
    0x08005da8   0x08005da8   0x0000011c   Code   RO         7548    i.USBD_CDC_Init     usbd_cdc.o
    0x08005ec4   0x08005ec4   0x00000016   Code   RO         7550    i.USBD_CDC_RegisterInterface  usbd_cdc.o
    0x08005eda   0x08005eda   0x0000001a   Code   RO         7551    i.USBD_CDC_SetRxBuffer  usbd_cdc.o
    0x08005ef4   0x08005ef4   0x0000001e   Code   RO         7552    i.USBD_CDC_SetTxBuffer  usbd_cdc.o
    0x08005f12   0x08005f12   0x000000ce   Code   RO         7553    i.USBD_CDC_Setup    usbd_cdc.o
    0x08005fe0   0x08005fe0   0x00000050   Code   RO         7554    i.USBD_CDC_TransmitPacket  usbd_cdc.o
    0x08006030   0x08006030   0x00000014   Code   RO         7243    i.USBD_ClrClassConfig  usbd_core.o
    0x08006044   0x08006044   0x00000004   Code   RO         7244    i.USBD_CoreFindEP   usbd_core.o
    0x08006048   0x08006048   0x00000004   Code   RO         7245    i.USBD_CoreFindIF   usbd_core.o
    0x0800604c   0x0800604c   0x00000010   Code   RO         7480    i.USBD_CtlContinueRx  usbd_ioreq.o
    0x0800605c   0x0800605c   0x00000010   Code   RO         7481    i.USBD_CtlContinueSendData  usbd_ioreq.o
    0x0800606c   0x0800606c   0x00000016   Code   RO         7403    i.USBD_CtlError     usbd_ctlreq.o
    0x08006082   0x08006082   0x0000001e   Code   RO         7482    i.USBD_CtlPrepareRx  usbd_ioreq.o
    0x080060a0   0x080060a0   0x00000016   Code   RO         7483    i.USBD_CtlReceiveStatus  usbd_ioreq.o
    0x080060b6   0x080060b6   0x0000001a   Code   RO         7484    i.USBD_CtlSendData  usbd_ioreq.o
    0x080060d0   0x080060d0   0x00000016   Code   RO         7485    i.USBD_CtlSendStatus  usbd_ioreq.o
    0x080060e6   0x080060e6   0x000000fa   Code   RO         7404    i.USBD_GetDescriptor  usbd_ctlreq.o
    0x080061e0   0x080061e0   0x0000003a   Code   RO         7247    i.USBD_GetEpDesc    usbd_core.o
    0x0800621a   0x0800621a   0x00000014   Code   RO         7405    i.USBD_GetLen       usbd_ctlreq.o
    0x0800622e   0x0800622e   0x0000000e   Code   RO         7248    i.USBD_GetNextDesc  usbd_core.o
    0x0800623c   0x0800623c   0x0000004e   Code   RO         7406    i.USBD_GetString    usbd_ctlreq.o
    0x0800628a   0x0800628a   0x00000018   Code   RO         7056    i.USBD_Get_USB_Status  usbd_conf.o
    0x080062a2   0x080062a2   0x00000002   PAD
    0x080062a4   0x080062a4   0x00000020   Code   RO         6888    i.USBD_HS_ConfigStrDescriptor  usbd_desc.o
    0x080062c4   0x080062c4   0x0000000c   Code   RO         6889    i.USBD_HS_DeviceDescriptor  usbd_desc.o
    0x080062d0   0x080062d0   0x00000024   Code   RO         6890    i.USBD_HS_InterfaceStrDescriptor  usbd_desc.o
    0x080062f4   0x080062f4   0x0000000c   Code   RO         6891    i.USBD_HS_LangIDStrDescriptor  usbd_desc.o
    0x08006300   0x08006300   0x00000028   Code   RO         6892    i.USBD_HS_ManufacturerStrDescriptor  usbd_desc.o
    0x08006328   0x08006328   0x0000002c   Code   RO         6893    i.USBD_HS_ProductStrDescriptor  usbd_desc.o
    0x08006354   0x08006354   0x0000003c   Code   RO         6894    i.USBD_HS_SerialStrDescriptor  usbd_desc.o
    0x08006390   0x08006390   0x0000000c   Code   RO         6895    i.USBD_HS_USR_BOSDescriptor  usbd_desc.o
    0x0800639c   0x0800639c   0x00000026   Code   RO         7249    i.USBD_Init         usbd_core.o
    0x080063c2   0x080063c2   0x00000012   Code   RO         7057    i.USBD_LL_ClearStallEP  usbd_conf.o
    0x080063d4   0x080063d4   0x00000012   Code   RO         7058    i.USBD_LL_CloseEP   usbd_conf.o
    0x080063e6   0x080063e6   0x000000b8   Code   RO         7250    i.USBD_LL_DataInStage  usbd_core.o
    0x0800649e   0x0800649e   0x00000090   Code   RO         7251    i.USBD_LL_DataOutStage  usbd_core.o
    0x0800652e   0x0800652e   0x00000004   Code   RO         7252    i.USBD_LL_DevConnected  usbd_core.o
    0x08006532   0x08006532   0x00000020   Code   RO         7253    i.USBD_LL_DevDisconnected  usbd_core.o
    0x08006552   0x08006552   0x00000008   Code   RO         7062    i.USBD_LL_GetRxDataSize  usbd_conf.o
    0x0800655a   0x0800655a   0x00000002   PAD
    0x0800655c   0x0800655c   0x00000068   Code   RO         7063    i.USBD_LL_Init      usbd_conf.o
    0x080065c4   0x080065c4   0x0000001e   Code   RO         7064    i.USBD_LL_IsStallEP  usbd_conf.o
    0x080065e2   0x080065e2   0x00000028   Code   RO         7254    i.USBD_LL_IsoINIncomplete  usbd_core.o
    0x0800660a   0x0800660a   0x00000028   Code   RO         7255    i.USBD_LL_IsoOUTIncomplete  usbd_core.o
    0x08006632   0x08006632   0x00000018   Code   RO         7065    i.USBD_LL_OpenEP    usbd_conf.o
    0x0800664a   0x0800664a   0x00000012   Code   RO         7066    i.USBD_LL_PrepareReceive  usbd_conf.o
    0x0800665c   0x0800665c   0x0000005e   Code   RO         7256    i.USBD_LL_Reset     usbd_core.o
    0x080066ba   0x080066ba   0x00000014   Code   RO         7257    i.USBD_LL_Resume    usbd_core.o
    0x080066ce   0x080066ce   0x0000001a   Code   RO         7258    i.USBD_LL_SOF       usbd_core.o
    0x080066e8   0x080066e8   0x00000006   Code   RO         7259    i.USBD_LL_SetSpeed  usbd_core.o
    0x080066ee   0x080066ee   0x00000012   Code   RO         7067    i.USBD_LL_SetUSBAddress  usbd_conf.o
    0x08006700   0x08006700   0x00000060   Code   RO         7260    i.USBD_LL_SetupStage  usbd_core.o
    0x08006760   0x08006760   0x00000012   Code   RO         7068    i.USBD_LL_StallEP   usbd_conf.o
    0x08006772   0x08006772   0x00000012   Code   RO         7069    i.USBD_LL_Start     usbd_conf.o
    0x08006784   0x08006784   0x0000001a   Code   RO         7261    i.USBD_LL_Suspend   usbd_core.o
    0x0800679e   0x0800679e   0x00000012   Code   RO         7071    i.USBD_LL_Transmit  usbd_conf.o
    0x080067b0   0x080067b0   0x0000002a   Code   RO         7407    i.USBD_ParseSetupRequest  usbd_ctlreq.o
    0x080067da   0x080067da   0x0000003a   Code   RO         7262    i.USBD_RegisterClass  usbd_core.o
    0x08006814   0x08006814   0x00000014   Code   RO         7264    i.USBD_SetClassConfig  usbd_core.o
    0x08006828   0x08006828   0x000000bc   Code   RO         7408    i.USBD_SetConfig    usbd_ctlreq.o
    0x080068e4   0x080068e4   0x00000004   Code   RO         7265    i.USBD_Start        usbd_core.o
    0x080068e8   0x080068e8   0x0000012e   Code   RO         7409    i.USBD_StdDevReq    usbd_ctlreq.o
    0x08006a16   0x08006a16   0x00000164   Code   RO         7410    i.USBD_StdEPReq     usbd_ctlreq.o
    0x08006b7a   0x08006b7a   0x00000074   Code   RO         7411    i.USBD_StdItfReq    usbd_ctlreq.o
    0x08006bee   0x08006bee   0x00000002   PAD
    0x08006bf0   0x08006bf0   0x00000080   Code   RO         1464    i.USB_ActivateEndpoint  stm32f7xx_ll_usb.o
    0x08006c70   0x08006c70   0x0000001c   Code   RO         1466    i.USB_ActivateSetup  stm32f7xx_ll_usb.o
    0x08006c8c   0x08006c8c   0x000000a8   Code   RO         1468    i.USB_CoreInit      stm32f7xx_ll_usb.o
    0x08006d34   0x08006d34   0x0000003c   Code   RO         1469    i.USB_CoreReset     stm32f7xx_ll_usb.o
    0x08006d70   0x08006d70   0x000000cc   Code   RO         1472    i.USB_DeactivateEndpoint  stm32f7xx_ll_usb.o
    0x08006e3c   0x08006e3c   0x0000001c   Code   RO         1473    i.USB_DevConnect    stm32f7xx_ll_usb.o
    0x08006e58   0x08006e58   0x0000001c   Code   RO         1474    i.USB_DevDisconnect  stm32f7xx_ll_usb.o
    0x08006e74   0x08006e74   0x00000178   Code   RO         1475    i.USB_DevInit       stm32f7xx_ll_usb.o
    0x08006fec   0x08006fec   0x0000000c   Code   RO         1476    i.USB_DisableGlobalInt  stm32f7xx_ll_usb.o
    0x08006ff8   0x08006ff8   0x00000058   Code   RO         1479    i.USB_EP0_OutStart  stm32f7xx_ll_usb.o
    0x08007050   0x08007050   0x00000058   Code   RO         1480    i.USB_EPClearStall  stm32f7xx_ll_usb.o
    0x080070a8   0x080070a8   0x00000058   Code   RO         1481    i.USB_EPSetStall    stm32f7xx_ll_usb.o
    0x08007100   0x08007100   0x00000238   Code   RO         1482    i.USB_EPStartXfer   stm32f7xx_ll_usb.o
    0x08007338   0x08007338   0x0000009e   Code   RO         1483    i.USB_EPStopXfer    stm32f7xx_ll_usb.o
    0x080073d6   0x080073d6   0x0000000c   Code   RO         1484    i.USB_EnableGlobalInt  stm32f7xx_ll_usb.o
    0x080073e2   0x080073e2   0x00000038   Code   RO         1485    i.USB_FlushRxFifo   stm32f7xx_ll_usb.o
    0x0800741a   0x0800741a   0x0000003c   Code   RO         1486    i.USB_FlushTxFifo   stm32f7xx_ll_usb.o
    0x08007456   0x08007456   0x0000001a   Code   RO         1488    i.USB_GetDevSpeed   stm32f7xx_ll_usb.o
    0x08007470   0x08007470   0x00000008   Code   RO         1490    i.USB_GetMode       stm32f7xx_ll_usb.o
    0x08007478   0x08007478   0x0000000e   Code   RO         1498    i.USB_ReadDevAllInEpInterrupt  stm32f7xx_ll_usb.o
    0x08007486   0x08007486   0x0000000e   Code   RO         1499    i.USB_ReadDevAllOutEpInterrupt  stm32f7xx_ll_usb.o
    0x08007494   0x08007494   0x00000024   Code   RO         1500    i.USB_ReadDevInEPInterrupt  stm32f7xx_ll_usb.o
    0x080074b8   0x080074b8   0x00000010   Code   RO         1501    i.USB_ReadDevOutEPInterrupt  stm32f7xx_ll_usb.o
    0x080074c8   0x080074c8   0x00000008   Code   RO         1502    i.USB_ReadInterrupts  stm32f7xx_ll_usb.o
    0x080074d0   0x080074d0   0x00000040   Code   RO         1503    i.USB_ReadPacket    stm32f7xx_ll_usb.o
    0x08007510   0x08007510   0x0000005e   Code   RO         1505    i.USB_SetCurrentMode  stm32f7xx_ll_usb.o
    0x0800756e   0x0800756e   0x00000022   Code   RO         1506    i.USB_SetDevAddress  stm32f7xx_ll_usb.o
    0x08007590   0x08007590   0x000000e8   Code   RO         1508    i.USB_SetTurnaroundTime  stm32f7xx_ll_usb.o
    0x08007678   0x08007678   0x00000028   Code   RO         1511    i.USB_WritePacket   stm32f7xx_ll_usb.o
    0x080076a0   0x080076a0   0x00000002   Code   RO          894    i.UsageFault_Handler  stm32f7xx_it.o
    0x080076a2   0x080076a2   0x00000002   PAD
    0x080076a4   0x080076a4   0x00000018   Code   RO           18    i.Write1Byte        screen.o
    0x080076bc   0x080076bc   0x00000018   Code   RO           19    i.WriteCommand      screen.o
    0x080076d4   0x080076d4   0x00000030   Code   RO           20    i.WriteData         screen.o
    0x08007704   0x08007704   0x00000022   Code   RO         2561    i.__NVIC_SetPriority  stm32f7xx_hal_cortex.o
    0x08007726   0x08007726   0x00000002   PAD
    0x08007728   0x08007728   0x000000b4   Code   RO          408    i.main              main.o
    0x080077dc   0x080077dc   0x0000000e   Code   RO         6341    i.makeFreeRtosPriority  cmsis_os.o
    0x080077ea   0x080077ea   0x0000000e   Code   RO         6343    i.osDelay           cmsis_os.o
    0x080077f8   0x080077f8   0x0000000a   Code   RO         6346    i.osKernelStart     cmsis_os.o
    0x08007802   0x08007802   0x00000054   Code   RO         6380    i.osThreadCreate    cmsis_os.o
    0x08007856   0x08007856   0x00000002   PAD
    0x08007858   0x08007858   0x00000070   Code   RO         6032    i.prvAddCurrentTaskToDelayedList  tasks.o
    0x080078c8   0x080078c8   0x000000d0   Code   RO         6033    i.prvAddNewTaskToReadyList  tasks.o
    0x08007998   0x08007998   0x00000038   Code   RO         6034    i.prvDeleteTCB      tasks.o
    0x080079d0   0x080079d0   0x00000050   Code   RO         6711    i.prvHeapInit       heap_4.o
    0x08007a20   0x08007a20   0x00000060   Code   RO         6035    i.prvIdleTask       tasks.o
    0x08007a80   0x08007a80   0x0000009e   Code   RO         6036    i.prvInitialiseNewTask  tasks.o
    0x08007b1e   0x08007b1e   0x00000002   PAD
    0x08007b20   0x08007b20   0x0000004c   Code   RO         6712    i.prvInsertBlockIntoFreeList  heap_4.o
    0x08007b6c   0x08007b6c   0x00000020   Code   RO         6037    i.prvResetNextTaskUnblockTime  tasks.o
    0x08007b8c   0x08007b8c   0x00000030   Code   RO         6774    i.prvTaskExitError  port.o
    0x08007bbc   0x08007bbc   0x000000e4   Code   RO         6713    i.pvPortMalloc      heap_4.o
    0x08007ca0   0x08007ca0   0x00000030   Code   RO         6775    i.pxPortInitialiseStack  port.o
    0x08007cd0   0x08007cd0   0x00000074   Code   RO          822    i.report_SendData   usart.o
    0x08007d44   0x08007d44   0x000004b4   Code   RO           21    i.screen_init       screen.o
    0x080081f8   0x080081f8   0x000000b8   Code   RO          536    i.screen_task       freertos.o
    0x080082b0   0x080082b0   0x00000026   Code   RO         5668    i.uxListRemove      list.o
    0x080082d6   0x080082d6   0x00000002   PAD
    0x080082d8   0x080082d8   0x00000018   Code   RO          537    i.vApplicationGetIdleTaskMemory  freertos.o
    0x080082f0   0x080082f0   0x00000016   Code   RO         5669    i.vListInitialise   list.o
    0x08008306   0x08008306   0x00000006   Code   RO         5670    i.vListInitialiseItem  list.o
    0x0800830c   0x0800830c   0x00000030   Code   RO         5671    i.vListInsert       list.o
    0x0800833c   0x0800833c   0x00000018   Code   RO         5672    i.vListInsertEnd    list.o
    0x08008354   0x08008354   0x00000048   Code   RO         6777    i.vPortEnterCritical  port.o
    0x0800839c   0x0800839c   0x0000002c   Code   RO         6778    i.vPortExitCritical  port.o
    0x080083c8   0x080083c8   0x00000064   Code   RO         6714    i.vPortFree         heap_4.o
    0x0800842c   0x0800842c   0x00000024   Code   RO         6779    i.vPortSetupTimerInterrupt  port.o
    0x08008450   0x08008450   0x00000050   Code   RO         6045    i.vTaskDelay        tasks.o
    0x080084a0   0x080084a0   0x00000070   Code   RO         6058    i.vTaskStartScheduler  tasks.o
    0x08008510   0x08008510   0x00000010   Code   RO         6060    i.vTaskSuspendAll   tasks.o
    0x08008520   0x08008520   0x00000060   Code   RO         6061    i.vTaskSwitchContext  tasks.o
    0x08008580   0x08008580   0x000000c0   Code   RO         6781    i.xPortStartScheduler  port.o
    0x08008640   0x08008640   0x0000005a   Code   RO         6063    i.xTaskCreate       tasks.o
    0x0800869a   0x0800869a   0x0000005e   Code   RO         6064    i.xTaskCreateStatic  tasks.o
    0x080086f8   0x080086f8   0x000000cc   Code   RO         6071    i.xTaskIncrementTick  tasks.o
    0x080087c4   0x080087c4   0x000000c8   Code   RO         6077    i.xTaskResumeAll    tasks.o
    0x0800888c   0x0800888c   0x0000000a   Code   RO         7866    x$fpl$fpinit        fz_wm.l(fpinit.o)
    0x08008896   0x08008896   0x00000002   PAD
    0x08008898   0x08008898   0x00000054   Data   RO          540    .constdata          freertos.o
    0x080088ec   0x080088ec   0x00000008   Data   RO         2193    .constdata          stm32f7xx_hal_dma.o
    0x080088f4   0x080088f4   0x00000010   Data   RO         5500    .constdata          system_stm32f7xx.o
    0x08008904   0x08008904   0x00000008   Data   RO         5501    .constdata          system_stm32f7xx.o
    0x0800890c   0x0800890c   0x00000024   Data   RO          541    .conststring        freertos.o
    0x08008930   0x08008930   0x00000020   Data   RO         7957    Region$$Table       anon$$obj.o


    Execution Region RW_IRAM1 (Exec base: 0x20000000, Load base: 0x08008950, Size: 0x0001ad68, Max: 0x00040000, ABSOLUTE, COMPRESSED[0x000000cc])

    Exec Addr    Load Addr    Size         Type   Attr      Idx    E Section Name        Object

    0x20000000   COMPRESSED   0x00000001   Data   RW           24    .data               screen.o
    0x20000001   COMPRESSED   0x00000003   PAD
    0x20000004   COMPRESSED   0x00000008   Data   RW          232    .data               user_usb.o
    0x2000000c   COMPRESSED   0x0000001e   Data   RW          542    .data               freertos.o
    0x2000002a   COMPRESSED   0x00000029   Data   RW          614    .data               can.o
    0x20000053   COMPRESSED   0x00000001   PAD
    0x20000054   COMPRESSED   0x00000010   Data   RW          824    .data               usart.o
    0x20000064   COMPRESSED   0x0000000c   Data   RW         2717    .data               stm32f7xx_hal.o
    0x20000070   COMPRESSED   0x00000004   Data   RW         5502    .data               system_stm32f7xx.o
    0x20000074   COMPRESSED   0x0000003c   Data   RW         6080    .data               tasks.o
    0x200000b0   COMPRESSED   0x00000018   Data   RW         6719    .data               heap_4.o
    0x200000c8   COMPRESSED   0x0000000c   Data   RW         6782    .data               port.o
    0x200000d4   COMPRESSED   0x00000020   Data   RW         6897    .data               usbd_desc.o
    0x200000f4   COMPRESSED   0x0000003e   Data   RW         6898    .data               usbd_desc.o
    0x20000132   COMPRESSED   0x00000002   PAD
    0x20000134   COMPRESSED   0x00000014   Data   RW         6987    .data               usbd_cdc_if.o
    0x20000148   COMPRESSED   0x00000004   Data   RW         6988    .data               usbd_cdc_if.o
    0x2000014c   COMPRESSED   0x00000001   Data   RW         7412    .data               usbd_ctlreq.o
    0x2000014d   COMPRESSED   0x00000003   PAD
    0x20000150   COMPRESSED   0x00000053   Data   RW         7555    .data               usbd_cdc.o
    0x200001a3   COMPRESSED   0x00000001   PAD
    0x200001a4   COMPRESSED   0x00000038   Data   RW         7556    .data               usbd_cdc.o
    0x200001dc        -       0x000151e8   Zero   RW          231    .bss                user_usb.o
    0x200153c4        -       0x00000010   Zero   RW          409    .bss                main.o
    0x200153d4        -       0x00000270   Zero   RW          538    .bss                freertos.o
    0x20015644        -       0x000001c0   Zero   RW          612    .bss                can.o
    0x20015804        -       0x00000054   Zero   RW          718    .bss                i2c.o
    0x20015858        -       0x00000188   Zero   RW          763    .bss                spi.o
    0x200159e0        -       0x00000230   Zero   RW          823    .bss                usart.o
    0x20015c10        -       0x0000004c   Zero   RW         1024    .bss                stm32f7xx_hal_timebase_tim.o
    0x20015c5c        -       0x000000f0   Zero   RW         6079    .bss                tasks.o
    0x20015d4c        -       0x00003c00   Zero   RW         6718    .bss                heap_4.o
    0x2001994c        -       0x000002dc   Zero   RW         6853    .bss                usb_device.o
    0x20019c28        -       0x00000200   Zero   RW         6896    .bss                usbd_desc.o
    0x20019e28        -       0x000004e0   Zero   RW         7072    .bss                usbd_conf.o
    0x2001a308        -       0x00000060   Zero   RW         7830    .bss                c_w.l(libspace.o)
    0x2001a368        -       0x00000600   Zero   RW            2    HEAP                startup_stm32f722xx.o
    0x2001a968        -       0x00000400   Zero   RW            1    STACK               startup_stm32f722xx.o


==============================================================================

Image component sizes


      Code (inc. data)   RO Data    RW Data    ZI Data      Debug   Object Name

       740         88          0         41        448       7624   can.o
       122          0          0          0          0      25557   cmsis_os.o
         0          0          0          0          0       7408   croutine.o
       124          4          0          0          0        846   dma.o
         0          0          0          0          0      18240   event_groups.o
      1068        104        120         30        624       6055   freertos.o
       172         14          0          0          0        971   gpio.o
       484         24          0         24      15360       7375   heap_4.o
       224         26          0          0         84       1785   i2c.o
       138          0          0          0          0       3542   list.o
       364         26          0          0         16      32355   main.o
       230          8          0          0          0       3790   mpu6050.o
       682         70          0         12          0      11040   port.o
      1488         38          0          1          0     783529   screen.o
       528         50          0          0        392       2760   spi.o
        64         26        480          0       2560        848   startup_stm32f722xx.o
        86         14          0         12          0       8342   stm32f7xx_hal.o
      1664          0          0          0          0      14355   stm32f7xx_hal_can.o
       316         28          0          0          0      40328   stm32f7xx_hal_cortex.o
      1112         16          8          0          0       7398   stm32f7xx_hal_dma.o
       558         46          0          0          0       2248   stm32f7xx_hal_gpio.o
      1750         38          0          0          0      12378   stm32f7xx_hal_i2c.o
       172          0          0          0          0       1967   stm32f7xx_hal_i2c_ex.o
        56          4          0          0          0        870   stm32f7xx_hal_msp.o
      2614         16          0          0          0      13660   stm32f7xx_hal_pcd.o
       118          6          0          0          0       2492   stm32f7xx_hal_pcd_ex.o
       108          8          0          0          0       1264   stm32f7xx_hal_pwr_ex.o
      1444         82          0          0          0       6349   stm32f7xx_hal_rcc.o
      1104         18          0          0          0       2140   stm32f7xx_hal_rcc_ex.o
      1606         32          0          0          0       9954   stm32f7xx_hal_spi.o
       792         78          0          0          0       7540   stm32f7xx_hal_tim.o
         6          0          0          0          0       2184   stm32f7xx_hal_tim_ex.o
       152         20          0          0         76     773976   stm32f7xx_hal_timebase_tim.o
      2516         88          0          0          0      15929   stm32f7xx_hal_uart.o
       132         60          0          0          0       7608   stm32f7xx_it.o
      2736        114          0          0          0      23232   stm32f7xx_ll_usb.o
         0          0          0          0          0        392   stream_buffer.o
        16          4         24          4          0       1127   system_stm32f7xx.o
      1554        108          0         60        240      19650   tasks.o
         0          0          0          0          0       2488   timers.o
       740         76          0         16        560       4634   usart.o
        84         18          0          0        732        828   usb_device.o
      1228         34          0        139          0      13780   usbd_cdc.o
       208         32          0         24          0       4103   usbd_cdc_if.o
       840         40          0          0       1248      16749   usbd_conf.o
       932          0          0          0          0      15563   usbd_core.o
      1384         22          0          1          0      15492   usbd_ctlreq.o
       304        110          0         94        512       6905   usbd_desc.o
       132          0          0          0          0       4572   usbd_ioreq.o
       198         36          0          8      86504      12001   user_usb.o

    ----------------------------------------------------------------------
     33148       1626        664        476     109356    1986223   Object Totals
         0          0         32          0          0          0   (incl. Generated)
        58          0          0         10          0          0   (incl. Padding)

    ----------------------------------------------------------------------

      Code (inc. data)   RO Data    RW Data    ZI Data      Debug   Library Member Name

        90          0          0          0          0          0   __dczerorl2.o
         8          0          0          0          0         68   __main.o
         0          0          0          0          0          0   __rtentry.o
        12          0          0          0          0          0   __rtentry2.o
         6          0          0          0          0          0   __rtentry4.o
        52          8          0          0          0          0   __scatter.o
        28          0          0          0          0          0   __scatter_zi.o
        10          0          0          0          0         68   defsig_exit.o
        50          0          0          0          0         88   defsig_general.o
        80         58          0          0          0         76   defsig_rtmem_inner.o
        14          0          0          0          0         80   defsig_rtmem_outer.o
        18          0          0          0          0         80   exit.o
        94          0          0          0          0         80   h1_alloc.o
        52          0          0          0          0         68   h1_extend.o
        78          0          0          0          0         80   h1_free.o
        14          0          0          0          0         84   h1_init.o
         6          0          0          0          0        152   heapauxi.o
         4          0          0          0          0        136   hguard.o
         0          0          0          0          0          0   indicate_semi.o
       138          0          0          0          0        168   init_alloc.o
         2          0          0          0          0          0   libinit.o
        14          0          0          0          0          0   libinit2.o
         2          0          0          0          0          0   libshutdown.o
         2          0          0          0          0          0   libshutdown2.o
         8          4          0          0         96         68   libspace.o
       238          0          0          0          0        100   lludivv7m.o
         0          0          0          0          0          0   maybetermalloc1.o
         8          4          0          0          0         68   rt_heap_descriptor_intlibspace.o
        78          0          0          0          0         80   rt_memclr_w.o
       100          0          0          0          0         80   rt_memcpy_w.o
         2          0          0          0          0          0   rtexit.o
        10          0          0          0          0          0   rtexit2.o
        12          4          0          0          0         68   sys_exit.o
        74          0          0          0          0         80   sys_stackheap_outer.o
        14          0          0          0          0         76   sys_wrch.o
         2          0          0          0          0         68   use_no_semi.o
        10          0          0          0          0        116   fpinit.o

    ----------------------------------------------------------------------
      1340         78          0          0         96       2032   Library Totals
        10          0          0          0          0          0   (incl. Padding)

    ----------------------------------------------------------------------

      Code (inc. data)   RO Data    RW Data    ZI Data      Debug   Library Name

      1320         78          0          0         96       1916   c_w.l
        10          0          0          0          0        116   fz_wm.l

    ----------------------------------------------------------------------
      1340         78          0          0         96       2032   Library Totals

    ----------------------------------------------------------------------

==============================================================================


      Code (inc. data)   RO Data    RW Data    ZI Data      Debug   

     34488       1704        664        476     109452    1953567   Grand Totals
     34488       1704        664        204     109452    1953567   ELF Image Totals (compressed)
     34488       1704        664        204          0          0   ROM Totals

==============================================================================

    Total RO  Size (Code + RO Data)                35152 (  34.33kB)
    Total RW  Size (RW Data + ZI Data)            109928 ( 107.35kB)
    Total ROM Size (Code + RO Data + RW Data)      35356 (  34.53kB)

==============================================================================

