Component: ARM Compiler 5.06 update 7 (build 960) Tool: armlink [4d3601]

==============================================================================

Section Cross References

    startup_stm32f407xx.o(RESET) refers to startup_stm32f407xx.o(STACK) for __initial_sp
    startup_stm32f407xx.o(RESET) refers to startup_stm32f407xx.o(.text) for Reset_Handler
    startup_stm32f407xx.o(RESET) refers to stm32f4xx_it.o(i.NMI_Handler) for NMI_Handler
    startup_stm32f407xx.o(RESET) refers to stm32f4xx_it.o(i.HardFault_Handler) for HardFault_Handler
    startup_stm32f407xx.o(RESET) refers to stm32f4xx_it.o(i.MemManage_Handler) for MemManage_Handler
    startup_stm32f407xx.o(RESET) refers to stm32f4xx_it.o(i.BusFault_Handler) for BusFault_Handler
    startup_stm32f407xx.o(RESET) refers to stm32f4xx_it.o(i.UsageFault_Handler) for UsageFault_Handler
    startup_stm32f407xx.o(RESET) refers to stm32f4xx_it.o(i.SVC_Handler) for SVC_Handler
    startup_stm32f407xx.o(RESET) refers to stm32f4xx_it.o(i.DebugMon_Handler) for DebugMon_Handler
    startup_stm32f407xx.o(RESET) refers to stm32f4xx_it.o(i.PendSV_Handler) for PendSV_Handler
    startup_stm32f407xx.o(RESET) refers to stm32f4xx_it.o(i.SysTick_Handler) for SysTick_Handler
    startup_stm32f407xx.o(RESET) refers to stm32f4xx_it.o(i.TIM8_TRG_COM_TIM14_IRQHandler) for TIM8_TRG_COM_TIM14_IRQHandler
    startup_stm32f407xx.o(RESET) refers to stm32f4xx_it.o(i.DMA2_Stream3_IRQHandler) for DMA2_Stream3_IRQHandler
    startup_stm32f407xx.o(RESET) refers to stm32f4xx_it.o(i.OTG_FS_IRQHandler) for OTG_FS_IRQHandler
    startup_stm32f407xx.o(.text) refers to system_stm32f4xx.o(i.SystemInit) for SystemInit
    startup_stm32f407xx.o(.text) refers to entry.o(.ARM.Collect$$$$00000000) for __main
    user_usb.o(i.GetLcdBufferPtr) refers to user_usb.o(.bss) for .bss
    user_usb.o(i.GetPingPongBufferPtr) refers to user_usb.o(.bss) for .bss
    user_usb.o(i.ReceiveUsbPacketUntilSizeIs) refers to user_usb.o(.bss) for .bss
    user_usb.o(i.SwitchPingPongBuffer) refers to user_usb.o(.data) for .data
    user_usb.o(i.SwitchPingPongBuffer) refers to user_usb.o(.bss) for .bss
    screen.o(i.Screen_Reset) refers to stm32f4xx_hal_gpio.o(i.HAL_GPIO_WritePin) for HAL_GPIO_WritePin
    screen.o(i.Screen_SetDataOrCommand) refers to stm32f4xx_hal_gpio.o(i.HAL_GPIO_WritePin) for HAL_GPIO_WritePin
    screen.o(i.Screen_SetWindow) refers to screen.o(i.WriteCommand) for WriteCommand
    screen.o(i.Screen_SetWindow) refers to screen.o(i.WriteData) for WriteData
    screen.o(i.Screen_WriteFrameBuffer) refers to screen.o(i.WriteCommand) for WriteCommand
    screen.o(i.Screen_WriteFrameBuffer) refers to screen.o(i.WriteData) for WriteData
    screen.o(i.Screen_WriteFrameBuffer) refers to screen.o(.data) for .data
    screen.o(i.Write1Byte) refers to screen.o(i.Screen_SetDataOrCommand) for Screen_SetDataOrCommand
    screen.o(i.Write1Byte) refers to stm32f4xx_hal_spi.o(i.HAL_SPI_Transmit) for HAL_SPI_Transmit
    screen.o(i.Write1Byte) refers to spi.o(.bss) for hspi1
    screen.o(i.WriteCommand) refers to screen.o(i.Screen_SetDataOrCommand) for Screen_SetDataOrCommand
    screen.o(i.WriteCommand) refers to stm32f4xx_hal_spi.o(i.HAL_SPI_Transmit) for HAL_SPI_Transmit
    screen.o(i.WriteCommand) refers to spi.o(.bss) for hspi1
    screen.o(i.WriteData) refers to screen.o(i.Screen_SetDataOrCommand) for Screen_SetDataOrCommand
    screen.o(i.WriteData) refers to stm32f4xx_hal_spi.o(i.HAL_SPI_Transmit_DMA) for HAL_SPI_Transmit_DMA
    screen.o(i.WriteData) refers to stm32f4xx_hal_spi.o(i.HAL_SPI_Transmit) for HAL_SPI_Transmit
    screen.o(i.WriteData) refers to spi.o(.bss) for hspi1
    screen.o(i.screen_init) refers to stm32f4xx_hal_gpio.o(i.HAL_GPIO_WritePin) for HAL_GPIO_WritePin
    screen.o(i.screen_init) refers to stm32f4xx_hal.o(i.HAL_Delay) for HAL_Delay
    screen.o(i.screen_init) refers to screen.o(i.Screen_Reset) for Screen_Reset
    screen.o(i.screen_init) refers to screen.o(i.WriteCommand) for WriteCommand
    screen.o(i.screen_init) refers to screen.o(i.Write1Byte) for Write1Byte
    main.o(i.HAL_TIM_PeriodElapsedCallback) refers to stm32f4xx_hal.o(i.HAL_IncTick) for HAL_IncTick
    main.o(i.SystemClock_Config) refers to memseta.o(.text) for __aeabi_memclr4
    main.o(i.SystemClock_Config) refers to stm32f4xx_hal_rcc.o(i.HAL_RCC_OscConfig) for HAL_RCC_OscConfig
    main.o(i.SystemClock_Config) refers to stm32f4xx_hal_rcc.o(i.HAL_RCC_ClockConfig) for HAL_RCC_ClockConfig
    main.o(i.main) refers to stm32f4xx_hal.o(i.HAL_Init) for HAL_Init
    main.o(i.main) refers to main.o(i.SystemClock_Config) for SystemClock_Config
    main.o(i.main) refers to gpio.o(i.MX_GPIO_Init) for MX_GPIO_Init
    main.o(i.main) refers to dma.o(i.MX_DMA_Init) for MX_DMA_Init
    main.o(i.main) refers to spi.o(i.MX_SPI1_Init) for MX_SPI1_Init
    main.o(i.main) refers to usb_device.o(i.MX_USB_DEVICE_Init) for MX_USB_DEVICE_Init
    main.o(i.main) refers to screen.o(i.screen_init) for screen_init
[...]
    i.HAL_PCD_IRQHandler                     0x08000d88   Section        0  stm32f4xx_hal_pcd.o(i.HAL_PCD_IRQHandler)
    i.HAL_PCD_ISOINIncompleteCallback        0x080011bc   Section        0  usbd_conf.o(i.HAL_PCD_ISOINIncompleteCallback)
    i.HAL_PCD_ISOOUTIncompleteCallback       0x080011c4   Section        0  usbd_conf.o(i.HAL_PCD_ISOOUTIncompleteCallback)
    i.HAL_PCD_Init                           0x080011cc   Section        0  stm32f4xx_hal_pcd.o(i.HAL_PCD_Init)
    i.HAL_PCD_MspInit                        0x080012b0   Section        0  usbd_conf.o(i.HAL_PCD_MspInit)
    i.HAL_PCD_ResetCallback                  0x08001334   Section        0  usbd_conf.o(i.HAL_PCD_ResetCallback)
    i.HAL_PCD_ResumeCallback                 0x08001360   Section        0  usbd_conf.o(i.HAL_PCD_ResumeCallback)
    i.HAL_PCD_SOFCallback                    0x08001368   Section        0  usbd_conf.o(i.HAL_PCD_SOFCallback)
    i.HAL_PCD_SetAddress                     0x08001370   Section        0  stm32f4xx_hal_pcd.o(i.HAL_PCD_SetAddress)
    i.HAL_PCD_SetupStageCallback             0x08001398   Section        0  usbd_conf.o(i.HAL_PCD_SetupStageCallback)
    i.HAL_PCD_Start                          0x080013a6   Section        0  stm32f4xx_hal_pcd.o(i.HAL_PCD_Start)
    i.HAL_PCD_SuspendCallback                0x080013e8   Section        0  usbd_conf.o(i.HAL_PCD_SuspendCallback)
    i.HAL_RCC_ClockConfig                    0x08001418   Section        0  stm32f4xx_hal_rcc.o(i.HAL_RCC_ClockConfig)
    i.HAL_RCC_GetClockConfig                 0x0800154c   Section        0  stm32f4xx_hal_rcc.o(i.HAL_RCC_GetClockConfig)
    i.HAL_RCC_GetHCLKFreq                    0x0800158c   Section        0  stm32f4xx_hal_rcc.o(i.HAL_RCC_GetHCLKFreq)
    i.HAL_RCC_GetPCLK1Freq                   0x08001598   Section        0  stm32f4xx_hal_rcc.o(i.HAL_RCC_GetPCLK1Freq)
    i.HAL_RCC_GetSysClockFreq                0x080015b8   Section        0  stm32f4xx_hal_rcc.o(i.HAL_RCC_GetSysClockFreq)
    i.HAL_RCC_OscConfig                      0x08001618   Section        0  stm32f4xx_hal_rcc.o(i.HAL_RCC_OscConfig)
    i.HAL_SPI_ErrorCallback                  0x08001984   Section        0  stm32f4xx_hal_spi.o(i.HAL_SPI_ErrorCallback)
    i.HAL_SPI_Init                           0x08001986   Section        0  stm32f4xx_hal_spi.o(i.HAL_SPI_Init)
    i.HAL_SPI_MspInit                        0x08001a44   Section        0  spi.o(i.HAL_SPI_MspInit)
    i.HAL_SPI_Transmit                       0x08001b04   Section        0  stm32f4xx_hal_spi.o(i.HAL_SPI_Transmit)
    i.HAL_SPI_Transmit_DMA                   0x08001c6c   Section        0  stm32f4xx_hal_spi.o(i.HAL_SPI_Transmit_DMA)
    i.HAL_SPI_TxCpltCallback                 0x08001d50   Section        0  stm32f4xx_hal_spi.o(i.HAL_SPI_TxCpltCallback)
    i.HAL_SPI_TxHalfCpltCallback             0x08001d52   Section        0  stm32f4xx_hal_spi.o(i.HAL_SPI_TxHalfCpltCallback)
    i.HAL_TIMEx_BreakCallback                0x08001d54   Section        0  stm32f4xx_hal_tim_ex.o(i.HAL_TIMEx_BreakCallback)
    i.HAL_TIMEx_CommutCallback               0x08001d56   Section        0  stm32f4xx_hal_tim_ex.o(i.HAL_TIMEx_CommutCallback)
    i.HAL_TIM_Base_Init                      0x08001d58   Section        0  stm32f4xx_hal_tim.o(i.HAL_TIM_Base_Init)
    i.HAL_TIM_Base_MspInit                   0x08001db2   Section        0  stm32f4xx_hal_tim.o(i.HAL_TIM_Base_MspInit)
    i.HAL_TIM_Base_Start_IT                  0x08001db4   Section        0  stm32f4xx_hal_tim.o(i.HAL_TIM_Base_Start_IT)
    i.HAL_TIM_IC_CaptureCallback             0x08001e34   Section        0  stm32f4xx_hal_tim.o(i.HAL_TIM_IC_CaptureCallback)
    i.HAL_TIM_IRQHandler                     0x08001e36   Section        0  stm32f4xx_hal_tim.o(i.HAL_TIM_IRQHandler)
    i.HAL_TIM_OC_DelayElapsedCallback        0x08001f9c   Section        0  stm32f4xx_hal_tim.o(i.HAL_TIM_OC_DelayElapsedCallback)
    i.HAL_TIM_PWM_PulseFinishedCallback      0x08001f9e   Section        0  stm32f4xx_hal_tim.o(i.HAL_TIM_PWM_PulseFinishedCallback)
    i.HAL_TIM_PeriodElapsedCallback          0x08001fa0   Section        0  main.o(i.HAL_TIM_PeriodElapsedCallback)
    i.HAL_TIM_TriggerCallback                0x08001fb4   Section        0  stm32f4xx_hal_tim.o(i.HAL_TIM_TriggerCallback)
    i.HardFault_Handler                      0x08001fb6   Section        0  stm32f4xx_it.o(i.HardFault_Handler)
    i.IntToUnicode                           0x08001fb8   Section        0  usbd_desc.o(i.IntToUnicode)
    IntToUnicode                             0x08001fb9   Thumb Code    56  usbd_desc.o(i.IntToUnicode)
    i.MX_DMA_Init                            0x08001ff0   Section        0  dma.o(i.MX_DMA_Init)
    i.MX_GPIO_Init                           0x0800201c   Section        0  gpio.o(i.MX_GPIO_Init)
    i.MX_SPI1_Init                           0x080020c0   Section        0  spi.o(i.MX_SPI1_Init)
    i.MX_USB_DEVICE_Init                     0x08002104   Section        0  usb_device.o(i.MX_USB_DEVICE_Init)
    i.MemManage_Handler                      0x08002158   Section        0  stm32f4xx_it.o(i.MemManage_Handler)
    i.NMI_Handler                            0x0800215a   Section        0  stm32f4xx_it.o(i.NMI_Handler)
    i.OTG_FS_IRQHandler                      0x0800215c   Section        0  stm32f4xx_it.o(i.OTG_FS_IRQHandler)
    i.PCD_EP_OutXfrComplete_int              0x08002168   Section        0  stm32f4xx_hal_pcd.o(i.PCD_EP_OutXfrComplete_int)
    PCD_EP_OutXfrComplete_int                0x08002169   Thumb Code   196  stm32f4xx_hal_pcd.o(i.PCD_EP_OutXfrComplete_int)
    i.PCD_WriteEmptyTxFifo                   0x08002234   Section        0  stm32f4xx_hal_pcd.o(i.PCD_WriteEmptyTxFifo)
    PCD_WriteEmptyTxFifo                     0x08002235   Thumb Code   162  stm32f4xx_hal_pcd.o(i.PCD_WriteEmptyTxFifo)
    i.PendSV_Handler                         0x080022d6   Section        0  stm32f4xx_it.o(i.PendSV_Handler)
    i.SPI_DMAError                           0x080022d8   Section        0  stm32f4xx_hal_spi.o(i.SPI_DMAError)
    SPI_DMAError                             0x080022d9   Thumb Code    34  stm32f4xx_hal_spi.o(i.SPI_DMAError)
    i.SPI_DMAHalfTransmitCplt                0x080022fa   Section        0  stm32f4xx_hal_spi.o(i.SPI_DMAHalfTransmitCplt)
    SPI_DMAHalfTransmitCplt                  0x080022fb   Thumb Code    10  stm32f4xx_hal_spi.o(i.SPI_DMAHalfTransmitCplt)
    i.SPI_DMATransmitCplt                    0x08002304   Section        0  stm32f4xx_hal_spi.o(i.SPI_DMATransmitCplt)
    SPI_DMATransmitCplt                      0x08002305   Thumb Code   100  stm32f4xx_hal_spi.o(i.SPI_DMATransmitCplt)
    i.SPI_EndRxTxTransaction                 0x08002368   Section        0  stm32f4xx_hal_spi.o(i.SPI_EndRxTxTransaction)
    SPI_EndRxTxTransaction                   0x08002369   Thumb Code    80  stm32f4xx_hal_spi.o(i.SPI_EndRxTxTransaction)
    i.SPI_WaitFlagStateUntilTimeout          0x080023c0   Section        0  stm32f4xx_hal_spi.o(i.SPI_WaitFlagStateUntilTimeout)
    SPI_WaitFlagStateUntilTimeout            0x080023c1   Thumb Code   180  stm32f4xx_hal_spi.o(i.SPI_WaitFlagStateUntilTimeout)
    i.SVC_Handler                            0x08002478   Section        0  stm32f4xx_it.o(i.SVC_Handler)
    i.SWAPBYTE                               0x0800247a   Section        0  usbd_ctlreq.o(i.SWAPBYTE)
    SWAPBYTE                                 0x0800247b   Thumb Code    10  usbd_ctlreq.o(i.SWAPBYTE)
    i.Screen_Reset                           0x08002484   Section        0  screen.o(i.Screen_Reset)
    i.Screen_SetDataOrCommand                0x0800249c   Section        0  screen.o(i.Screen_SetDataOrCommand)
    i.Screen_SetWindow                       0x080024b4   Section        0  screen.o(i.Screen_SetWindow)
    i.Screen_WriteFrameBuffer                0x08002508   Section        0  screen.o(i.Screen_WriteFrameBuffer)
    i.SysTick_Handler                        0x08002538   Section        0  stm32f4xx_it.o(i.SysTick_Handler)
    i.SystemClock_Config                     0x0800253c   Section        0  main.o(i.SystemClock_Config)
    i.SystemInit                             0x080025cc   Section        0  system_stm32f4xx.o(i.SystemInit)
    i.TIM8_TRG_COM_TIM14_IRQHandler          0x080025dc   Section        0  stm32f4xx_it.o(i.TIM8_TRG_COM_TIM14_IRQHandler)
    i.TIM_Base_SetConfig                     0x080025e8   Section        0  stm32f4xx_hal_tim.o(i.TIM_Base_SetConfig)
    i.USBD_CDC_DataIn                        0x080026b0   Section        0  usbd_cdc.o(i.USBD_CDC_DataIn)
    USBD_CDC_DataIn                          0x080026b1   Thumb Code    98  usbd_cdc.o(i.USBD_CDC_DataIn)
    i.USBD_CDC_DataOut                       0x08002712   Section        0  usbd_cdc.o(i.USBD_CDC_DataOut)
    USBD_CDC_DataOut                         0x08002713   Thumb Code    42  usbd_cdc.o(i.USBD_CDC_DataOut)
    i.USBD_CDC_DeInit                        0x0800273c   Section        0  usbd_cdc.o(i.USBD_CDC_DeInit)
    USBD_CDC_DeInit                          0x0800273d   Thumb Code    72  usbd_cdc.o(i.USBD_CDC_DeInit)
    i.USBD_CDC_EP0_RxReady                   0x08002784   Section        0  usbd_cdc.o(i.USBD_CDC_EP0_RxReady)
    USBD_CDC_EP0_RxReady                     0x08002785   Thumb Code    46  usbd_cdc.o(i.USBD_CDC_EP0_RxReady)
    i.USBD_CDC_GetDeviceQualifierDescriptor  0x080027b4   Section        0  usbd_cdc.o(i.USBD_CDC_GetDeviceQualifierDescriptor)
    i.USBD_CDC_GetFSCfgDesc                  0x080027c0   Section        0  usbd_cdc.o(i.USBD_CDC_GetFSCfgDesc)
    USBD_CDC_GetFSCfgDesc                    0x080027c1   Thumb Code     8  usbd_cdc.o(i.USBD_CDC_GetFSCfgDesc)
    i.USBD_CDC_GetHSCfgDesc                  0x080027cc   Section        0  usbd_cdc.o(i.USBD_CDC_GetHSCfgDesc)
    USBD_CDC_GetHSCfgDesc                    0x080027cd   Thumb Code     8  usbd_cdc.o(i.USBD_CDC_GetHSCfgDesc)
    i.USBD_CDC_GetOtherSpeedCfgDesc          0x080027d8   Section        0  usbd_cdc.o(i.USBD_CDC_GetOtherSpeedCfgDesc)
    USBD_CDC_GetOtherSpeedCfgDesc            0x080027d9   Thumb Code     8  usbd_cdc.o(i.USBD_CDC_GetOtherSpeedCfgDesc)
    i.USBD_CDC_Init                          0x080027e4   Section        0  usbd_cdc.o(i.USBD_CDC_Init)
    USBD_CDC_Init                            0x080027e5   Thumb Code   162  usbd_cdc.o(i.USBD_CDC_Init)
    i.USBD_CDC_ReceivePacket                 0x08002886   Section        0  usbd_cdc.o(i.USBD_CDC_ReceivePacket)
    i.USBD_CDC_RegisterInterface             0x080028ae   Section        0  usbd_cdc.o(i.USBD_CDC_RegisterInterface)
    i.USBD_CDC_SetRxBuffer                   0x080028bc   Section        0  usbd_cdc.o(i.USBD_CDC_SetRxBuffer)
    i.USBD_CDC_SetTxBuffer                   0x080028ce   Section        0  usbd_cdc.o(i.USBD_CDC_SetTxBuffer)
    i.USBD_CDC_Setup                         0x080028e4   Section        0  usbd_cdc.o(i.USBD_CDC_Setup)
    USBD_CDC_Setup                           0x080028e5   Thumb Code   190  usbd_cdc.o(i.USBD_CDC_Setup)
    i.USBD_ClrClassConfig                    0x080029a2   Section        0  usbd_core.o(i.USBD_ClrClassConfig)
    i.USBD_CtlContinueRx                     0x080029b2   Section        0  usbd_ioreq.o(i.USBD_CtlContinueRx)
    i.USBD_CtlContinueSendData               0x080029c2   Section        0  usbd_ioreq.o(i.USBD_CtlContinueSendData)
    i.USBD_CtlError                          0x080029d2   Section        0  usbd_ctlreq.o(i.USBD_CtlError)
    i.USBD_CtlPrepareRx                      0x080029e8   Section        0  usbd_ioreq.o(i.USBD_CtlPrepareRx)
    i.USBD_CtlReceiveStatus                  0x08002a06   Section        0  usbd_ioreq.o(i.USBD_CtlReceiveStatus)
    i.USBD_CtlSendData                       0x08002a1c   Section        0  usbd_ioreq.o(i.USBD_CtlSendData)
    i.USBD_CtlSendStatus                     0x08002a36   Section        0  usbd_ioreq.o(i.USBD_CtlSendStatus)
    i.USBD_FS_ConfigStrDescriptor            0x08002a4c   Section        0  usbd_desc.o(i.USBD_FS_ConfigStrDescriptor)
    i.USBD_FS_DeviceDescriptor               0x08002a6c   Section        0  usbd_desc.o(i.USBD_FS_DeviceDescriptor)
    i.USBD_FS_InterfaceStrDescriptor         0x08002a78   Section        0  usbd_desc.o(i.USBD_FS_InterfaceStrDescriptor)
    i.USBD_FS_LangIDStrDescriptor            0x08002a9c   Section        0  usbd_desc.o(i.USBD_FS_LangIDStrDescriptor)
    i.USBD_FS_ManufacturerStrDescriptor      0x08002aa8   Section        0  usbd_desc.o(i.USBD_FS_ManufacturerStrDescriptor)
    i.USBD_FS_ProductStrDescriptor           0x08002ad0   Section        0  usbd_desc.o(i.USBD_FS_ProductStrDescriptor)
    i.USBD_FS_SerialStrDescriptor            0x08002afc   Section        0  usbd_desc.o(i.USBD_FS_SerialStrDescriptor)
    i.USBD_GetDescriptor                     0x08002b34   Section        0  usbd_ctlreq.o(i.USBD_GetDescriptor)
    USBD_GetDescriptor                       0x08002b35   Thumb Code   230  usbd_ctlreq.o(i.USBD_GetDescriptor)
    i.USBD_GetString                         0x08002c1a   Section        0  usbd_ctlreq.o(i.USBD_GetString)
    i.USBD_Get_USB_Status                    0x08002c62   Section        0  usbd_conf.o(i.USBD_Get_USB_Status)
    i.USBD_Init                              0x08002c7a   Section        0  usbd_core.o(i.USBD_Init)
    i.USBD_LL_ClearStallEP                   0x08002ca0   Section        0  usbd_conf.o(i.USBD_LL_ClearStallEP)
    i.USBD_LL_CloseEP                        0x08002cb2   Section        0  usbd_conf.o(i.USBD_LL_CloseEP)
    i.USBD_LL_DataInStage                    0x08002cc4   Section        0  usbd_core.o(i.USBD_LL_DataInStage)
    i.USBD_LL_DataOutStage                   0x08002d6c   Section        0  usbd_core.o(i.USBD_LL_DataOutStage)
    i.USBD_LL_DevConnected                   0x08002dd8   Section        0  usbd_core.o(i.USBD_LL_DevConnected)
    i.USBD_LL_DevDisconnected                0x08002ddc   Section        0  usbd_core.o(i.USBD_LL_DevDisconnected)
    i.USBD_LL_GetRxDataSize                  0x08002df4   Section        0  usbd_conf.o(i.USBD_LL_GetRxDataSize)
    i.USBD_LL_Init                           0x08002dfc   Section        0  usbd_conf.o(i.USBD_LL_Init)
    i.USBD_LL_IsStallEP                      0x08002e5c   Section        0  usbd_conf.o(i.USBD_LL_IsStallEP)
    i.USBD_LL_IsoINIncomplete                0x08002e7c   Section        0  usbd_core.o(i.USBD_LL_IsoINIncomplete)
    i.USBD_LL_IsoOUTIncomplete               0x08002e9c   Section        0  usbd_core.o(i.USBD_LL_IsoOUTIncomplete)
    i.USBD_LL_OpenEP                         0x08002ebc   Section        0  usbd_conf.o(i.USBD_LL_OpenEP)
    i.USBD_LL_PrepareReceive                 0x08002ed4   Section        0  usbd_conf.o(i.USBD_LL_PrepareReceive)
    i.USBD_LL_Reset                          0x08002ee6   Section        0  usbd_core.o(i.USBD_LL_Reset)
    i.USBD_LL_Resume                         0x08002f40   Section        0  usbd_core.o(i.USBD_LL_Resume)
    i.USBD_LL_SOF                            0x08002f54   Section        0  usbd_core.o(i.USBD_LL_SOF)
    i.USBD_LL_SetSpeed                       0x08002f74   Section        0  usbd_core.o(i.USBD_LL_SetSpeed)
    i.USBD_LL_SetUSBAddress                  0x08002f7a   Section        0  usbd_conf.o(i.USBD_LL_SetUSBAddress)
    i.USBD_LL_SetupStage                     0x08002f8c   Section        0  usbd_core.o(i.USBD_LL_SetupStage)
    i.USBD_LL_StallEP                        0x08002fec   Section        0  usbd_conf.o(i.USBD_LL_StallEP)
    i.USBD_LL_Start                          0x08002ffe   Section        0  usbd_conf.o(i.USBD_LL_Start)
    i.USBD_LL_Suspend                        0x08003010   Section        0  usbd_core.o(i.USBD_LL_Suspend)
    i.USBD_LL_Transmit                       0x08003022   Section        0  usbd_conf.o(i.USBD_LL_Transmit)
    i.USBD_ParseSetupRequest                 0x08003034   Section        0  usbd_ctlreq.o(i.USBD_ParseSetupRequest)
    i.USBD_RegisterClass                     0x08003060   Section        0  usbd_core.o(i.USBD_RegisterClass)
    i.USBD_SetClassConfig                    0x08003084   Section        0  usbd_core.o(i.USBD_SetClassConfig)
    i.USBD_SetConfig                         0x08003098   Section        0  usbd_ctlreq.o(i.USBD_SetConfig)
    USBD_SetConfig                           0x08003099   Thumb Code   182  usbd_ctlreq.o(i.USBD_SetConfig)
    i.USBD_Start                             0x08003154   Section        0  usbd_core.o(i.USBD_Start)
    i.USBD_StdDevReq                         0x08003158   Section        0  usbd_ctlreq.o(i.USBD_StdDevReq)
    i.USBD_StdEPReq                          0x0800326c   Section        0  usbd_ctlreq.o(i.USBD_StdEPReq)
    i.USBD_StdItfReq                         0x080033ac   Section        0  usbd_ctlreq.o(i.USBD_StdItfReq)
    i.USBD_static_free                       0x080033fe   Section        0  usbd_conf.o(i.USBD_static_free)
    i.USBD_static_malloc                     0x08003400   Section        0  usbd_conf.o(i.USBD_static_malloc)
    i.USB_ActivateEndpoint                   0x08003408   Section        0  stm32f4xx_ll_usb.o(i.USB_ActivateEndpoint)
    i.USB_ActivateSetup                      0x08003488   Section        0  stm32f4xx_ll_usb.o(i.USB_ActivateSetup)
    i.USB_CoreInit                           0x080034a4   Section        0  stm32f4xx_ll_usb.o(i.USB_CoreInit)
    i.USB_CoreReset                          0x08003518   Section        0  stm32f4xx_ll_usb.o(i.USB_CoreReset)
    USB_CoreReset                            0x08003519   Thumb Code    58  stm32f4xx_ll_usb.o(i.USB_CoreReset)
    i.USB_DeactivateEndpoint                 0x08003558   Section        0  stm32f4xx_ll_usb.o(i.USB_DeactivateEndpoint)
    i.USB_DevConnect                         0x08003624   Section        0  stm32f4xx_ll_usb.o(i.USB_DevConnect)
    i.USB_DevDisconnect                      0x08003640   Section        0  stm32f4xx_ll_usb.o(i.USB_DevDisconnect)
    i.USB_DevInit                            0x0800365c   Section        0  stm32f4xx_ll_usb.o(i.USB_DevInit)
    i.USB_DisableGlobalInt                   0x080037d0   Section        0  stm32f4xx_ll_usb.o(i.USB_DisableGlobalInt)
    i.USB_EP0StartXfer                       0x080037dc   Section        0  stm32f4xx_ll_usb.o(i.USB_EP0StartXfer)
    i.USB_EP0_OutStart                       0x080038f4   Section        0  stm32f4xx_ll_usb.o(i.USB_EP0_OutStart)
    i.USB_EPClearStall                       0x0800394c   Section        0  stm32f4xx_ll_usb.o(i.USB_EPClearStall)
    i.USB_EPSetStall                         0x080039a4   Section        0  stm32f4xx_ll_usb.o(i.USB_EPSetStall)
    i.USB_EPStartXfer                        0x080039fc   Section        0  stm32f4xx_ll_usb.o(i.USB_EPStartXfer)
    i.USB_EnableGlobalInt                    0x08003be4   Section        0  stm32f4xx_ll_usb.o(i.USB_EnableGlobalInt)
    i.USB_FlushRxFifo                        0x08003bf0   Section        0  stm32f4xx_ll_usb.o(i.USB_FlushRxFifo)
    i.USB_FlushTxFifo                        0x08003c18   Section        0  stm32f4xx_ll_usb.o(i.USB_FlushTxFifo)
    i.USB_GetDevSpeed                        0x08003c44   Section        0  stm32f4xx_ll_usb.o(i.USB_GetDevSpeed)
    i.USB_GetMode                            0x08003c5e   Section        0  stm32f4xx_ll_usb.o(i.USB_GetMode)
    i.USB_ReadDevAllInEpInterrupt            0x08003c66   Section        0  stm32f4xx_ll_usb.o(i.USB_ReadDevAllInEpInterrupt)
    i.USB_ReadDevAllOutEpInterrupt           0x08003c74   Section        0  stm32f4xx_ll_usb.o(i.USB_ReadDevAllOutEpInterrupt)
    i.USB_ReadDevInEPInterrupt               0x08003c82   Section        0  stm32f4xx_ll_usb.o(i.USB_ReadDevInEPInterrupt)
    i.USB_ReadDevOutEPInterrupt              0x08003ca6   Section        0  stm32f4xx_ll_usb.o(i.USB_ReadDevOutEPInterrupt)
    i.USB_ReadInterrupts                     0x08003cb6   Section        0  stm32f4xx_ll_usb.o(i.USB_ReadInterrupts)
    i.USB_ReadPacket                         0x08003cbe   Section        0  stm32f4xx_ll_usb.o(i.USB_ReadPacket)
    i.USB_SetCurrentMode                     0x08003cfc   Section        0  stm32f4xx_ll_usb.o(i.USB_SetCurrentMode)
    i.USB_SetDevAddress                      0x08003d58   Section        0  stm32f4xx_ll_usb.o(i.USB_SetDevAddress)
    i.USB_SetTurnaroundTime                  0x08003d7c   Section        0  stm32f4xx_ll_usb.o(i.USB_SetTurnaroundTime)
    i.USB_WritePacket                        0x08003e64   Section        0  stm32f4xx_ll_usb.o(i.USB_WritePacket)
    i.UsageFault_Handler                     0x08003e8c   Section        0  stm32f4xx_it.o(i.UsageFault_Handler)
    i.Write1Byte                             0x08003e90   Section        0  screen.o(i.Write1Byte)
    i.WriteCommand                           0x08003eac   Section        0  screen.o(i.WriteCommand)
    i.WriteData                              0x08003ec8   Section        0  screen.o(i.WriteData)
    i.__NVIC_SetPriority                     0x08003ef8   Section        0  stm32f4xx_hal_cortex.o(i.__NVIC_SetPriority)
    __NVIC_SetPriority                       0x08003ef9   Thumb Code    32  stm32f4xx_hal_cortex.o(i.__NVIC_SetPriority)
    i.__scatterload_copy                     0x08003f18   Section       14  handlers.o(i.__scatterload_copy)
    i.__scatterload_null                     0x08003f26   Section        2  handlers.o(i.__scatterload_null)
    i.__scatterload_zeroinit                 0x08003f28   Section       14  handlers.o(i.__scatterload_zeroinit)
    i.main                                   0x08003f38   Section        0  main.o(i.main)
    i.screen_init                            0x08003fcc   Section        0  screen.o(i.screen_init)
    .constdata                               0x08004480   Section        8  stm32f4xx_hal_dma.o(.constdata)
    flagBitshiftOffset                       0x08004480   Data           8  stm32f4xx_hal_dma.o(.constdata)
    .constdata                               0x08004488   Section       16  system_stm32f4xx.o(.constdata)
    .constdata                               0x08004498   Section        8  system_stm32f4xx.o(.constdata)
    .data                                    0x10000000   Section        8  screen.o(.data)
    .data                                    0x10000008   Section        8  main.o(.data)
    .data                                    0x10000010   Section       28  usbd_desc.o(.data)
    .data                                    0x1000002c   Section       50  usbd_desc.o(.data)
    .data                                    0x10000060   Section       20  usbd_cdc_if.o(.data)
    .data                                    0x10000074   Section        8  usbd_cdc_if.o(.data)
    .data                                    0x1000007c   Section       12  stm32f4xx_hal.o(.data)
    .data                                    0x10000088   Section        4  stm32f4xx_hal_spi.o(.data)
    .data                                    0x1000008c   Section        4  system_stm32f4xx.o(.data)
    .data                                    0x10000090   Section        1  usbd_ctlreq.o(.data)
    cfgidx                                   0x10000090   Data           1  usbd_ctlreq.o(.data)
    .data                                    0x10000094   Section      215  usbd_cdc.o(.data)
    USBD_CDC_DeviceQualifierDesc             0x10000094   Data          10  usbd_cdc.o(.data)
    USBD_CDC_CfgHSDesc                       0x100000a0   Data          67  usbd_cdc.o(.data)
    USBD_CDC_CfgFSDesc                       0x100000e4   Data          67  usbd_cdc.o(.data)
    USBD_CDC_OtherSpeedCfgDesc               0x10000128   Data          67  usbd_cdc.o(.data)
    .data                                    0x1000016c   Section       56  usbd_cdc.o(.data)
    .bss                                     0x100001a4   Section      184  spi.o(.bss)
    .bss                                     0x1000025c   Section       72  stm32f4xx_hal_timebase_tim.o(.bss)
    .bss                                     0x100002a4   Section      720  usb_device.o(.bss)
    .bss                                     0x10000574   Section      512  usbd_desc.o(.bss)
    .bss                                     0x10000774   Section     1576  usbd_conf.o(.bss)
    mem                                      0x10000774   Data         544  usbd_conf.o(.bss)
    STACK                                    0x10000da0   Section     1024  startup_stm32f407xx.o(STACK)
    .bss                                     0x20000000   Section    86452  user_usb.o(.bss)

    Global Symbols

    Symbol Name                              Value     Ov Type        Size  Object(Section)

    BuildAttributes$$THM_ISAv4$E$P$D$K$B$S$7EM$VFPi3$EXTD16$VFPS$VFMA$PE$A:L22UL41UL21$X:L11$S22US41US21$IEEE1$IW$USESV6$~STKCKD$USESV7$~SHL$OSPACE$EBA8$MICROLIB$REQ8$PRES8$EABIv2 0x00000000   Number         0  anon$$obj.o ABSOLUTE
    __ARM_use_no_argv                        0x00000000   Number         0  main.o ABSOLUTE
    __arm_fini_                               - Undefined Weak Reference
    __cpp_initialize__aeabi_                  - Undefined Weak Reference
    __cxa_finalize                            - Undefined Weak Reference
    _clock_init                               - Undefined Weak Reference
    _microlib_exit                            - Undefined Weak Reference
    __Vectors_Size                           0x00000188   Number         0  startup_stm32f407xx.o ABSOLUTE
    __Vectors                                0x08000000   Data           4  startup_stm32f407xx.o(RESET)
    __Vectors_End                            0x08000188   Data           0  startup_stm32f407xx.o(RESET)
    __main                                   0x08000189   Thumb Code     0  entry.o(.ARM.Collect$$$$00000000)
    _main_stk                                0x08000189   Thumb Code     0  entry2.o(.ARM.Collect$$$$00000001)
    _main_scatterload                        0x0800018d   Thumb Code     0  entry5.o(.ARM.Collect$$$$00000004)
    __main_after_scatterload                 0x08000191   Thumb Code     0  entry5.o(.ARM.Collect$$$$00000004)
    _main_clock                              0x08000191   Thumb Code     0  entry7b.o(.ARM.Collect$$$$00000008)
    _main_cpp_init                           0x08000191   Thumb Code     0  entry8b.o(.ARM.Collect$$$$0000000A)
    _main_init                               0x08000191   Thumb Code     0  entry9a.o(.ARM.Collect$$$$0000000B)
    __rt_lib_shutdown_fini                   0x08000199   Thumb Code     0  entry12b.o(.ARM.Collect$$$$0000000E)
    __rt_final_cpp                           0x0800019d   Thumb Code     0  entry10a.o(.ARM.Collect$$$$0000000F)
    __rt_final_exit                          0x0800019d   Thumb Code     0  entry11a.o(.ARM.Collect$$$$00000011)
    Reset_Handler                            0x080001a1   Thumb Code     8  startup_stm32f407xx.o(.text)
    ADC_IRQHandler                           0x080001bb   Thumb Code     0  startup_stm32f407xx.o(.text)
    CAN1_RX0_IRQHandler                      0x080001bb   Thumb Code     0  startup_stm32f407xx.o(.text)
    CAN1_RX1_IRQHandler                      0x080001bb   Thumb Code     0  startup_stm32f407xx.o(.text)
    CAN1_SCE_IRQHandler                      0x080001bb   Thumb Code     0  startup_stm32f407xx.o(.text)
    CAN1_TX_IRQHandler                       0x080001bb   Thumb Code     0  startup_stm32f407xx.o(.text)
    CAN2_RX0_IRQHandler                      0x080001bb   Thumb Code     0  startup_stm32f407xx.o(.text)
    CAN2_RX1_IRQHandler                      0x080001bb   Thumb Code     0  startup_stm32f407xx.o(.text)
    CAN2_SCE_IRQHandler                      0x080001bb   Thumb Code     0  startup_stm32f407xx.o(.text)
    CAN2_TX_IRQHandler                       0x080001bb   Thumb Code     0  startup_stm32f407xx.o(.text)
    DCMI_IRQHandler                          0x080001bb   Thumb Code     0  startup_stm32f407xx.o(.text)
    DMA1_Stream0_IRQHandler                  0x080001bb   Thumb Code     0  startup_stm32f407xx.o(.text)
    DMA1_Stream1_IRQHandler                  0x080001bb   Thumb Code     0  startup_stm32f407xx.o(.text)
    DMA1_Stream2_IRQHandler                  0x080001bb   Thumb Code     0  startup_stm32f407xx.o(.text)
    DMA1_Stream3_IRQHandler                  0x080001bb   Thumb Code     0  startup_stm32f407xx.o(.text)
    DMA1_Stream4_IRQHandler                  0x080001bb   Thumb Code     0  startup_stm32f407xx.o(.text)
    DMA1_Stream5_IRQHandler                  0x080001bb   Thumb Code     0  startup_stm32f407xx.o(.text)
    DMA1_Stream6_IRQHandler                  0x080001bb   Thumb Code     0  startup_stm32f407xx.o(.text)
    DMA1_Stream7_IRQHandler                  0x080001bb   Thumb Code     0  startup_stm32f407xx.o(.text)
    DMA2_Stream0_IRQHandler                  0x080001bb   Thumb Code     0  startup_stm32f407xx.o(.text)
    DMA2_Stream1_IRQHandler                  0x080001bb   Thumb Code     0  startup_stm32f407xx.o(.text)
    DMA2_Stream2_IRQHandler                  0x080001bb   Thumb Code     0  startup_stm32f407xx.o(.text)
    DMA2_Stream4_IRQHandler                  0x080001bb   Thumb Code     0  startup_stm32f407xx.o(.text)
    DMA2_Stream5_IRQHandler                  0x080001bb   Thumb Code     0  startup_stm32f407xx.o(.text)
    DMA2_Stream6_IRQHandler                  0x080001bb   Thumb Code     0  startup_stm32f407xx.o(.text)
    DMA2_Stream7_IRQHandler                  0x080001bb   Thumb Code     0  startup_stm32f407xx.o(.text)
    ETH_IRQHandler                           0x080001bb   Thumb Code     0  startup_stm32f407xx.o(.text)
    ETH_WKUP_IRQHandler                      0x080001bb   Thumb Code     0  startup_stm32f407xx.o(.text)
    EXTI0_IRQHandler                         0x080001bb   Thumb Code     0  startup_stm32f407xx.o(.text)
    EXTI15_10_IRQHandler                     0x080001bb   Thumb Code     0  startup_stm32f407xx.o(.text)
    EXTI1_IRQHandler                         0x080001bb   Thumb Code     0  startup_stm32f407xx.o(.text)
    EXTI2_IRQHandler                         0x080001bb   Thumb Code     0  startup_stm32f407xx.o(.text)
    EXTI3_IRQHandler                         0x080001bb   Thumb Code     0  startup_stm32f407xx.o(.text)
    EXTI4_IRQHandler                         0x080001bb   Thumb Code     0  startup_stm32f407xx.o(.text)
    EXTI9_5_IRQHandler                       0x080001bb   Thumb Code     0  startup_stm32f407xx.o(.text)
    FLASH_IRQHandler                         0x080001bb   Thumb Code     0  startup_stm32f407xx.o(.text)
    FMC_IRQHandler                           0x080001bb   Thumb Code     0  startup_stm32f407xx.o(.text)
    FPU_IRQHandler                           0x080001bb   Thumb Code     0  startup_stm32f407xx.o(.text)
    HASH_RNG_IRQHandler                      0x080001bb   Thumb Code     0  startup_stm32f407xx.o(.text)
    I2C1_ER_IRQHandler                       0x080001bb   Thumb Code     0  startup_stm32f407xx.o(.text)
    I2C1_EV_IRQHandler                       0x080001bb   Thumb Code     0  startup_stm32f407xx.o(.text)
    I2C2_ER_IRQHandler                       0x080001bb   Thumb Code     0  startup_stm32f407xx.o(.text)
    I2C2_EV_IRQHandler                       0x080001bb   Thumb Code     0  startup_stm32f407xx.o(.text)
    I2C3_ER_IRQHandler                       0x080001bb   Thumb Code     0  startup_stm32f407xx.o(.text)
    I2C3_EV_IRQHandler                       0x080001bb   Thumb Code     0  startup_stm32f407xx.o(.text)
    OTG_FS_WKUP_IRQHandler                   0x080001bb   Thumb Code     0  startup_stm32f407xx.o(.text)
    OTG_HS_EP1_IN_IRQHandler                 0x080001bb   Thumb Code     0  startup_stm32f407xx.o(.text)
    OTG_HS_EP1_OUT_IRQHandler                0x080001bb   Thumb Code     0  startup_stm32f407xx.o(.text)
    OTG_HS_IRQHandler                        0x080001bb   Thumb Code     0  startup_stm32f407xx.o(.text)
    OTG_HS_WKUP_IRQHandler                   0x080001bb   Thumb Code     0  startup_stm32f407xx.o(.text)
    PVD_IRQHandler                           0x080001bb   Thumb Code     0  startup_stm32f407xx.o(.text)
    RCC_IRQHandler                           0x080001bb   Thumb Code     0  startup_stm32f407xx.o(.text)
    RTC_Alarm_IRQHandler                     0x080001bb   Thumb Code     0  startup_stm32f407xx.o(.text)
    RTC_WKUP_IRQHandler                      0x080001bb   Thumb Code     0  startup_stm32f407xx.o(.text)
    SDIO_IRQHandler                          0x080001bb   Thumb Code     0  startup_stm32f407xx.o(.text)
    SPI1_IRQHandler                          0x080001bb   Thumb Code     0  startup_stm32f407xx.o(.text)
    SPI2_IRQHandler                          0x080001bb   Thumb Code     0  startup_stm32f407xx.o(.text)
    SPI3_IRQHandler                          0x080001bb   Thumb Code     0  startup_stm32f407xx.o(.text)
    TAMP_STAMP_IRQHandler                    0x080001bb   Thumb Code     0  startup_stm32f407xx.o(.text)
    TIM1_BRK_TIM9_IRQHandler                 0x080001bb   Thumb Code     0  startup_stm32f407xx.o(.text)
    TIM1_CC_IRQHandler                       0x080001bb   Thumb Code     0  startup_stm32f407xx.o(.text)
    TIM1_TRG_COM_TIM11_IRQHandler            0x080001bb   Thumb Code     0  startup_stm32f407xx.o(.text)
    TIM1_UP_TIM10_IRQHandler                 0x080001bb   Thumb Code     0  startup_stm32f407xx.o(.text)
    TIM2_IRQHandler                          0x080001bb   Thumb Code     0  startup_stm32f407xx.o(.text)
    TIM3_IRQHandler                          0x080001bb   Thumb Code     0  startup_stm32f407xx.o(.text)
    TIM4_IRQHandler                          0x080001bb   Thumb Code     0  startup_stm32f407xx.o(.text)
    TIM5_IRQHandler                          0x080001bb   Thumb Code     0  startup_stm32f407xx.o(.text)
    TIM6_DAC_IRQHandler                      0x080001bb   Thumb Code     0  startup_stm32f407xx.o(.text)
    TIM7_IRQHandler                          0x080001bb   Thumb Code     0  startup_stm32f407xx.o(.text)
    TIM8_BRK_TIM12_IRQHandler                0x080001bb   Thumb Code     0  startup_stm32f407xx.o(.text)
    TIM8_CC_IRQHandler                       0x080001bb   Thumb Code     0  startup_stm32f407xx.o(.text)
    TIM8_UP_TIM13_IRQHandler                 0x080001bb   Thumb Code     0  startup_stm32f407xx.o(.text)
    UART4_IRQHandler                         0x080001bb   Thumb Code     0  startup_stm32f407xx.o(.text)
    UART5_IRQHandler                         0x080001bb   Thumb Code     0  startup_stm32f407xx.o(.text)
    USART1_IRQHandler                        0x080001bb   Thumb Code     0  startup_stm32f407xx.o(.text)
    USART2_IRQHandler                        0x080001bb   Thumb Code     0  startup_stm32f407xx.o(.text)
    USART3_IRQHandler                        0x080001bb   Thumb Code     0  startup_stm32f407xx.o(.text)
    USART6_IRQHandler                        0x080001bb   Thumb Code     0  startup_stm32f407xx.o(.text)
    WWDG_IRQHandler                          0x080001bb   Thumb Code     0  startup_stm32f407xx.o(.text)
    __aeabi_uldivmod                         0x080001c5   Thumb Code    98  uldiv.o(.text)
    __aeabi_memcpy                           0x08000227   Thumb Code    36  memcpya.o(.text)
    __aeabi_memcpy4                          0x08000227   Thumb Code     0  memcpya.o(.text)
    __aeabi_memcpy8                          0x08000227   Thumb Code     0  memcpya.o(.text)
    __aeabi_memset                           0x0800024b   Thumb Code    14  memseta.o(.text)
    __aeabi_memset4                          0x0800024b   Thumb Code     0  memseta.o(.text)
    __aeabi_memset8                          0x0800024b   Thumb Code     0  memseta.o(.text)
    __aeabi_memclr                           0x08000259   Thumb Code     4  memseta.o(.text)
    __aeabi_memclr4                          0x08000259   Thumb Code     0  memseta.o(.text)
    __aeabi_memclr8                          0x08000259   Thumb Code     0  memseta.o(.text)
    _memset$wrapper                          0x0800025d   Thumb Code    18  memseta.o(.text)
    __aeabi_llsl                             0x0800026f   Thumb Code    30  llshl.o(.text)
    _ll_shift_l                              0x0800026f   Thumb Code     0  llshl.o(.text)
    __aeabi_llsr                             0x0800028d   Thumb Code    32  llushr.o(.text)
    _ll_ushift_r                             0x0800028d   Thumb Code     0  llushr.o(.text)
    __scatterload                            0x080002ad   Thumb Code    28  init.o(.text)
    __scatterload_rt2                        0x080002ad   Thumb Code     0  init.o(.text)
    __decompress                             0x080002d1   Thumb Code     0  __dczerorl2.o(.text)
    __decompress1                            0x080002d1   Thumb Code    86  __dczerorl2.o(.text)
    BusFault_Handler                         0x08000327   Thumb Code     2  stm32f4xx_it.o(i.BusFault_Handler)
    DMA2_Stream3_IRQHandler                  0x0800039d   Thumb Code     6  stm32f4xx_it.o(i.DMA2_Stream3_IRQHandler)
    DebugMon_Handler                         0x0800044d   Thumb Code     2  stm32f4xx_it.o(i.DebugMon_Handler)
    Error_Handler                            0x0800044f   Thumb Code     4  main.o(i.Error_Handler)
    GetPingPongBufferPtr                     0x08000455   Thumb Code    28  user_usb.o(i.GetPingPongBufferPtr)
    HAL_DMA_IRQHandler                       0x08000475   Thumb Code   412  stm32f4xx_hal_dma.o(i.HAL_DMA_IRQHandler)
    HAL_DMA_Init                             0x08000615   Thumb Code   206  stm32f4xx_hal_dma.o(i.HAL_DMA_Init)
    HAL_DMA_Start_IT                         0x080006e9   Thumb Code   110  stm32f4xx_hal_dma.o(i.HAL_DMA_Start_IT)
    HAL_Delay                                0x08000759   Thumb Code    32  stm32f4xx_hal.o(i.HAL_Delay)
    HAL_GPIO_Init                            0x0800077d   Thumb Code   450  stm32f4xx_hal_gpio.o(i.HAL_GPIO_Init)
    HAL_GPIO_WritePin                        0x0800096d   Thumb Code    10  stm32f4xx_hal_gpio.o(i.HAL_GPIO_WritePin)
    HAL_GetTick                              0x08000979   Thumb Code     6  stm32f4xx_hal.o(i.HAL_GetTick)
    HAL_IncTick                              0x08000985   Thumb Code    12  stm32f4xx_hal.o(i.HAL_IncTick)
    HAL_Init                                 0x08000995   Thumb Code    48  stm32f4xx_hal.o(i.HAL_Init)
    HAL_InitTick                             0x080009c9   Thumb Code   100  stm32f4xx_hal_timebase_tim.o(i.HAL_InitTick)
    HAL_MspInit                              0x08000a3d   Thumb Code    42  stm32f4xx_hal_msp.o(i.HAL_MspInit)
    HAL_NVIC_EnableIRQ                       0x08000a6d   Thumb Code    26  stm32f4xx_hal_cortex.o(i.HAL_NVIC_EnableIRQ)
    HAL_NVIC_SetPriority                     0x08000a89   Thumb Code    60  stm32f4xx_hal_cortex.o(i.HAL_NVIC_SetPriority)
    HAL_NVIC_SetPriorityGrouping             0x08000ac9   Thumb Code    26  stm32f4xx_hal_cortex.o(i.HAL_NVIC_SetPriorityGrouping)
    HAL_PCDEx_LPM_Callback                   0x08000aed   Thumb Code     2  stm32f4xx_hal_pcd_ex.o(i.HAL_PCDEx_LPM_Callback)
    HAL_PCDEx_SetRxFiFo                      0x08000aef   Thumb Code     8  stm32f4xx_hal_pcd_ex.o(i.HAL_PCDEx_SetRxFiFo)
    HAL_PCDEx_SetTxFiFo                      0x08000af7   Thumb Code    68  stm32f4xx_hal_pcd_ex.o(i.HAL_PCDEx_SetTxFiFo)
    HAL_PCD_ConnectCallback                  0x08000b3b   Thumb Code     8  usbd_conf.o(i.HAL_PCD_ConnectCallback)
    HAL_PCD_DataInStageCallback              0x08000b43   Thumb Code    18  usbd_conf.o(i.HAL_PCD_DataInStageCallback)
    HAL_PCD_DataOutStageCallback             0x08000b55   Thumb Code    20  usbd_conf.o(i.HAL_PCD_DataOutStageCallback)
    HAL_PCD_DisconnectCallback               0x08000b69   Thumb Code     8  usbd_conf.o(i.HAL_PCD_DisconnectCallback)
    HAL_PCD_EP_Close                         0x08000b71   Thumb Code    76  stm32f4xx_hal_pcd.o(i.HAL_PCD_EP_Close)
    HAL_PCD_EP_ClrStall                      0x08000bbd   Thumb Code    92  stm32f4xx_hal_pcd.o(i.HAL_PCD_EP_ClrStall)
    HAL_PCD_EP_GetRxCount                    0x08000c19   Thumb Code    18  stm32f4xx_hal_pcd.o(i.HAL_PCD_EP_GetRxCount)
    HAL_PCD_EP_Open                          0x08000c2b   Thumb Code    96  stm32f4xx_hal_pcd.o(i.HAL_PCD_EP_Open)
    HAL_PCD_EP_Receive                       0x08000c8b   Thumb Code    72  stm32f4xx_hal_pcd.o(i.HAL_PCD_EP_Receive)
    HAL_PCD_EP_SetStall                      0x08000cd3   Thumb Code   116  stm32f4xx_hal_pcd.o(i.HAL_PCD_EP_SetStall)
    HAL_PCD_EP_Transmit                      0x08000d47   Thumb Code    64  stm32f4xx_hal_pcd.o(i.HAL_PCD_EP_Transmit)
    HAL_PCD_IRQHandler                       0x08000d89   Thumb Code  1070  stm32f4xx_hal_pcd.o(i.HAL_PCD_IRQHandler)
    HAL_PCD_ISOINIncompleteCallback          0x080011bd   Thumb Code     8  usbd_conf.o(i.HAL_PCD_ISOINIncompleteCallback)
    HAL_PCD_ISOOUTIncompleteCallback         0x080011c5   Thumb Code     8  usbd_conf.o(i.HAL_PCD_ISOOUTIncompleteCallback)
    HAL_PCD_Init                             0x080011cd   Thumb Code   226  stm32f4xx_hal_pcd.o(i.HAL_PCD_Init)
    HAL_PCD_MspInit                          0x080012b1   Thumb Code   122  usbd_conf.o(i.HAL_PCD_MspInit)
    HAL_PCD_ResetCallback                    0x08001335   Thumb Code    44  usbd_conf.o(i.HAL_PCD_ResetCallback)
    HAL_PCD_ResumeCallback                   0x08001361   Thumb Code     8  usbd_conf.o(i.HAL_PCD_ResumeCallback)
    HAL_PCD_SOFCallback                      0x08001369   Thumb Code     8  usbd_conf.o(i.HAL_PCD_SOFCallback)
    HAL_PCD_SetAddress                       0x08001371   Thumb Code    40  stm32f4xx_hal_pcd.o(i.HAL_PCD_SetAddress)
    HAL_PCD_SetupStageCallback               0x08001399   Thumb Code    14  usbd_conf.o(i.HAL_PCD_SetupStageCallback)
    HAL_PCD_Start                            0x080013a7   Thumb Code    66  stm32f4xx_hal_pcd.o(i.HAL_PCD_Start)
    HAL_PCD_SuspendCallback                  0x080013e9   Thumb Code    44  usbd_conf.o(i.HAL_PCD_SuspendCallback)
    HAL_RCC_ClockConfig                      0x08001419   Thumb Code   288  stm32f4xx_hal_rcc.o(i.HAL_RCC_ClockConfig)
    HAL_RCC_GetClockConfig                   0x0800154d   Thumb Code    54  stm32f4xx_hal_rcc.o(i.HAL_RCC_GetClockConfig)
    HAL_RCC_GetHCLKFreq                      0x0800158d   Thumb Code     6  stm32f4xx_hal_rcc.o(i.HAL_RCC_GetHCLKFreq)
    HAL_RCC_GetPCLK1Freq                     0x08001599   Thumb Code    20  stm32f4xx_hal_rcc.o(i.HAL_RCC_GetPCLK1Freq)
    HAL_RCC_GetSysClockFreq                  0x080015b9   Thumb Code    88  stm32f4xx_hal_rcc.o(i.HAL_RCC_GetSysClockFreq)
    HAL_RCC_OscConfig                        0x08001619   Thumb Code   856  stm32f4xx_hal_rcc.o(i.HAL_RCC_OscConfig)
    HAL_SPI_ErrorCallback                    0x08001985   Thumb Code     2  stm32f4xx_hal_spi.o(i.HAL_SPI_ErrorCallback)
    HAL_SPI_Init                             0x08001987   Thumb Code   188  stm32f4xx_hal_spi.o(i.HAL_SPI_Init)
    HAL_SPI_MspInit                          0x08001a45   Thumb Code   168  spi.o(i.HAL_SPI_MspInit)
    HAL_SPI_Transmit                         0x08001b05   Thumb Code   358  stm32f4xx_hal_spi.o(i.HAL_SPI_Transmit)
    HAL_SPI_Transmit_DMA                     0x08001c6d   Thumb Code   210  stm32f4xx_hal_spi.o(i.HAL_SPI_Transmit_DMA)
    HAL_SPI_TxCpltCallback                   0x08001d51   Thumb Code     2  stm32f4xx_hal_spi.o(i.HAL_SPI_TxCpltCallback)
    HAL_SPI_TxHalfCpltCallback               0x08001d53   Thumb Code     2  stm32f4xx_hal_spi.o(i.HAL_SPI_TxHalfCpltCallback)
    HAL_TIMEx_BreakCallback                  0x08001d55   Thumb Code     2  stm32f4xx_hal_tim_ex.o(i.HAL_TIMEx_BreakCallback)
    HAL_TIMEx_CommutCallback                 0x08001d57   Thumb Code     2  stm32f4xx_hal_tim_ex.o(i.HAL_TIMEx_CommutCallback)
    HAL_TIM_Base_Init                        0x08001d59   Thumb Code    90  stm32f4xx_hal_tim.o(i.HAL_TIM_Base_Init)
    HAL_TIM_Base_MspInit                     0x08001db3   Thumb Code     2  stm32f4xx_hal_tim.o(i.HAL_TIM_Base_MspInit)
    HAL_TIM_Base_Start_IT                    0x08001db5   Thumb Code   100  stm32f4xx_hal_tim.o(i.HAL_TIM_Base_Start_IT)
    HAL_TIM_IC_CaptureCallback               0x08001e35   Thumb Code     2  stm32f4xx_hal_tim.o(i.HAL_TIM_IC_CaptureCallback)
    HAL_TIM_IRQHandler                       0x08001e37   Thumb Code   358  stm32f4xx_hal_tim.o(i.HAL_TIM_IRQHandler)
    HAL_TIM_OC_DelayElapsedCallback          0x08001f9d   Thumb Code     2  stm32f4xx_hal_tim.o(i.HAL_TIM_OC_DelayElapsedCallback)
    HAL_TIM_PWM_PulseFinishedCallback        0x08001f9f   Thumb Code     2  stm32f4xx_hal_tim.o(i.HAL_TIM_PWM_PulseFinishedCallback)
    HAL_TIM_PeriodElapsedCallback            0x08001fa1   Thumb Code    14  main.o(i.HAL_TIM_PeriodElapsedCallback)
    HAL_TIM_TriggerCallback                  0x08001fb5   Thumb Code     2  stm32f4xx_hal_tim.o(i.HAL_TIM_TriggerCallback)
    HardFault_Handler                        0x08001fb7   Thumb Code     2  stm32f4xx_it.o(i.HardFault_Handler)
    MX_DMA_Init                              0x08001ff1   Thumb Code    40  dma.o(i.MX_DMA_Init)
    MX_GPIO_Init                             0x0800201d   Thumb Code   150  gpio.o(i.MX_GPIO_Init)
    MX_SPI1_Init                             0x080020c1   Thumb Code    60  spi.o(i.MX_SPI1_Init)
    MX_USB_DEVICE_Init                       0x08002105   Thumb Code    66  usb_device.o(i.MX_USB_DEVICE_Init)
    MemManage_Handler                        0x08002159   Thumb Code     2  stm32f4xx_it.o(i.MemManage_Handler)
    NMI_Handler                              0x0800215b   Thumb Code     2  stm32f4xx_it.o(i.NMI_Handler)
    OTG_FS_IRQHandler                        0x0800215d   Thumb Code     6  stm32f4xx_it.o(i.OTG_FS_IRQHandler)
    PendSV_Handler                           0x080022d7   Thumb Code     2  stm32f4xx_it.o(i.PendSV_Handler)
    SVC_Handler                              0x08002479   Thumb Code     2  stm32f4xx_it.o(i.SVC_Handler)
    Screen_Reset                             0x08002485   Thumb Code    18  screen.o(i.Screen_Reset)
    Screen_SetDataOrCommand                  0x0800249d   Thumb Code    18  screen.o(i.Screen_SetDataOrCommand)
    Screen_SetWindow                         0x080024b5   Thumb Code    84  screen.o(i.Screen_SetWindow)
    Screen_WriteFrameBuffer                  0x08002509   Thumb Code    44  screen.o(i.Screen_WriteFrameBuffer)
    SysTick_Handler                          0x08002539   Thumb Code     2  stm32f4xx_it.o(i.SysTick_Handler)
    SystemClock_Config                       0x0800253d   Thumb Code   136  main.o(i.SystemClock_Config)
    SystemInit                               0x080025cd   Thumb Code    12  system_stm32f4xx.o(i.SystemInit)
    TIM8_TRG_COM_TIM14_IRQHandler            0x080025dd   Thumb Code     6  stm32f4xx_it.o(i.TIM8_TRG_COM_TIM14_IRQHandler)
    TIM_Base_SetConfig                       0x080025e9   Thumb Code   156  stm32f4xx_hal_tim.o(i.TIM_Base_SetConfig)
    USBD_CDC_GetDeviceQualifierDescriptor    0x080027b5   Thumb Code     8  usbd_cdc.o(i.USBD_CDC_GetDeviceQualifierDescriptor)
    USBD_CDC_ReceivePacket                   0x08002887   Thumb Code    40  usbd_cdc.o(i.USBD_CDC_ReceivePacket)
    USBD_CDC_RegisterInterface               0x080028af   Thumb Code    14  usbd_cdc.o(i.USBD_CDC_RegisterInterface)
    USBD_CDC_SetRxBuffer                     0x080028bd   Thumb Code    18  usbd_cdc.o(i.USBD_CDC_SetRxBuffer)
    USBD_CDC_SetTxBuffer                     0x080028cf   Thumb Code    22  usbd_cdc.o(i.USBD_CDC_SetTxBuffer)
    USBD_ClrClassConfig                      0x080029a3   Thumb Code    16  usbd_core.o(i.USBD_ClrClassConfig)
    USBD_CtlContinueRx                       0x080029b3   Thumb Code    16  usbd_ioreq.o(i.USBD_CtlContinueRx)
    USBD_CtlContinueSendData                 0x080029c3   Thumb Code    16  usbd_ioreq.o(i.USBD_CtlContinueSendData)
    USBD_CtlError                            0x080029d3   Thumb Code    22  usbd_ctlreq.o(i.USBD_CtlError)
    USBD_CtlPrepareRx                        0x080029e9   Thumb Code    30  usbd_ioreq.o(i.USBD_CtlPrepareRx)
    USBD_CtlReceiveStatus                    0x08002a07   Thumb Code    22  usbd_ioreq.o(i.USBD_CtlReceiveStatus)
    USBD_CtlSendData                         0x08002a1d   Thumb Code    26  usbd_ioreq.o(i.USBD_CtlSendData)
    USBD_CtlSendStatus                       0x08002a37   Thumb Code    22  usbd_ioreq.o(i.USBD_CtlSendStatus)
    USBD_FS_ConfigStrDescriptor              0x08002a4d   Thumb Code    16  usbd_desc.o(i.USBD_FS_ConfigStrDescriptor)
    USBD_FS_DeviceDescriptor                 0x08002a6d   Thumb Code     8  usbd_desc.o(i.USBD_FS_DeviceDescriptor)
    USBD_FS_InterfaceStrDescriptor           0x08002a79   Thumb Code    16  usbd_desc.o(i.USBD_FS_InterfaceStrDescriptor)
    USBD_FS_LangIDStrDescriptor              0x08002a9d   Thumb Code     8  usbd_desc.o(i.USBD_FS_LangIDStrDescriptor)
    USBD_FS_ManufacturerStrDescriptor        0x08002aa9   Thumb Code    16  usbd_desc.o(i.USBD_FS_ManufacturerStrDescriptor)
    USBD_FS_ProductStrDescriptor             0x08002ad1   Thumb Code    16  usbd_desc.o(i.USBD_FS_ProductStrDescriptor)
    USBD_FS_SerialStrDescriptor              0x08002afd   Thumb Code    48  usbd_desc.o(i.USBD_FS_SerialStrDescriptor)
    USBD_GetString                           0x08002c1b   Thumb Code    72  usbd_ctlreq.o(i.USBD_GetString)
    USBD_Get_USB_Status                      0x08002c63   Thumb Code    24  usbd_conf.o(i.USBD_Get_USB_Status)
    USBD_Init                                0x08002c7b   Thumb Code    38  usbd_core.o(i.USBD_Init)
    USBD_LL_ClearStallEP                     0x08002ca1   Thumb Code    18  usbd_conf.o(i.USBD_LL_ClearStallEP)
    USBD_LL_CloseEP                          0x08002cb3   Thumb Code    18  usbd_conf.o(i.USBD_LL_CloseEP)
    USBD_LL_DataInStage                      0x08002cc5   Thumb Code   168  usbd_core.o(i.USBD_LL_DataInStage)
    USBD_LL_DataOutStage                     0x08002d6d   Thumb Code   108  usbd_core.o(i.USBD_LL_DataOutStage)
    USBD_LL_DevConnected                     0x08002dd9   Thumb Code     4  usbd_core.o(i.USBD_LL_DevConnected)
    USBD_LL_DevDisconnected                  0x08002ddd   Thumb Code    24  usbd_core.o(i.USBD_LL_DevDisconnected)
    USBD_LL_GetRxDataSize                    0x08002df5   Thumb Code     8  usbd_conf.o(i.USBD_LL_GetRxDataSize)
    USBD_LL_Init                             0x08002dfd   Thumb Code    90  usbd_conf.o(i.USBD_LL_Init)
    USBD_LL_IsStallEP                        0x08002e5d   Thumb Code    32  usbd_conf.o(i.USBD_LL_IsStallEP)
    USBD_LL_IsoINIncomplete                  0x08002e7d   Thumb Code    32  usbd_core.o(i.USBD_LL_IsoINIncomplete)
    USBD_LL_IsoOUTIncomplete                 0x08002e9d   Thumb Code    32  usbd_core.o(i.USBD_LL_IsoOUTIncomplete)
    USBD_LL_OpenEP                           0x08002ebd   Thumb Code    24  usbd_conf.o(i.USBD_LL_OpenEP)
    USBD_LL_PrepareReceive                   0x08002ed5   Thumb Code    18  usbd_conf.o(i.USBD_LL_PrepareReceive)
    USBD_LL_Reset                            0x08002ee7   Thumb Code    90  usbd_core.o(i.USBD_LL_Reset)
    USBD_LL_Resume                           0x08002f41   Thumb Code    20  usbd_core.o(i.USBD_LL_Resume)
    USBD_LL_SOF                              0x08002f55   Thumb Code    32  usbd_core.o(i.USBD_LL_SOF)
    USBD_LL_SetSpeed                         0x08002f75   Thumb Code     6  usbd_core.o(i.USBD_LL_SetSpeed)
    USBD_LL_SetUSBAddress                    0x08002f7b   Thumb Code    18  usbd_conf.o(i.USBD_LL_SetUSBAddress)
    USBD_LL_SetupStage                       0x08002f8d   Thumb Code    96  usbd_core.o(i.USBD_LL_SetupStage)
    USBD_LL_StallEP                          0x08002fed   Thumb Code    18  usbd_conf.o(i.USBD_LL_StallEP)
    USBD_LL_Start                            0x08002fff   Thumb Code    18  usbd_conf.o(i.USBD_LL_Start)
    USBD_LL_Suspend                          0x08003011   Thumb Code    18  usbd_core.o(i.USBD_LL_Suspend)
    USBD_LL_Transmit                         0x08003023   Thumb Code    18  usbd_conf.o(i.USBD_LL_Transmit)
    USBD_ParseSetupRequest                   0x08003035   Thumb Code    44  usbd_ctlreq.o(i.USBD_ParseSetupRequest)
    USBD_RegisterClass                       0x08003061   Thumb Code    36  usbd_core.o(i.USBD_RegisterClass)
    USBD_SetClassConfig                      0x08003085   Thumb Code    20  usbd_core.o(i.USBD_SetClassConfig)
    USBD_Start                               0x08003155   Thumb Code     4  usbd_core.o(i.USBD_Start)
    USBD_StdDevReq                           0x08003159   Thumb Code   276  usbd_ctlreq.o(i.USBD_StdDevReq)
    USBD_StdEPReq                            0x0800326d   Thumb Code   320  usbd_ctlreq.o(i.USBD_StdEPReq)
    USBD_StdItfReq                           0x080033ad   Thumb Code    82  usbd_ctlreq.o(i.USBD_StdItfReq)
    USBD_static_free                         0x080033ff   Thumb Code     2  usbd_conf.o(i.USBD_static_free)
    USBD_static_malloc                       0x08003401   Thumb Code     4  usbd_conf.o(i.USBD_static_malloc)
    USB_ActivateEndpoint                     0x08003409   Thumb Code   122  stm32f4xx_ll_usb.o(i.USB_ActivateEndpoint)
    USB_ActivateSetup                        0x08003489   Thumb Code    28  stm32f4xx_ll_usb.o(i.USB_ActivateSetup)
    USB_CoreInit                             0x080034a5   Thumb Code   112  stm32f4xx_ll_usb.o(i.USB_CoreInit)
    USB_DeactivateEndpoint                   0x08003559   Thumb Code   194  stm32f4xx_ll_usb.o(i.USB_DeactivateEndpoint)
    USB_DevConnect                           0x08003625   Thumb Code    28  stm32f4xx_ll_usb.o(i.USB_DevConnect)
    USB_DevDisconnect                        0x08003641   Thumb Code    28  stm32f4xx_ll_usb.o(i.USB_DevDisconnect)
    USB_DevInit                              0x0800365d   Thumb Code   362  stm32f4xx_ll_usb.o(i.USB_DevInit)
    USB_DisableGlobalInt                     0x080037d1   Thumb Code    12  stm32f4xx_ll_usb.o(i.USB_DisableGlobalInt)
    USB_EP0StartXfer                         0x080037dd   Thumb Code   276  stm32f4xx_ll_usb.o(i.USB_EP0StartXfer)
    USB_EP0_OutStart                         0x080038f5   Thumb Code    84  stm32f4xx_ll_usb.o(i.USB_EP0_OutStart)
    USB_EPClearStall                         0x0800394d   Thumb Code    88  stm32f4xx_ll_usb.o(i.USB_EPClearStall)
    USB_EPSetStall                           0x080039a5   Thumb Code    88  stm32f4xx_ll_usb.o(i.USB_EPSetStall)
    USB_EPStartXfer                          0x080039fd   Thumb Code   482  stm32f4xx_ll_usb.o(i.USB_EPStartXfer)
    USB_EnableGlobalInt                      0x08003be5   Thumb Code    12  stm32f4xx_ll_usb.o(i.USB_EnableGlobalInt)
    USB_FlushRxFifo                          0x08003bf1   Thumb Code    36  stm32f4xx_ll_usb.o(i.USB_FlushRxFifo)
    USB_FlushTxFifo                          0x08003c19   Thumb Code    40  stm32f4xx_ll_usb.o(i.USB_FlushTxFifo)
    USB_GetDevSpeed                          0x08003c45   Thumb Code    26  stm32f4xx_ll_usb.o(i.USB_GetDevSpeed)
    USB_GetMode                              0x08003c5f   Thumb Code     8  stm32f4xx_ll_usb.o(i.USB_GetMode)
    USB_ReadDevAllInEpInterrupt              0x08003c67   Thumb Code    14  stm32f4xx_ll_usb.o(i.USB_ReadDevAllInEpInterrupt)
    USB_ReadDevAllOutEpInterrupt             0x08003c75   Thumb Code    14  stm32f4xx_ll_usb.o(i.USB_ReadDevAllOutEpInterrupt)
    USB_ReadDevInEPInterrupt                 0x08003c83   Thumb Code    36  stm32f4xx_ll_usb.o(i.USB_ReadDevInEPInterrupt)
    USB_ReadDevOutEPInterrupt                0x08003ca7   Thumb Code    16  stm32f4xx_ll_usb.o(i.USB_ReadDevOutEPInterrupt)
    USB_ReadInterrupts                       0x08003cb7   Thumb Code     8  stm32f4xx_ll_usb.o(i.USB_ReadInterrupts)
    USB_ReadPacket                           0x08003cbf   Thumb Code    62  stm32f4xx_ll_usb.o(i.USB_ReadPacket)
    USB_SetCurrentMode                       0x08003cfd   Thumb Code    92  stm32f4xx_ll_usb.o(i.USB_SetCurrentMode)
    USB_SetDevAddress                        0x08003d59   Thumb Code    34  stm32f4xx_ll_usb.o(i.USB_SetDevAddress)
    USB_SetTurnaroundTime                    0x08003d7d   Thumb Code   158  stm32f4xx_ll_usb.o(i.USB_SetTurnaroundTime)
    USB_WritePacket                          0x08003e65   Thumb Code    40  stm32f4xx_ll_usb.o(i.USB_WritePacket)
    UsageFault_Handler                       0x08003e8d   Thumb Code     2  stm32f4xx_it.o(i.UsageFault_Handler)
    Write1Byte                               0x08003e91   Thumb Code    22  screen.o(i.Write1Byte)
    WriteCommand                             0x08003ead   Thumb Code    22  screen.o(i.WriteCommand)
    WriteData                                0x08003ec9   Thumb Code    44  screen.o(i.WriteData)
    __scatterload_copy                       0x08003f19   Thumb Code    14  handlers.o(i.__scatterload_copy)
    __scatterload_null                       0x08003f27   Thumb Code     2  handlers.o(i.__scatterload_null)
    __scatterload_zeroinit                   0x08003f29   Thumb Code    14  handlers.o(i.__scatterload_zeroinit)
    main                                     0x08003f39   Thumb Code   140  main.o(i.main)
    screen_init                              0x08003fcd   Thumb Code  1204  screen.o(i.screen_init)
    AHBPrescTable                            0x08004488   Data          16  system_stm32f4xx.o(.constdata)
    APBPrescTable                            0x08004498   Data           8  system_stm32f4xx.o(.constdata)
    Region$$Table$$Base                      0x080044a0   Number         0  anon$$obj.o(Region$$Table)
    Region$$Table$$Limit                     0x080044d0   Number         0  anon$$obj.o(Region$$Table)
    cnt1                                     0x10000000   Data           4  screen.o(.data)
    cnt2                                     0x10000004   Data           4  screen.o(.data)
    cnt                                      0x10000008   Data           4  main.o(.data)
    screen_number                            0x1000000c   Data           4  main.o(.data)
    FS_Desc                                  0x10000010   Data          28  usbd_desc.o(.data)
    USBD_LangIDDesc                          0x1000002c   Data           4  usbd_desc.o(.data)
    USBD_FS_DeviceDesc                       0x10000030   Data          18  usbd_desc.o(.data)
    USBD_StringSerial                        0x10000044   Data          26  usbd_desc.o(.data)
    USBD_Interface_fops_FS                   0x10000060   Data          20  usbd_cdc_if.o(.data)
    UserRxBufferFS                           0x10000074   Data           4  usbd_cdc_if.o(.data)
    UserTxBufferFS                           0x10000078   Data           4  usbd_cdc_if.o(.data)
    uwTickFreq                               0x1000007c   Data           1  stm32f4xx_hal.o(.data)
    uwTickPrio                               0x10000080   Data           4  stm32f4xx_hal.o(.data)
    uwTick                                   0x10000084   Data           4  stm32f4xx_hal.o(.data)
    cnt6255                                  0x10000088   Data           4  stm32f4xx_hal_spi.o(.data)
    SystemCoreClock                          0x1000008c   Data           4  system_stm32f4xx.o(.data)
    USBD_CDC                                 0x1000016c   Data          56  usbd_cdc.o(.data)
    hspi1                                    0x100001a4   Data          88  spi.o(.bss)
    hdma_spi1_tx                             0x100001fc   Data          96  spi.o(.bss)
    htim14                                   0x1000025c   Data          72  stm32f4xx_hal_timebase_tim.o(.bss)
    hUsbDeviceFS                             0x100002a4   Data         720  usb_device.o(.bss)
    USBD_StrDesc                             0x10000574   Data         512  usbd_desc.o(.bss)
    hpcd_USB_OTG_FS                          0x10000994   Data        1032  usbd_conf.o(.bss)
    __initial_sp                             0x100011a0   Data           0  startup_stm32f407xx.o(STACK)
    usbBuffer                                0x20000000   Data       86452  user_usb.o(.bss)



==============================================================================

Memory Map of the image

  Image Entry point : 0x08000189

  Load Region LR_IROM1 (Base: 0x08000000, Size: 0x00004674, Max: 0x00100000, ABSOLUTE, COMPRESSED[0x00004598])

    Execution Region ER_IROM1 (Exec base: 0x08000000, Load base: 0x08000000, Size: 0x000044d0, Max: 0x00100000, ABSOLUTE)

    Exec Addr    Load Addr    Size         Type   Attr      Idx    E Section Name        Object

    0x08000000   0x08000000   0x00000188   Data   RO            3    RESET               startup_stm32f407xx.o
    0x08000188   0x08000188   0x00000000   Code   RO         4385  * .ARM.Collect$$$$00000000  mc_w.l(entry.o)
    0x08000188   0x08000188   0x00000004   Code   RO         4396    .ARM.Collect$$$$00000001  mc_w.l(entry2.o)
    0x0800018c   0x0800018c   0x00000004   Code   RO         4399    .ARM.Collect$$$$00000004  mc_w.l(entry5.o)
    0x08000190   0x08000190   0x00000000   Code   RO         4401    .ARM.Collect$$$$00000008  mc_w.l(entry7b.o)
    0x08000190   0x08000190   0x00000000   Code   RO         4403    .ARM.Collect$$$$0000000A  mc_w.l(entry8b.o)
    0x08000190   0x08000190   0x00000008   Code   RO         4404    .ARM.Collect$$$$0000000B  mc_w.l(entry9a.o)
    0x08000198   0x08000198   0x00000004   Code   RO         4411    .ARM.Collect$$$$0000000E  mc_w.l(entry12b.o)
    0x0800019c   0x0800019c   0x00000000   Code   RO         4406    .ARM.Collect$$$$0000000F  mc_w.l(entry10a.o)
    0x0800019c   0x0800019c   0x00000000   Code   RO         4408    .ARM.Collect$$$$00000011  mc_w.l(entry11a.o)
    0x0800019c   0x0800019c   0x00000004   Code   RO         4397    .ARM.Collect$$$$00002712  mc_w.l(entry2.o)
    0x080001a0   0x080001a0   0x00000024   Code   RO            4    .text               startup_stm32f407xx.o
    0x080001c4   0x080001c4   0x00000062   Code   RO         4388    .text               mc_w.l(uldiv.o)
    0x08000226   0x08000226   0x00000024   Code   RO         4390    .text               mc_w.l(memcpya.o)
    0x0800024a   0x0800024a   0x00000024   Code   RO         4392    .text               mc_w.l(memseta.o)
    0x0800026e   0x0800026e   0x0000001e   Code   RO         4412    .text               mc_w.l(llshl.o)
    0x0800028c   0x0800028c   0x00000020   Code   RO         4414    .text               mc_w.l(llushr.o)
    0x080002ac   0x080002ac   0x00000024   Code   RO         4416    .text               mc_w.l(init.o)
    0x080002d0   0x080002d0   0x00000056   Code   RO         4426    .text               mc_w.l(__dczerorl2.o)
    0x08000326   0x08000326   0x00000002   Code   RO          440    i.BusFault_Handler  stm32f4xx_it.o
    0x08000328   0x08000328   0x00000004   Code   RO          714    i.CDC_Control_FS    usbd_cdc_if.o
    0x0800032c   0x0800032c   0x00000004   Code   RO          715    i.CDC_DeInit_FS     usbd_cdc_if.o
    0x08000330   0x08000330   0x00000024   Code   RO          716    i.CDC_Init_FS       usbd_cdc_if.o
    0x08000354   0x08000354   0x00000044   Code   RO          717    i.CDC_Receive_FS    usbd_cdc_if.o
    0x08000398   0x08000398   0x00000004   Code   RO          718    i.CDC_TransmitCplt_FS  usbd_cdc_if.o
    0x0800039c   0x0800039c   0x0000000c   Code   RO          441    i.DMA2_Stream3_IRQHandler  stm32f4xx_it.o
    0x080003a8   0x080003a8   0x00000028   Code   RO         2002    i.DMA_CalcBaseAndBitshift  stm32f4xx_hal_dma.o
    0x080003d0   0x080003d0   0x00000054   Code   RO         2003    i.DMA_CheckFifoParam  stm32f4xx_hal_dma.o
    0x08000424   0x08000424   0x00000028   Code   RO         2004    i.DMA_SetConfig     stm32f4xx_hal_dma.o
    0x0800044c   0x0800044c   0x00000002   Code   RO          442    i.DebugMon_Handler  stm32f4xx_it.o
    0x0800044e   0x0800044e   0x00000004   Code   RO          283    i.Error_Handler     main.o
    0x08000452   0x08000452   0x00000002   PAD
    0x08000454   0x08000454   0x00000020   Code   RO           14    i.GetPingPongBufferPtr  user_usb.o
    0x08000474   0x08000474   0x000001a0   Code   RO         2010    i.HAL_DMA_IRQHandler  stm32f4xx_hal_dma.o
    0x08000614   0x08000614   0x000000d4   Code   RO         2011    i.HAL_DMA_Init      stm32f4xx_hal_dma.o
    0x080006e8   0x080006e8   0x0000006e   Code   RO         2015    i.HAL_DMA_Start_IT  stm32f4xx_hal_dma.o
    0x08000756   0x08000756   0x00000002   PAD
    0x08000758   0x08000758   0x00000024   Code   RO         2424    i.HAL_Delay         stm32f4xx_hal.o
    0x0800077c   0x0800077c   0x000001f0   Code   RO         1898    i.HAL_GPIO_Init     stm32f4xx_hal_gpio.o
    0x0800096c   0x0800096c   0x0000000a   Code   RO         1902    i.HAL_GPIO_WritePin  stm32f4xx_hal_gpio.o
    0x08000976   0x08000976   0x00000002   PAD
    0x08000978   0x08000978   0x0000000c   Code   RO         2430    i.HAL_GetTick       stm32f4xx_hal.o
    0x08000984   0x08000984   0x00000010   Code   RO         2436    i.HAL_IncTick       stm32f4xx_hal.o
    0x08000994   0x08000994   0x00000034   Code   RO         2437    i.HAL_Init          stm32f4xx_hal.o
    0x080009c8   0x080009c8   0x00000074   Code   RO          558    i.HAL_InitTick      stm32f4xx_hal_timebase_tim.o
    0x08000a3c   0x08000a3c   0x00000030   Code   RO          534    i.HAL_MspInit       stm32f4xx_hal_msp.o
    0x08000a6c   0x08000a6c   0x0000001a   Code   RO         2287    i.HAL_NVIC_EnableIRQ  stm32f4xx_hal_cortex.o
    0x08000a86   0x08000a86   0x00000002   PAD
    0x08000a88   0x08000a88   0x00000040   Code   RO         2293    i.HAL_NVIC_SetPriority  stm32f4xx_hal_cortex.o
    0x08000ac8   0x08000ac8   0x00000024   Code   RO         2294    i.HAL_NVIC_SetPriorityGrouping  stm32f4xx_hal_cortex.o
    0x08000aec   0x08000aec   0x00000002   Code   RO         1205    i.HAL_PCDEx_LPM_Callback  stm32f4xx_hal_pcd_ex.o
    0x08000aee   0x08000aee   0x00000008   Code   RO         1206    i.HAL_PCDEx_SetRxFiFo  stm32f4xx_hal_pcd_ex.o
    0x08000af6   0x08000af6   0x00000044   Code   RO         1207    i.HAL_PCDEx_SetTxFiFo  stm32f4xx_hal_pcd_ex.o
    0x08000b3a   0x08000b3a   0x00000008   Code   RO          771    i.HAL_PCD_ConnectCallback  usbd_conf.o
    0x08000b42   0x08000b42   0x00000012   Code   RO          772    i.HAL_PCD_DataInStageCallback  usbd_conf.o
    0x08000b54   0x08000b54   0x00000014   Code   RO          773    i.HAL_PCD_DataOutStageCallback  usbd_conf.o
    0x08000b68   0x08000b68   0x00000008   Code   RO          774    i.HAL_PCD_DisconnectCallback  usbd_conf.o
    0x08000b70   0x08000b70   0x0000004c   Code   RO          987    i.HAL_PCD_EP_Close  stm32f4xx_hal_pcd.o
    0x08000bbc   0x08000bbc   0x0000005c   Code   RO          988    i.HAL_PCD_EP_ClrStall  stm32f4xx_hal_pcd.o
    0x08000c18   0x08000c18   0x00000012   Code   RO          990    i.HAL_PCD_EP_GetRxCount  stm32f4xx_hal_pcd.o
    0x08000c2a   0x08000c2a   0x00000060   Code   RO          991    i.HAL_PCD_EP_Open   stm32f4xx_hal_pcd.o
    0x08000c8a   0x08000c8a   0x00000048   Code   RO          992    i.HAL_PCD_EP_Receive  stm32f4xx_hal_pcd.o
    0x08000cd2   0x08000cd2   0x00000074   Code   RO          993    i.HAL_PCD_EP_SetStall  stm32f4xx_hal_pcd.o
    0x08000d46   0x08000d46   0x00000040   Code   RO          994    i.HAL_PCD_EP_Transmit  stm32f4xx_hal_pcd.o
    0x08000d86   0x08000d86   0x00000002   PAD
    0x08000d88   0x08000d88   0x00000434   Code   RO          996    i.HAL_PCD_IRQHandler  stm32f4xx_hal_pcd.o
    0x080011bc   0x080011bc   0x00000008   Code   RO          775    i.HAL_PCD_ISOINIncompleteCallback  usbd_conf.o
    0x080011c4   0x080011c4   0x00000008   Code   RO          776    i.HAL_PCD_ISOOUTIncompleteCallback  usbd_conf.o
    0x080011cc   0x080011cc   0x000000e2   Code   RO          999    i.HAL_PCD_Init      stm32f4xx_hal_pcd.o
    0x080012ae   0x080012ae   0x00000002   PAD
    0x080012b0   0x080012b0   0x00000084   Code   RO          778    i.HAL_PCD_MspInit   usbd_conf.o
    0x08001334   0x08001334   0x0000002c   Code   RO          779    i.HAL_PCD_ResetCallback  usbd_conf.o
    0x08001360   0x08001360   0x00000008   Code   RO          780    i.HAL_PCD_ResumeCallback  usbd_conf.o
    0x08001368   0x08001368   0x00000008   Code   RO          781    i.HAL_PCD_SOFCallback  usbd_conf.o
    0x08001370   0x08001370   0x00000028   Code   RO         1005    i.HAL_PCD_SetAddress  stm32f4xx_hal_pcd.o
    0x08001398   0x08001398   0x0000000e   Code   RO          782    i.HAL_PCD_SetupStageCallback  usbd_conf.o
    0x080013a6   0x080013a6   0x00000042   Code   RO         1007    i.HAL_PCD_Start     stm32f4xx_hal_pcd.o
    0x080013e8   0x080013e8   0x00000030   Code   RO          783    i.HAL_PCD_SuspendCallback  usbd_conf.o
    0x08001418   0x08001418   0x00000134   Code   RO         1544    i.HAL_RCC_ClockConfig  stm32f4xx_hal_rcc.o
    0x0800154c   0x0800154c   0x00000040   Code   RO         1548    i.HAL_RCC_GetClockConfig  stm32f4xx_hal_rcc.o
    0x0800158c   0x0800158c   0x0000000c   Code   RO         1549    i.HAL_RCC_GetHCLKFreq  stm32f4xx_hal_rcc.o
    0x08001598   0x08001598   0x00000020   Code   RO         1551    i.HAL_RCC_GetPCLK1Freq  stm32f4xx_hal_rcc.o
    0x080015b8   0x080015b8   0x00000060   Code   RO         1553    i.HAL_RCC_GetSysClockFreq  stm32f4xx_hal_rcc.o
    0x08001618   0x08001618   0x0000036c   Code   RO         1556    i.HAL_RCC_OscConfig  stm32f4xx_hal_rcc.o
    0x08001984   0x08001984   0x00000002   Code   RO         2682    i.HAL_SPI_ErrorCallback  stm32f4xx_hal_spi.o
    0x08001986   0x08001986   0x000000bc   Code   RO         2686    i.HAL_SPI_Init      stm32f4xx_hal_spi.o
    0x08001a42   0x08001a42   0x00000002   PAD
    0x08001a44   0x08001a44   0x000000c0   Code   RO          389    i.HAL_SPI_MspInit   spi.o
    0x08001b04   0x08001b04   0x00000166   Code   RO         2694    i.HAL_SPI_Transmit  stm32f4xx_hal_spi.o
    0x08001c6a   0x08001c6a   0x00000002   PAD
    0x08001c6c   0x08001c6c   0x000000e4   Code   RO         2698    i.HAL_SPI_Transmit_DMA  stm32f4xx_hal_spi.o
    0x08001d50   0x08001d50   0x00000002   Code   RO         2700    i.HAL_SPI_TxCpltCallback  stm32f4xx_hal_spi.o
    0x08001d52   0x08001d52   0x00000002   Code   RO         2701    i.HAL_SPI_TxHalfCpltCallback  stm32f4xx_hal_spi.o
    0x08001d54   0x08001d54   0x00000002   Code   RO         3706    i.HAL_TIMEx_BreakCallback  stm32f4xx_hal_tim_ex.o
    0x08001d56   0x08001d56   0x00000002   Code   RO         3707    i.HAL_TIMEx_CommutCallback  stm32f4xx_hal_tim_ex.o
    0x08001d58   0x08001d58   0x0000005a   Code   RO         3002    i.HAL_TIM_Base_Init  stm32f4xx_hal_tim.o
    0x08001db2   0x08001db2   0x00000002   Code   RO         3004    i.HAL_TIM_Base_MspInit  stm32f4xx_hal_tim.o
    0x08001db4   0x08001db4   0x00000080   Code   RO         3007    i.HAL_TIM_Base_Start_IT  stm32f4xx_hal_tim.o
    0x08001e34   0x08001e34   0x00000002   Code   RO         3036    i.HAL_TIM_IC_CaptureCallback  stm32f4xx_hal_tim.o
    0x08001e36   0x08001e36   0x00000166   Code   RO         3050    i.HAL_TIM_IRQHandler  stm32f4xx_hal_tim.o
    0x08001f9c   0x08001f9c   0x00000002   Code   RO         3053    i.HAL_TIM_OC_DelayElapsedCallback  stm32f4xx_hal_tim.o
    0x08001f9e   0x08001f9e   0x00000002   Code   RO         3080    i.HAL_TIM_PWM_PulseFinishedCallback  stm32f4xx_hal_tim.o
    0x08001fa0   0x08001fa0   0x00000014   Code   RO          284    i.HAL_TIM_PeriodElapsedCallback  main.o
    0x08001fb4   0x08001fb4   0x00000002   Code   RO         3093    i.HAL_TIM_TriggerCallback  stm32f4xx_hal_tim.o
    0x08001fb6   0x08001fb6   0x00000002   Code   RO          443    i.HardFault_Handler  stm32f4xx_it.o
    0x08001fb8   0x08001fb8   0x00000038   Code   RO          628    i.IntToUnicode      usbd_desc.o
    0x08001ff0   0x08001ff0   0x0000002c   Code   RO          362    i.MX_DMA_Init       dma.o
    0x0800201c   0x0800201c   0x000000a4   Code   RO          338    i.MX_GPIO_Init      gpio.o
    0x080020c0   0x080020c0   0x00000044   Code   RO          390    i.MX_SPI1_Init      spi.o
    0x08002104   0x08002104   0x00000054   Code   RO          597    i.MX_USB_DEVICE_Init  usb_device.o
    0x08002158   0x08002158   0x00000002   Code   RO          444    i.MemManage_Handler  stm32f4xx_it.o
    0x0800215a   0x0800215a   0x00000002   Code   RO          445    i.NMI_Handler       stm32f4xx_it.o
    0x0800215c   0x0800215c   0x0000000c   Code   RO          446    i.OTG_FS_IRQHandler  stm32f4xx_it.o
    0x08002168   0x08002168   0x000000cc   Code   RO         1011    i.PCD_EP_OutXfrComplete_int  stm32f4xx_hal_pcd.o
    0x08002234   0x08002234   0x000000a2   Code   RO         1012    i.PCD_WriteEmptyTxFifo  stm32f4xx_hal_pcd.o
    0x080022d6   0x080022d6   0x00000002   Code   RO          447    i.PendSV_Handler    stm32f4xx_it.o
    0x080022d8   0x080022d8   0x00000022   Code   RO         2714    i.SPI_DMAError      stm32f4xx_hal_spi.o
    0x080022fa   0x080022fa   0x0000000a   Code   RO         2716    i.SPI_DMAHalfTransmitCplt  stm32f4xx_hal_spi.o
    0x08002304   0x08002304   0x00000064   Code   RO         2720    i.SPI_DMATransmitCplt  stm32f4xx_hal_spi.o
    0x08002368   0x08002368   0x00000058   Code   RO         2724    i.SPI_EndRxTxTransaction  stm32f4xx_hal_spi.o
    0x080023c0   0x080023c0   0x000000b8   Code   RO         2729    i.SPI_WaitFlagStateUntilTimeout  stm32f4xx_hal_spi.o
    0x08002478   0x08002478   0x00000002   Code   RO          448    i.SVC_Handler       stm32f4xx_it.o
    0x0800247a   0x0800247a   0x0000000a   Code   RO         4149    i.SWAPBYTE          usbd_ctlreq.o
    0x08002484   0x08002484   0x00000018   Code   RO          205    i.Screen_Reset      screen.o
    0x0800249c   0x0800249c   0x00000018   Code   RO          206    i.Screen_SetDataOrCommand  screen.o
    0x080024b4   0x080024b4   0x00000054   Code   RO          207    i.Screen_SetWindow  screen.o
    0x08002508   0x08002508   0x00000030   Code   RO          208    i.Screen_WriteFrameBuffer  screen.o
    0x08002538   0x08002538   0x00000002   Code   RO          449    i.SysTick_Handler   stm32f4xx_it.o
    0x0800253a   0x0800253a   0x00000002   PAD
    0x0800253c   0x0800253c   0x00000090   Code   RO          285    i.SystemClock_Config  main.o
    0x080025cc   0x080025cc   0x00000010   Code   RO         3974    i.SystemInit        system_stm32f4xx.o
    0x080025dc   0x080025dc   0x0000000c   Code   RO          450    i.TIM8_TRG_COM_TIM14_IRQHandler  stm32f4xx_it.o
    0x080025e8   0x080025e8   0x000000c8   Code   RO         3095    i.TIM_Base_SetConfig  stm32f4xx_hal_tim.o
    0x080026b0   0x080026b0   0x00000062   Code   RO         4282    i.USBD_CDC_DataIn   usbd_cdc.o
    0x08002712   0x08002712   0x0000002a   Code   RO         4283    i.USBD_CDC_DataOut  usbd_cdc.o
    0x0800273c   0x0800273c   0x00000048   Code   RO         4284    i.USBD_CDC_DeInit   usbd_cdc.o
    0x08002784   0x08002784   0x0000002e   Code   RO         4285    i.USBD_CDC_EP0_RxReady  usbd_cdc.o
    0x080027b2   0x080027b2   0x00000002   PAD
    0x080027b4   0x080027b4   0x0000000c   Code   RO         4286    i.USBD_CDC_GetDeviceQualifierDescriptor  usbd_cdc.o
    0x080027c0   0x080027c0   0x0000000c   Code   RO         4287    i.USBD_CDC_GetFSCfgDesc  usbd_cdc.o
    0x080027cc   0x080027cc   0x0000000c   Code   RO         4288    i.USBD_CDC_GetHSCfgDesc  usbd_cdc.o
    0x080027d8   0x080027d8   0x0000000c   Code   RO         4289    i.USBD_CDC_GetOtherSpeedCfgDesc  usbd_cdc.o
    0x080027e4   0x080027e4   0x000000a2   Code   RO         4290    i.USBD_CDC_Init     usbd_cdc.o
    0x08002886   0x08002886   0x00000028   Code   RO         4291    i.USBD_CDC_ReceivePacket  usbd_cdc.o
    0x080028ae   0x080028ae   0x0000000e   Code   RO         4292    i.USBD_CDC_RegisterInterface  usbd_cdc.o
    0x080028bc   0x080028bc   0x00000012   Code   RO         4293    i.USBD_CDC_SetRxBuffer  usbd_cdc.o
    0x080028ce   0x080028ce   0x00000016   Code   RO         4294    i.USBD_CDC_SetTxBuffer  usbd_cdc.o
    0x080028e4   0x080028e4   0x000000be   Code   RO         4295    i.USBD_CDC_Setup    usbd_cdc.o
    0x080029a2   0x080029a2   0x00000010   Code   RO         4011    i.USBD_ClrClassConfig  usbd_core.o
    0x080029b2   0x080029b2   0x00000010   Code   RO         4222    i.USBD_CtlContinueRx  usbd_ioreq.o
    0x080029c2   0x080029c2   0x00000010   Code   RO         4223    i.USBD_CtlContinueSendData  usbd_ioreq.o
    0x080029d2   0x080029d2   0x00000016   Code   RO         4150    i.USBD_CtlError     usbd_ctlreq.o
    0x080029e8   0x080029e8   0x0000001e   Code   RO         4224    i.USBD_CtlPrepareRx  usbd_ioreq.o
    0x08002a06   0x08002a06   0x00000016   Code   RO         4225    i.USBD_CtlReceiveStatus  usbd_ioreq.o
    0x08002a1c   0x08002a1c   0x0000001a   Code   RO         4226    i.USBD_CtlSendData  usbd_ioreq.o
    0x08002a36   0x08002a36   0x00000016   Code   RO         4227    i.USBD_CtlSendStatus  usbd_ioreq.o
    0x08002a4c   0x08002a4c   0x00000020   Code   RO          629    i.USBD_FS_ConfigStrDescriptor  usbd_desc.o
    0x08002a6c   0x08002a6c   0x0000000c   Code   RO          630    i.USBD_FS_DeviceDescriptor  usbd_desc.o
    0x08002a78   0x08002a78   0x00000024   Code   RO          631    i.USBD_FS_InterfaceStrDescriptor  usbd_desc.o
    0x08002a9c   0x08002a9c   0x0000000c   Code   RO          632    i.USBD_FS_LangIDStrDescriptor  usbd_desc.o
    0x08002aa8   0x08002aa8   0x00000028   Code   RO          633    i.USBD_FS_ManufacturerStrDescriptor  usbd_desc.o
    0x08002ad0   0x08002ad0   0x0000002c   Code   RO          634    i.USBD_FS_ProductStrDescriptor  usbd_desc.o
    0x08002afc   0x08002afc   0x00000038   Code   RO          635    i.USBD_FS_SerialStrDescriptor  usbd_desc.o
    0x08002b34   0x08002b34   0x000000e6   Code   RO         4151    i.USBD_GetDescriptor  usbd_ctlreq.o
    0x08002c1a   0x08002c1a   0x00000048   Code   RO         4152    i.USBD_GetString    usbd_ctlreq.o
    0x08002c62   0x08002c62   0x00000018   Code   RO          784    i.USBD_Get_USB_Status  usbd_conf.o
    0x08002c7a   0x08002c7a   0x00000026   Code   RO         4013    i.USBD_Init         usbd_core.o
    0x08002ca0   0x08002ca0   0x00000012   Code   RO          785    i.USBD_LL_ClearStallEP  usbd_conf.o
    0x08002cb2   0x08002cb2   0x00000012   Code   RO          786    i.USBD_LL_CloseEP   usbd_conf.o
    0x08002cc4   0x08002cc4   0x000000a8   Code   RO         4014    i.USBD_LL_DataInStage  usbd_core.o
    0x08002d6c   0x08002d6c   0x0000006c   Code   RO         4015    i.USBD_LL_DataOutStage  usbd_core.o
    0x08002dd8   0x08002dd8   0x00000004   Code   RO         4016    i.USBD_LL_DevConnected  usbd_core.o
    0x08002ddc   0x08002ddc   0x00000018   Code   RO         4017    i.USBD_LL_DevDisconnected  usbd_core.o
    0x08002df4   0x08002df4   0x00000008   Code   RO          790    i.USBD_LL_GetRxDataSize  usbd_conf.o
    0x08002dfc   0x08002dfc   0x00000060   Code   RO          791    i.USBD_LL_Init      usbd_conf.o
    0x08002e5c   0x08002e5c   0x00000020   Code   RO          792    i.USBD_LL_IsStallEP  usbd_conf.o
    0x08002e7c   0x08002e7c   0x00000020   Code   RO         4018    i.USBD_LL_IsoINIncomplete  usbd_core.o
    0x08002e9c   0x08002e9c   0x00000020   Code   RO         4019    i.USBD_LL_IsoOUTIncomplete  usbd_core.o
    0x08002ebc   0x08002ebc   0x00000018   Code   RO          793    i.USBD_LL_OpenEP    usbd_conf.o
    0x08002ed4   0x08002ed4   0x00000012   Code   RO          794    i.USBD_LL_PrepareReceive  usbd_conf.o
    0x08002ee6   0x08002ee6   0x0000005a   Code   RO         4020    i.USBD_LL_Reset     usbd_core.o
    0x08002f40   0x08002f40   0x00000014   Code   RO         4021    i.USBD_LL_Resume    usbd_core.o
    0x08002f54   0x08002f54   0x00000020   Code   RO         4022    i.USBD_LL_SOF       usbd_core.o
    0x08002f74   0x08002f74   0x00000006   Code   RO         4023    i.USBD_LL_SetSpeed  usbd_core.o
    0x08002f7a   0x08002f7a   0x00000012   Code   RO          795    i.USBD_LL_SetUSBAddress  usbd_conf.o
    0x08002f8c   0x08002f8c   0x00000060   Code   RO         4024    i.USBD_LL_SetupStage  usbd_core.o
    0x08002fec   0x08002fec   0x00000012   Code   RO          796    i.USBD_LL_StallEP   usbd_conf.o
    0x08002ffe   0x08002ffe   0x00000012   Code   RO          797    i.USBD_LL_Start     usbd_conf.o
    0x08003010   0x08003010   0x00000012   Code   RO         4025    i.USBD_LL_Suspend   usbd_core.o
    0x08003022   0x08003022   0x00000012   Code   RO          799    i.USBD_LL_Transmit  usbd_conf.o
    0x08003034   0x08003034   0x0000002c   Code   RO         4153    i.USBD_ParseSetupRequest  usbd_ctlreq.o
    0x08003060   0x08003060   0x00000024   Code   RO         4026    i.USBD_RegisterClass  usbd_core.o
    0x08003084   0x08003084   0x00000014   Code   RO         4028    i.USBD_SetClassConfig  usbd_core.o
    0x08003098   0x08003098   0x000000bc   Code   RO         4154    i.USBD_SetConfig    usbd_ctlreq.o
    0x08003154   0x08003154   0x00000004   Code   RO         4029    i.USBD_Start        usbd_core.o
    0x08003158   0x08003158   0x00000114   Code   RO         4155    i.USBD_StdDevReq    usbd_ctlreq.o
    0x0800326c   0x0800326c   0x00000140   Code   RO         4156    i.USBD_StdEPReq     usbd_ctlreq.o
    0x080033ac   0x080033ac   0x00000052   Code   RO         4157    i.USBD_StdItfReq    usbd_ctlreq.o
    0x080033fe   0x080033fe   0x00000002   Code   RO          800    i.USBD_static_free  usbd_conf.o
    0x08003400   0x08003400   0x00000008   Code   RO          801    i.USBD_static_malloc  usbd_conf.o
    0x08003408   0x08003408   0x00000080   Code   RO         1247    i.USB_ActivateEndpoint  stm32f4xx_ll_usb.o
    0x08003488   0x08003488   0x0000001c   Code   RO         1249    i.USB_ActivateSetup  stm32f4xx_ll_usb.o
    0x080034a4   0x080034a4   0x00000074   Code   RO         1251    i.USB_CoreInit      stm32f4xx_ll_usb.o
    0x08003518   0x08003518   0x00000040   Code   RO         1252    i.USB_CoreReset     stm32f4xx_ll_usb.o
    0x08003558   0x08003558   0x000000cc   Code   RO         1255    i.USB_DeactivateEndpoint  stm32f4xx_ll_usb.o
    0x08003624   0x08003624   0x0000001c   Code   RO         1256    i.USB_DevConnect    stm32f4xx_ll_usb.o
    0x08003640   0x08003640   0x0000001c   Code   RO         1257    i.USB_DevDisconnect  stm32f4xx_ll_usb.o
    0x0800365c   0x0800365c   0x00000174   Code   RO         1258    i.USB_DevInit       stm32f4xx_ll_usb.o
    0x080037d0   0x080037d0   0x0000000c   Code   RO         1259    i.USB_DisableGlobalInt  stm32f4xx_ll_usb.o
    0x080037dc   0x080037dc   0x00000118   Code   RO         1262    i.USB_EP0StartXfer  stm32f4xx_ll_usb.o
    0x080038f4   0x080038f4   0x00000058   Code   RO         1263    i.USB_EP0_OutStart  stm32f4xx_ll_usb.o
    0x0800394c   0x0800394c   0x00000058   Code   RO         1264    i.USB_EPClearStall  stm32f4xx_ll_usb.o
    0x080039a4   0x080039a4   0x00000058   Code   RO         1265    i.USB_EPSetStall    stm32f4xx_ll_usb.o
    0x080039fc   0x080039fc   0x000001e8   Code   RO         1266    i.USB_EPStartXfer   stm32f4xx_ll_usb.o
    0x08003be4   0x08003be4   0x0000000c   Code   RO         1267    i.USB_EnableGlobalInt  stm32f4xx_ll_usb.o
    0x08003bf0   0x08003bf0   0x00000028   Code   RO         1268    i.USB_FlushRxFifo   stm32f4xx_ll_usb.o
    0x08003c18   0x08003c18   0x0000002c   Code   RO         1269    i.USB_FlushTxFifo   stm32f4xx_ll_usb.o
    0x08003c44   0x08003c44   0x0000001a   Code   RO         1271    i.USB_GetDevSpeed   stm32f4xx_ll_usb.o
    0x08003c5e   0x08003c5e   0x00000008   Code   RO         1273    i.USB_GetMode       stm32f4xx_ll_usb.o
    0x08003c66   0x08003c66   0x0000000e   Code   RO         1280    i.USB_ReadDevAllInEpInterrupt  stm32f4xx_ll_usb.o
    0x08003c74   0x08003c74   0x0000000e   Code   RO         1281    i.USB_ReadDevAllOutEpInterrupt  stm32f4xx_ll_usb.o
    0x08003c82   0x08003c82   0x00000024   Code   RO         1282    i.USB_ReadDevInEPInterrupt  stm32f4xx_ll_usb.o
    0x08003ca6   0x08003ca6   0x00000010   Code   RO         1283    i.USB_ReadDevOutEPInterrupt  stm32f4xx_ll_usb.o
    0x08003cb6   0x08003cb6   0x00000008   Code   RO         1284    i.USB_ReadInterrupts  stm32f4xx_ll_usb.o
    0x08003cbe   0x08003cbe   0x0000003e   Code   RO         1285    i.USB_ReadPacket    stm32f4xx_ll_usb.o
    0x08003cfc   0x08003cfc   0x0000005c   Code   RO         1287    i.USB_SetCurrentMode  stm32f4xx_ll_usb.o
    0x08003d58   0x08003d58   0x00000022   Code   RO         1288    i.USB_SetDevAddress  stm32f4xx_ll_usb.o
    0x08003d7a   0x08003d7a   0x00000002   PAD
    0x08003d7c   0x08003d7c   0x000000e8   Code   RO         1290    i.USB_SetTurnaroundTime  stm32f4xx_ll_usb.o
    0x08003e64   0x08003e64   0x00000028   Code   RO         1293    i.USB_WritePacket   stm32f4xx_ll_usb.o
    0x08003e8c   0x08003e8c   0x00000002   Code   RO          451    i.UsageFault_Handler  stm32f4xx_it.o
    0x08003e8e   0x08003e8e   0x00000002   PAD
    0x08003e90   0x08003e90   0x0000001c   Code   RO          209    i.Write1Byte        screen.o
    0x08003eac   0x08003eac   0x0000001c   Code   RO          210    i.WriteCommand      screen.o
    0x08003ec8   0x08003ec8   0x00000030   Code   RO          211    i.WriteData         screen.o
    0x08003ef8   0x08003ef8   0x00000020   Code   RO         2300    i.__NVIC_SetPriority  stm32f4xx_hal_cortex.o
    0x08003f18   0x08003f18   0x0000000e   Code   RO         4420    i.__scatterload_copy  mc_w.l(handlers.o)
    0x08003f26   0x08003f26   0x00000002   Code   RO         4421    i.__scatterload_null  mc_w.l(handlers.o)
    0x08003f28   0x08003f28   0x0000000e   Code   RO         4422    i.__scatterload_zeroinit  mc_w.l(handlers.o)
    0x08003f36   0x08003f36   0x00000002   PAD
    0x08003f38   0x08003f38   0x00000094   Code   RO          286    i.main              main.o
    0x08003fcc   0x08003fcc   0x000004b4   Code   RO          212    i.screen_init       screen.o
    0x08004480   0x08004480   0x00000008   Data   RO         2017    .constdata          stm32f4xx_hal_dma.o
    0x08004488   0x08004488   0x00000010   Data   RO         3975    .constdata          system_stm32f4xx.o
    0x08004498   0x08004498   0x00000008   Data   RO         3976    .constdata          system_stm32f4xx.o
    0x080044a0   0x080044a0   0x00000030   Data   RO         4418    Region$$Table       anon$$obj.o


    Execution Region RW_IRAM2 (Exec base: 0x10000000, Load base: 0x080044d0, Size: 0x000011a0, Max: 0x00010000, ABSOLUTE, COMPRESSED[0x000000c8])

    Exec Addr    Load Addr    Size         Type   Attr      Idx    E Section Name        Object

    0x10000000   COMPRESSED   0x00000008   Data   RW          215    .data               screen.o
    0x10000008   COMPRESSED   0x00000008   Data   RW          287    .data               main.o
    0x10000010   COMPRESSED   0x0000001c   Data   RW          637    .data               usbd_desc.o
    0x1000002c   COMPRESSED   0x00000032   Data   RW          638    .data               usbd_desc.o
    0x1000005e   COMPRESSED   0x00000002   PAD
    0x10000060   COMPRESSED   0x00000014   Data   RW          720    .data               usbd_cdc_if.o
    0x10000074   COMPRESSED   0x00000008   Data   RW          721    .data               usbd_cdc_if.o
    0x1000007c   COMPRESSED   0x0000000c   Data   RW         2444    .data               stm32f4xx_hal.o
    0x10000088   COMPRESSED   0x00000004   Data   RW         2730    .data               stm32f4xx_hal_spi.o
    0x1000008c   COMPRESSED   0x00000004   Data   RW         3977    .data               system_stm32f4xx.o
    0x10000090   COMPRESSED   0x00000001   Data   RW         4158    .data               usbd_ctlreq.o
    0x10000091   COMPRESSED   0x00000003   PAD
    0x10000094   COMPRESSED   0x000000d7   Data   RW         4297    .data               usbd_cdc.o
    0x1000016b   COMPRESSED   0x00000001   PAD
    0x1000016c   COMPRESSED   0x00000038   Data   RW         4298    .data               usbd_cdc.o
    0x100001a4        -       0x000000b8   Zero   RW          391    .bss                spi.o
    0x1000025c        -       0x00000048   Zero   RW          561    .bss                stm32f4xx_hal_timebase_tim.o
    0x100002a4        -       0x000002d0   Zero   RW          598    .bss                usb_device.o
    0x10000574        -       0x00000200   Zero   RW          636    .bss                usbd_desc.o
    0x10000774        -       0x00000628   Zero   RW          802    .bss                usbd_conf.o
    0x10000d9c   COMPRESSED   0x00000004   PAD
    0x10000da0        -       0x00000400   Zero   RW            1    STACK               startup_stm32f407xx.o


    Execution Region RW_IRAM1 (Exec base: 0x20000000, Load base: 0x080044d0, Size: 0x000151b4, Max: 0x00020000, ABSOLUTE)

    Exec Addr    Load Addr    Size         Type   Attr      Idx    E Section Name        Object

    0x20000000        -       0x000151b4   Zero   RW           17    .bss                user_usb.o


==============================================================================

Image component sizes


      Code (inc. data)   RO Data    RW Data    ZI Data      Debug   Object Name

        44          4          0          0          0        766   dma.o
       164         14          0          0          0        959   gpio.o
       316         22          0          8          0       3203   main.o
      1488         38          0          8          0       6728   screen.o
       260         32          0          0        184       1802   spi.o
        36          8        392          0       1024        832   startup_stm32f407xx.o
       116         18          0         12          0       8682   stm32f4xx_hal.o
       158         14          0          0          0      33126   stm32f4xx_hal_cortex.o
       902         16          8          0          0       5767   stm32f4xx_hal_dma.o
       506         46          0          0          0       2180   stm32f4xx_hal_gpio.o
        48          6          0          0          0        846   stm32f4xx_hal_msp.o
      2308         14          0          0          0      12685   stm32f4xx_hal_pcd.o
        78          0          0          0          0       2377   stm32f4xx_hal_pcd_ex.o
      1388         76          0          0          0       5746   stm32f4xx_hal_rcc.o
      1196         30          0          4          0       9269   stm32f4xx_hal_spi.o
       786         72          0          0          0       7304   stm32f4xx_hal_tim.o
         4          0          0          0          0       1585   stm32f4xx_hal_tim_ex.o
       116         16          0          0         72       1408   stm32f4xx_hal_timebase_tim.o
        54         18          0          0          0       5544   stm32f4xx_it.o
      2690        132          0          0          0      22950   stm32f4xx_ll_usb.o
        16          4         24          4          0       1115   system_stm32f4xx.o
        84         18          0          0        720        800   usb_device.o
       752         16          0        271          0      12867   usbd_cdc.o
       116         22          0         28          0       3320   usbd_cdc_if.o
       644         24          0          0       1576      16676   usbd_conf.o
       744          0          0          0          0      12525   usbd_core.o
      1244         30          0          1          0      14264   usbd_ctlreq.o
       288        104          0         78        512       6129   usbd_desc.o
       132          0          0          0          0       4492   usbd_ioreq.o
        32          4          0          0      86452     704023   user_usb.o

    ----------------------------------------------------------------------
     16734        798        472        420      90544     909970   Object Totals
         0          0         48          0          0          0   (incl. Generated)
        24          0          0          6          4          0   (incl. Padding)

    ----------------------------------------------------------------------

      Code (inc. data)   RO Data    RW Data    ZI Data      Debug   Library Member Name

        86          0          0          0          0          0   __dczerorl2.o
         0          0          0          0          0          0   entry.o
         0          0          0          0          0          0   entry10a.o
         0          0          0          0          0          0   entry11a.o
         4          0          0          0          0          0   entry12b.o
         8          4          0          0          0          0   entry2.o
         4          0          0          0          0          0   entry5.o
         0          0          0          0          0          0   entry7b.o
         0          0          0          0          0          0   entry8b.o
         8          4          0          0          0          0   entry9a.o
        30          0          0          0          0          0   handlers.o
        36          8          0          0          0         68   init.o
        30          0          0          0          0         68   llshl.o
        32          0          0          0          0         68   llushr.o
        36          0          0          0          0         68   memcpya.o
        36          0          0          0          0        108   memseta.o
        98          0          0          0          0         92   uldiv.o

    ----------------------------------------------------------------------
       410         16          0          0          0        472   Library Totals
         2          0          0          0          0          0   (incl. Padding)

    ----------------------------------------------------------------------

      Code (inc. data)   RO Data    RW Data    ZI Data      Debug   Library Name

       408         16          0          0          0        472   mc_w.l

    ----------------------------------------------------------------------
       410         16          0          0          0        472   Library Totals

    ----------------------------------------------------------------------

==============================================================================


      Code (inc. data)   RO Data    RW Data    ZI Data      Debug   

     17144        814        472        420      90544     890670   Grand Totals
     17144        814        472        200      90544     890670   ELF Image Totals (compressed)
     17144        814        472        200          0          0   ROM Totals

==============================================================================

    Total RO  Size (Code + RO Data)                17616 (  17.20kB)
    Total RW  Size (RW Data + ZI Data)             90964 (  88.83kB)
    Total ROM Size (Code + RO Data + RW Data)      17816 (  17.40kB)

==============================================================================

