<html>
<body>
<pre>
<h1>µVision Build Log</h1>
<h2>Tool Versions:</h2>
IDE-Version: ¦ÌVision V5.36.0.0
Copyright (C) 2021 ARM Ltd and ARM Germany GmbH. All rights reserved.
License Information: w 473028790@qq.com, w, LIC=LSNXV-PFLPC-63PMB-2KNI4-SK4DW-RMB2S
 
Tool Versions:
Toolchain:       MDK-ARM Plus  Version: 5.36.0.0
Toolchain Path:  C:\Keil_v5\ARM\ARMCC\Bin
C Compiler:      Armcc.exe V5.06 update 7 (build 960)
Assembler:       Armasm.exe V5.06 update 7 (build 960)
Linker/Locator:  ArmLink.exe V5.06 update 7 (build 960)
Library Manager: ArmAr.exe V5.06 update 7 (build 960)
Hex Converter:   FromElf.exe V5.06 update 7 (build 960)
CPU DLL:         SARMCM3.DLL V5.36.0.0
Dialog DLL:      DCM.DLL V1.17.3.0
Target DLL:      CMSIS_AGDI.dll V1.33.0.0
Dialog DLL:      TCM.DLL V1.53.0.0
 
<h2>Project:</h2>
C:\Users\47302\Desktop\F722\STM32F7\MDK-ARM\STM32F7.uvprojx
Project File Date:  10/12/2024

<h2>Output:</h2>
*** Using Compiler 'V5.06 update 7 (build 960)', folder: 'C:\Keil_v5\ARM\ARMCC\Bin'
Build target 'STM32F7'
compiling main.c...
../Core/Inc/User_usb.h(19): warning:  #1295-D: Deprecated declaration GetLcdBufferPtr - give arg types
  uint8_t* GetLcdBufferPtr();
../Core/Inc/User_usb.h(21): warning:  #1295-D: Deprecated declaration SwitchPingPongBuffer - give arg types
  void SwitchPingPongBuffer();
../Core/Inc/User_usb.h(22): warning:  #1295-D: Deprecated declaration GetPingPongBufferPtr - give arg types
  uint8_t* GetPingPongBufferPtr();
../Core/Inc/User_usb.h(23): warning:  #1295-D: Deprecated declaration GetExtraDataRxPtr - give arg types
  uint8_t* GetExtraDataRxPtr();
../Core/Src/main.c(117): warning:  #188-D: enumerated type mixed with another type
  	screen_init(2);
../Core/Src/main.c: 5 warnings, 0 errors
linking...
Program Size: Code=29604 RO-data=624 RW-data=444 ZI-data=109052  
FromELF: creating hex file...
"STM32F7\STM32F7.axf" - 0 Error(s), 5 Warning(s).

<h2>Software Packages used:</h2>

Package Vendor: ARM
                http://www.keil.com/pack/ARM.CMSIS.5.8.0.pack
                ARM.CMSIS.5.8.0
                CMSIS (Common Microcontroller Software Interface Standard)
   * Component: CORE Version: 5.5.0

Package Vendor: Keil
                https://www.keil.com/pack/Keil.STM32F7xx_DFP.2.16.0.pack
                Keil.STM32F7xx_DFP.2.16.0
                STMicroelectronics STM32F7 Series Device Support, Drivers and Examples

<h2>Collection of Component include folders:</h2>
  .\RTE\_STM32F7
  C:\Users\47302\AppData\Local\Arm\Packs\ARM\CMSIS\5.8.0\CMSIS\Core\Include
  C:\Users\47302\AppData\Local\Arm\Packs\Keil\STM32F7xx_DFP\2.16.0\Drivers\CMSIS\Device\ST\STM32F7xx\Include

<h2>Collection of Component Files used:</h2>

   * Component: ARM::CMSIS:CORE:5.5.0
      Include file:  CMSIS\Core\Include\tz_context.h
Build Time Elapsed:  00:00:03
</pre>
</body>
</html>
