Component: ARM Compiler 5.06 update 7 (build 960) Tool: armlink [4d3601]

==============================================================================

Section Cross References

    startup_stm32f722xx.o(STACK) refers (Special) to heapauxi.o(.text) for __use_two_region_memory
    startup_stm32f722xx.o(HEAP) refers (Special) to heapauxi.o(.text) for __use_two_region_memory
    startup_stm32f722xx.o(RESET) refers (Special) to heapauxi.o(.text) for __use_two_region_memory
    startup_stm32f722xx.o(RESET) refers to startup_stm32f722xx.o(STACK) for __initial_sp
    startup_stm32f722xx.o(RESET) refers to startup_stm32f722xx.o(.text) for Reset_Handler
    startup_stm32f722xx.o(RESET) refers to stm32f7xx_it.o(i.NMI_Handler) for NMI_Handler
    startup_stm32f722xx.o(RESET) refers to stm32f7xx_it.o(i.HardFault_Handler) for HardFault_Handler
    startup_stm32f722xx.o(RESET) refers to stm32f7xx_it.o(i.MemManage_Handler) for MemManage_Handler
    startup_stm32f722xx.o(RESET) refers to stm32f7xx_it.o(i.BusFault_Handler) for BusFault_Handler
    startup_stm32f722xx.o(RESET) refers to stm32f7xx_it.o(i.UsageFault_Handler) for UsageFault_Handler
    startup_stm32f722xx.o(RESET) refers to port.o(.emb_text) for SVC_Handler
    startup_stm32f722xx.o(RESET) refers to stm32f7xx_it.o(i.DebugMon_Handler) for DebugMon_Handler
    startup_stm32f722xx.o(RESET) refers to port.o(i.SysTick_Handler) for SysTick_Handler
    startup_stm32f722xx.o(RESET) refers to stm32f7xx_it.o(i.DMA1_Stream4_IRQHandler) for DMA1_Stream4_IRQHandler
    startup_stm32f722xx.o(RESET) refers to stm32f7xx_it.o(i.CAN1_RX0_IRQHandler) for CAN1_RX0_IRQHandler
    startup_stm32f722xx.o(RESET) refers to stm32f7xx_it.o(i.TIM8_TRG_COM_TIM14_IRQHandler) for TIM8_TRG_COM_TIM14_IRQHandler
    startup_stm32f722xx.o(RESET) refers to stm32f7xx_it.o(i.DMA2_Stream3_IRQHandler) for DMA2_Stream3_IRQHandler
    startup_stm32f722xx.o(RESET) refers to stm32f7xx_it.o(i.OTG_HS_IRQHandler) for OTG_HS_IRQHandler
    startup_stm32f722xx.o(.text) refers (Special) to heapauxi.o(.text) for __use_two_region_memory
    startup_stm32f722xx.o(.text) refers to system_stm32f7xx.o(i.SystemInit) for SystemInit
    startup_stm32f722xx.o(.text) refers to __main.o(!!!main) for __main
    startup_stm32f722xx.o(.text) refers to startup_stm32f722xx.o(HEAP) for Heap_Mem
    startup_stm32f722xx.o(.text) refers to startup_stm32f722xx.o(STACK) for Stack_Mem
    screen.o(i.HAL_SPI_TxCpltCallback) refers to screen.o(.data) for .data
    screen.o(i.Screen_Reset) refers to stm32f7xx_hal_gpio.o(i.HAL_GPIO_WritePin) for HAL_GPIO_WritePin
    screen.o(i.Screen_SetDataOrCommand) refers to stm32f7xx_hal_gpio.o(i.HAL_GPIO_WritePin) for HAL_GPIO_WritePin
    screen.o(i.Screen_SetWindow) refers to screen.o(i.WriteCommand) for WriteCommand
    screen.o(i.Screen_SetWindow) refers to screen.o(i.WriteData) for WriteData
    screen.o(i.Screen_WriteFrameBuffer) refers to screen.o(i.WriteCommand) for WriteCommand
    screen.o(i.Screen_WriteFrameBuffer) refers to screen.o(i.WriteData) for WriteData
    screen.o(i.Screen_WriteFrameBuffer) refers to screen.o(.data) for .data
    screen.o(i.Write1Byte) refers to screen.o(i.Screen_SetDataOrCommand) for Screen_SetDataOrCommand
    screen.o(i.Write1Byte) refers to stm32f7xx_hal_spi.o(i.HAL_SPI_Transmit_DMA) for HAL_SPI_Transmit_DMA
    screen.o(i.Write1Byte) refers to spi.o(.bss) for hspi2
    screen.o(i.WriteCommand) refers to screen.o(i.Screen_SetDataOrCommand) for Screen_SetDataOrCommand
    screen.o(i.WriteCommand) refers to stm32f7xx_hal_spi.o(i.HAL_SPI_Transmit_DMA) for HAL_SPI_Transmit_DMA
    screen.o(i.WriteCommand) refers to spi.o(.bss) for hspi2
    screen.o(i.WriteData) refers to screen.o(i.Screen_SetDataOrCommand) for Screen_SetDataOrCommand
    screen.o(i.WriteData) refers to stm32f7xx_hal_spi.o(i.HAL_SPI_Transmit_DMA) for HAL_SPI_Transmit_DMA
    screen.o(i.WriteData) refers to stm32f7xx_hal_spi.o(i.HAL_SPI_Transmit) for HAL_SPI_Transmit
    screen.o(i.WriteData) refers to spi.o(.bss) for hspi2
    screen.o(i.screen_init) refers to stm32f7xx_hal_gpio.o(i.HAL_GPIO_WritePin) for HAL_GPIO_WritePin
    screen.o(i.screen_init) refers to stm32f7xx_hal.o(i.HAL_Delay) for HAL_Delay
    screen.o(i.screen_init) refers to screen.o(i.Screen_Reset) for Screen_Reset
    screen.o(i.screen_init) refers to screen.o(i.WriteCommand) for WriteCommand
    screen.o(i.screen_init) refers to screen.o(i.Write1Byte) for Write1Byte
    user_usb.o(i.GetExtraDataRxPtr) refers to user_usb.o(i.GetLcdBufferPtr) for GetLcdBufferPtr
    user_usb.o(i.GetLcdBufferPtr) refers to user_usb.o(.bss) for .bss
    user_usb.o(i.GetPingPongBufferPtr) refers to user_usb.o(.data) for .data
    user_usb.o(i.GetPingPongBufferPtr) refers to user_usb.o(.bss) for .bss
    user_usb.o(i.ReceiveUsbPacketUntilSizeIs) refers to user_usb.o(.bss) for .bss
    user_usb.o(i.SwitchPingPongBuffer) refers to user_usb.o(.bss) for .bss
    user_usb.o(i.SwitchPingPongBuffer) refers to user_usb.o(.data) for .data
[...]
    TIM8_UP_TIM13_IRQHandler                 0x080003a7   Thumb Code     0  startup_stm32f722xx.o(.text)
    UART4_IRQHandler                         0x080003a7   Thumb Code     0  startup_stm32f722xx.o(.text)
    UART5_IRQHandler                         0x080003a7   Thumb Code     0  startup_stm32f722xx.o(.text)
    UART7_IRQHandler                         0x080003a7   Thumb Code     0  startup_stm32f722xx.o(.text)
    UART8_IRQHandler                         0x080003a7   Thumb Code     0  startup_stm32f722xx.o(.text)
    USART1_IRQHandler                        0x080003a7   Thumb Code     0  startup_stm32f722xx.o(.text)
    USART2_IRQHandler                        0x080003a7   Thumb Code     0  startup_stm32f722xx.o(.text)
    USART3_IRQHandler                        0x080003a7   Thumb Code     0  startup_stm32f722xx.o(.text)
    USART6_IRQHandler                        0x080003a7   Thumb Code     0  startup_stm32f722xx.o(.text)
    WWDG_IRQHandler                          0x080003a7   Thumb Code     0  startup_stm32f722xx.o(.text)
    __user_initial_stackheap                 0x080003a9   Thumb Code     0  startup_stm32f722xx.o(.text)
    malloc                                   0x080003cd   Thumb Code    94  h1_alloc.o(.text)
    free                                     0x0800042b   Thumb Code    78  h1_free.o(.text)
    __aeabi_uldivmod                         0x08000479   Thumb Code     0  lludivv7m.o(.text)
    _ll_udiv                                 0x08000479   Thumb Code   238  lludivv7m.o(.text)
    __aeabi_memcpy4                          0x08000567   Thumb Code     0  rt_memcpy_w.o(.text)
    __aeabi_memcpy8                          0x08000567   Thumb Code     0  rt_memcpy_w.o(.text)
    __rt_memcpy_w                            0x08000567   Thumb Code   100  rt_memcpy_w.o(.text)
    _memcpy_lastbytes_aligned                0x080005af   Thumb Code     0  rt_memcpy_w.o(.text)
    __aeabi_memclr4                          0x080005cb   Thumb Code     0  rt_memclr_w.o(.text)
    __aeabi_memclr8                          0x080005cb   Thumb Code     0  rt_memclr_w.o(.text)
    __rt_memclr_w                            0x080005cb   Thumb Code    78  rt_memclr_w.o(.text)
    _memset_w                                0x080005cf   Thumb Code     0  rt_memclr_w.o(.text)
    __use_two_region_memory                  0x08000619   Thumb Code     2  heapauxi.o(.text)
    __rt_heap_escrow                         0x0800061b   Thumb Code     2  heapauxi.o(.text)
    __rt_heap_expand                         0x0800061d   Thumb Code     2  heapauxi.o(.text)
    __rt_heap_descriptor                     0x08000621   Thumb Code     8  rt_heap_descriptor_intlibspace.o(.text)
    __use_no_heap                            0x08000629   Thumb Code     2  hguard.o(.text)
    __heap$guard                             0x0800062b   Thumb Code     2  hguard.o(.text)
    _terminate_user_alloc                    0x0800062d   Thumb Code     2  init_alloc.o(.text)
    _init_user_alloc                         0x0800062f   Thumb Code     2  init_alloc.o(.text)
    __Heap_Full                              0x08000631   Thumb Code    34  init_alloc.o(.text)
    __Heap_Broken                            0x08000653   Thumb Code     6  init_alloc.o(.text)
    _init_alloc                              0x08000659   Thumb Code    94  init_alloc.o(.text)
    __Heap_Initialize                        0x080006b7   Thumb Code    10  h1_init.o(.text)
    __Heap_DescSize                          0x080006c1   Thumb Code     4  h1_init.o(.text)
    __user_libspace                          0x080006c5   Thumb Code     8  libspace.o(.text)
    __user_perproc_libspace                  0x080006c5   Thumb Code     0  libspace.o(.text)
    __user_perthread_libspace                0x080006c5   Thumb Code     0  libspace.o(.text)
    __Heap_ProvideMemory                     0x080006cd   Thumb Code    52  h1_extend.o(.text)
    __rt_SIGRTMEM                            0x08000701   Thumb Code    14  defsig_rtmem_outer.o(.text)
    __I$use$semihosting                      0x0800070f   Thumb Code     0  use_no_semi.o(.text)
    __use_no_semihosting_swi                 0x0800070f   Thumb Code     2  use_no_semi.o(.text)
    __semihosting_library_function           0x08000711   Thumb Code     0  indicate_semi.o(.text)
    __user_setup_stackheap                   0x08000711   Thumb Code    74  sys_stackheap_outer.o(.text)
    exit                                     0x0800075b   Thumb Code    18  exit.o(.text)
    __sig_exit                               0x0800076d   Thumb Code    10  defsig_exit.o(.text)
    __rt_SIGRTMEM_inner                      0x08000779   Thumb Code    22  defsig_rtmem_inner.o(.text)
    _sys_exit                                0x080007c9   Thumb Code     8  sys_exit.o(.text)
    __default_signal_display                 0x080007d5   Thumb Code    50  defsig_general.o(.text)
    _ttywrch                                 0x08000807   Thumb Code    14  sys_wrch.o(.text)
    BusFault_Handler                         0x08000815   Thumb Code     2  stm32f7xx_it.o(i.BusFault_Handler)
    CAN1_Filterinit_And_Start                0x08000819   Thumb Code    54  can.o(i.CAN1_Filterinit_And_Start)
    CAN1_RX0_IRQHandler                      0x08000855   Thumb Code     6  stm32f7xx_it.o(i.CAN1_RX0_IRQHandler)
    Can_Send_float                           0x08000909   Thumb Code    62  can.o(i.Can_Send_float)
    Can_Send_uint8                           0x08000951   Thumb Code    54  can.o(i.Can_Send_uint8)
    DMA1_Stream4_IRQHandler                  0x08000991   Thumb Code     6  stm32f7xx_it.o(i.DMA1_Stream4_IRQHandler)
    DMA2_Stream3_IRQHandler                  0x0800099d   Thumb Code     6  stm32f7xx_it.o(i.DMA2_Stream3_IRQHandler)
    DebugMon_Handler                         0x08000a4d   Thumb Code     2  stm32f7xx_it.o(i.DebugMon_Handler)
    Error_Handler                            0x08000a4f   Thumb Code     4  main.o(i.Error_Handler)
    GetExtraDataRxPtr                        0x08000a53   Thumb Code    14  user_usb.o(i.GetExtraDataRxPtr)
    GetLcdBufferPtr                          0x08000a61   Thumb Code    34  user_usb.o(i.GetLcdBufferPtr)
    GetPingPongBufferPtr                     0x08000a8d   Thumb Code    42  user_usb.o(i.GetPingPongBufferPtr)
    HAL_CAN_ActivateNotification             0x08000ac5   Thumb Code    36  stm32f7xx_hal_can.o(i.HAL_CAN_ActivateNotification)
    HAL_CAN_AddTxMessage                     0x08000ae9   Thumb Code   230  stm32f7xx_hal_can.o(i.HAL_CAN_AddTxMessage)
    HAL_CAN_ConfigFilter                     0x08000bd1   Thumb Code   238  stm32f7xx_hal_can.o(i.HAL_CAN_ConfigFilter)
    HAL_CAN_ErrorCallback                    0x08000cbf   Thumb Code     2  stm32f7xx_hal_can.o(i.HAL_CAN_ErrorCallback)
    HAL_CAN_GetRxMessage                     0x08000cc1   Thumb Code   258  stm32f7xx_hal_can.o(i.HAL_CAN_GetRxMessage)
    HAL_CAN_IRQHandler                       0x08000dc3   Thumb Code   508  stm32f7xx_hal_can.o(i.HAL_CAN_IRQHandler)
    HAL_CAN_Init                             0x08000fbf   Thumb Code   282  stm32f7xx_hal_can.o(i.HAL_CAN_Init)
    HAL_CAN_MspInit                          0x080010d9   Thumb Code   104  can.o(i.HAL_CAN_MspInit)
    HAL_CAN_RxFifo0FullCallback              0x0800114d   Thumb Code     2  stm32f7xx_hal_can.o(i.HAL_CAN_RxFifo0FullCallback)
    HAL_CAN_RxFifo0MsgPendingCallback        0x08001151   Thumb Code   278  can.o(i.HAL_CAN_RxFifo0MsgPendingCallback)
    HAL_CAN_RxFifo1FullCallback              0x08001279   Thumb Code     2  stm32f7xx_hal_can.o(i.HAL_CAN_RxFifo1FullCallback)
    HAL_CAN_RxFifo1MsgPendingCallback        0x0800127b   Thumb Code     2  stm32f7xx_hal_can.o(i.HAL_CAN_RxFifo1MsgPendingCallback)
    HAL_CAN_SleepCallback                    0x0800127d   Thumb Code     2  stm32f7xx_hal_can.o(i.HAL_CAN_SleepCallback)
    HAL_CAN_Start                            0x08001281   Thumb Code    88  stm32f7xx_hal_can.o(i.HAL_CAN_Start)
    HAL_CAN_TxMailbox0AbortCallback          0x080012d9   Thumb Code     2  stm32f7xx_hal_can.o(i.HAL_CAN_TxMailbox0AbortCallback)
    HAL_CAN_TxMailbox0CompleteCallback       0x080012db   Thumb Code     2  stm32f7xx_hal_can.o(i.HAL_CAN_TxMailbox0CompleteCallback)
    HAL_CAN_TxMailbox1AbortCallback          0x080012dd   Thumb Code     2  stm32f7xx_hal_can.o(i.HAL_CAN_TxMailbox1AbortCallback)
    HAL_CAN_TxMailbox1CompleteCallback       0x080012df   Thumb Code     2  stm32f7xx_hal_can.o(i.HAL_CAN_TxMailbox1CompleteCallback)
    HAL_CAN_TxMailbox2AbortCallback          0x080012e1   Thumb Code     2  stm32f7xx_hal_can.o(i.HAL_CAN_TxMailbox2AbortCallback)
    HAL_CAN_TxMailbox2CompleteCallback       0x080012e3   Thumb Code     2  stm32f7xx_hal_can.o(i.HAL_CAN_TxMailbox2CompleteCallback)
    HAL_CAN_WakeUpFromRxMsgCallback          0x080012e5   Thumb Code     2  stm32f7xx_hal_can.o(i.HAL_CAN_WakeUpFromRxMsgCallback)
    HAL_DMA_IRQHandler                       0x080012e9   Thumb Code   412  stm32f7xx_hal_dma.o(i.HAL_DMA_IRQHandler)
    HAL_DMA_Init                             0x08001489   Thumb Code   222  stm32f7xx_hal_dma.o(i.HAL_DMA_Init)
    HAL_DMA_Start_IT                         0x0800156d   Thumb Code   122  stm32f7xx_hal_dma.o(i.HAL_DMA_Start_IT)
    HAL_Delay                                0x080015e9   Thumb Code    32  stm32f7xx_hal.o(i.HAL_Delay)
    HAL_GPIO_Init                            0x0800160d   Thumb Code   502  stm32f7xx_hal_gpio.o(i.HAL_GPIO_Init)
    HAL_GPIO_WritePin                        0x08001831   Thumb Code    10  stm32f7xx_hal_gpio.o(i.HAL_GPIO_WritePin)
    HAL_GetTick                              0x0800183d   Thumb Code     6  stm32f7xx_hal.o(i.HAL_GetTick)
    HAL_I2CEx_ConfigAnalogFilter             0x08001849   Thumb Code    88  stm32f7xx_hal_i2c_ex.o(i.HAL_I2CEx_ConfigAnalogFilter)
    HAL_I2CEx_ConfigDigitalFilter            0x080018a1   Thumb Code    84  stm32f7xx_hal_i2c_ex.o(i.HAL_I2CEx_ConfigDigitalFilter)
    HAL_I2C_Init                             0x080018f5   Thumb Code   186  stm32f7xx_hal_i2c.o(i.HAL_I2C_Init)
    HAL_I2C_MspInit                          0x080019b5   Thumb Code   122  i2c.o(i.HAL_I2C_MspInit)
    HAL_IncTick                              0x08001a3d   Thumb Code    12  stm32f7xx_hal.o(i.HAL_IncTick)
    HAL_Init                                 0x08001a4d   Thumb Code    22  stm32f7xx_hal.o(i.HAL_Init)
    HAL_InitTick                             0x08001a65   Thumb Code   132  stm32f7xx_hal_timebase_tim.o(i.HAL_InitTick)
    HAL_MPU_ConfigRegion                     0x08001afd   Thumb Code    86  stm32f7xx_hal_cortex.o(i.HAL_MPU_ConfigRegion)
    HAL_MPU_Disable                          0x08001b59   Thumb Code    24  stm32f7xx_hal_cortex.o(i.HAL_MPU_Disable)
    HAL_MPU_Enable                           0x08001b75   Thumb Code    30  stm32f7xx_hal_cortex.o(i.HAL_MPU_Enable)
    HAL_MspInit                              0x08001b99   Thumb Code    52  stm32f7xx_hal_msp.o(i.HAL_MspInit)
    HAL_NVIC_EnableIRQ                       0x08001bd1   Thumb Code    26  stm32f7xx_hal_cortex.o(i.HAL_NVIC_EnableIRQ)
    HAL_NVIC_SetPriority                     0x08001bed   Thumb Code    60  stm32f7xx_hal_cortex.o(i.HAL_NVIC_SetPriority)
    HAL_NVIC_SetPriorityGrouping             0x08001c2d   Thumb Code    28  stm32f7xx_hal_cortex.o(i.HAL_NVIC_SetPriorityGrouping)
    HAL_PCDEx_ActivateLPM                    0x08001c51   Thumb Code    34  stm32f7xx_hal_pcd_ex.o(i.HAL_PCDEx_ActivateLPM)
    HAL_PCDEx_LPM_Callback                   0x08001c79   Thumb Code    92  usbd_conf.o(i.HAL_PCDEx_LPM_Callback)
    HAL_PCDEx_SetRxFiFo                      0x08001cd9   Thumb Code     8  stm32f7xx_hal_pcd_ex.o(i.HAL_PCDEx_SetRxFiFo)
    HAL_PCDEx_SetTxFiFo                      0x08001ce1   Thumb Code    70  stm32f7xx_hal_pcd_ex.o(i.HAL_PCDEx_SetTxFiFo)
    HAL_PCD_ConnectCallback                  0x08001d27   Thumb Code     8  usbd_conf.o(i.HAL_PCD_ConnectCallback)
    HAL_PCD_DataInStageCallback              0x08001d2f   Thumb Code    18  usbd_conf.o(i.HAL_PCD_DataInStageCallback)
    HAL_PCD_DataOutStageCallback             0x08001d41   Thumb Code    20  usbd_conf.o(i.HAL_PCD_DataOutStageCallback)
    HAL_PCD_DisconnectCallback               0x08001d55   Thumb Code     8  usbd_conf.o(i.HAL_PCD_DisconnectCallback)
    HAL_PCD_EP_Abort                         0x08001d5d   Thumb Code    30  stm32f7xx_hal_pcd.o(i.HAL_PCD_EP_Abort)
    HAL_PCD_EP_Close                         0x08001d7b   Thumb Code    74  stm32f7xx_hal_pcd.o(i.HAL_PCD_EP_Close)
    HAL_PCD_EP_ClrStall                      0x08001dc5   Thumb Code    90  stm32f7xx_hal_pcd.o(i.HAL_PCD_EP_ClrStall)
    HAL_PCD_EP_GetRxCount                    0x08001e1f   Thumb Code    18  stm32f7xx_hal_pcd.o(i.HAL_PCD_EP_GetRxCount)
    HAL_PCD_EP_Open                          0x08001e31   Thumb Code    94  stm32f7xx_hal_pcd.o(i.HAL_PCD_EP_Open)
    HAL_PCD_EP_Receive                       0x08001e8f   Thumb Code    52  stm32f7xx_hal_pcd.o(i.HAL_PCD_EP_Receive)
    HAL_PCD_EP_SetStall                      0x08001ec3   Thumb Code   114  stm32f7xx_hal_pcd.o(i.HAL_PCD_EP_SetStall)
    HAL_PCD_EP_Transmit                      0x08001f35   Thumb Code    52  stm32f7xx_hal_pcd.o(i.HAL_PCD_EP_Transmit)
    HAL_PCD_IRQHandler                       0x08001f69   Thumb Code  1428  stm32f7xx_hal_pcd.o(i.HAL_PCD_IRQHandler)
    HAL_PCD_ISOINIncompleteCallback          0x080024fd   Thumb Code     8  usbd_conf.o(i.HAL_PCD_ISOINIncompleteCallback)
    HAL_PCD_ISOOUTIncompleteCallback         0x08002505   Thumb Code     8  usbd_conf.o(i.HAL_PCD_ISOOUTIncompleteCallback)
    HAL_PCD_Init                             0x0800250d   Thumb Code   216  stm32f7xx_hal_pcd.o(i.HAL_PCD_Init)
    HAL_PCD_MspInit                          0x080025e5   Thumb Code   214  usbd_conf.o(i.HAL_PCD_MspInit)
    HAL_PCD_ResetCallback                    0x080026d1   Thumb Code    44  usbd_conf.o(i.HAL_PCD_ResetCallback)
    HAL_PCD_ResumeCallback                   0x080026fd   Thumb Code     8  usbd_conf.o(i.HAL_PCD_ResumeCallback)
    HAL_PCD_SOFCallback                      0x08002705   Thumb Code     8  usbd_conf.o(i.HAL_PCD_SOFCallback)
    HAL_PCD_SetAddress                       0x0800270d   Thumb Code    38  stm32f7xx_hal_pcd.o(i.HAL_PCD_SetAddress)
    HAL_PCD_SetupStageCallback               0x08002733   Thumb Code    14  usbd_conf.o(i.HAL_PCD_SetupStageCallback)
    HAL_PCD_Start                            0x08002741   Thumb Code    42  stm32f7xx_hal_pcd.o(i.HAL_PCD_Start)
    HAL_PCD_SuspendCallback                  0x0800276d   Thumb Code    44  usbd_conf.o(i.HAL_PCD_SuspendCallback)
    HAL_PWREx_EnableOverDrive                0x0800279d   Thumb Code   100  stm32f7xx_hal_pwr_ex.o(i.HAL_PWREx_EnableOverDrive)
    HAL_RCCEx_PeriphCLKConfig                0x08002809   Thumb Code  1104  stm32f7xx_hal_rcc_ex.o(i.HAL_RCCEx_PeriphCLKConfig)
    HAL_RCC_ClockConfig                      0x08002c59   Thumb Code   284  stm32f7xx_hal_rcc.o(i.HAL_RCC_ClockConfig)
    HAL_RCC_GetClockConfig                   0x08002d89   Thumb Code    56  stm32f7xx_hal_rcc.o(i.HAL_RCC_GetClockConfig)
    HAL_RCC_GetHCLKFreq                      0x08002dc9   Thumb Code     6  stm32f7xx_hal_rcc.o(i.HAL_RCC_GetHCLKFreq)
    HAL_RCC_GetPCLK1Freq                     0x08002dd5   Thumb Code    20  stm32f7xx_hal_rcc.o(i.HAL_RCC_GetPCLK1Freq)
    HAL_RCC_GetPCLK2Freq                     0x08002df5   Thumb Code    20  stm32f7xx_hal_rcc.o(i.HAL_RCC_GetPCLK2Freq)
    HAL_RCC_GetSysClockFreq                  0x08002e15   Thumb Code    88  stm32f7xx_hal_rcc.o(i.HAL_RCC_GetSysClockFreq)
    HAL_RCC_OscConfig                        0x08002e79   Thumb Code   888  stm32f7xx_hal_rcc.o(i.HAL_RCC_OscConfig)
    HAL_SPI_ErrorCallback                    0x080031fd   Thumb Code     2  stm32f7xx_hal_spi.o(i.HAL_SPI_ErrorCallback)
    HAL_SPI_Init                             0x08003201   Thumb Code   242  stm32f7xx_hal_spi.o(i.HAL_SPI_Init)
    HAL_SPI_MspInit                          0x080032f5   Thumb Code   336  spi.o(i.HAL_SPI_MspInit)
    HAL_SPI_Transmit                         0x08003465   Thumb Code   400  stm32f7xx_hal_spi.o(i.HAL_SPI_Transmit)
    HAL_SPI_Transmit_DMA                     0x080035f5   Thumb Code   270  stm32f7xx_hal_spi.o(i.HAL_SPI_Transmit_DMA)
    HAL_SPI_TxCpltCallback                   0x08003711   Thumb Code     8  screen.o(i.HAL_SPI_TxCpltCallback)
    HAL_SPI_TxHalfCpltCallback               0x0800371d   Thumb Code     2  stm32f7xx_hal_spi.o(i.HAL_SPI_TxHalfCpltCallback)
    HAL_TIMEx_Break2Callback                 0x0800371f   Thumb Code     2  stm32f7xx_hal_tim_ex.o(i.HAL_TIMEx_Break2Callback)
    HAL_TIMEx_BreakCallback                  0x08003721   Thumb Code     2  stm32f7xx_hal_tim_ex.o(i.HAL_TIMEx_BreakCallback)
    HAL_TIMEx_CommutCallback                 0x08003723   Thumb Code     2  stm32f7xx_hal_tim_ex.o(i.HAL_TIMEx_CommutCallback)
    HAL_TIM_Base_Init                        0x08003725   Thumb Code    98  stm32f7xx_hal_tim.o(i.HAL_TIM_Base_Init)
    HAL_TIM_Base_MspInit                     0x08003787   Thumb Code     2  stm32f7xx_hal_tim.o(i.HAL_TIM_Base_MspInit)
    HAL_TIM_Base_Start_IT                    0x08003789   Thumb Code   106  stm32f7xx_hal_tim.o(i.HAL_TIM_Base_Start_IT)
    HAL_TIM_IC_CaptureCallback               0x08003815   Thumb Code     2  stm32f7xx_hal_tim.o(i.HAL_TIM_IC_CaptureCallback)
    HAL_TIM_IRQHandler                       0x08003817   Thumb Code   328  stm32f7xx_hal_tim.o(i.HAL_TIM_IRQHandler)
    HAL_TIM_OC_DelayElapsedCallback          0x0800395f   Thumb Code     2  stm32f7xx_hal_tim.o(i.HAL_TIM_OC_DelayElapsedCallback)
    HAL_TIM_PWM_PulseFinishedCallback        0x08003961   Thumb Code     2  stm32f7xx_hal_tim.o(i.HAL_TIM_PWM_PulseFinishedCallback)
    HAL_TIM_PeriodElapsedCallback            0x08003965   Thumb Code    14  main.o(i.HAL_TIM_PeriodElapsedCallback)
    HAL_TIM_TriggerCallback                  0x08003979   Thumb Code     2  stm32f7xx_hal_tim.o(i.HAL_TIM_TriggerCallback)
    HAL_UART_Init                            0x0800397b   Thumb Code   102  stm32f7xx_hal_uart.o(i.HAL_UART_Init)
    HAL_UART_MspInit                         0x080039e1   Thumb Code   196  usart.o(i.HAL_UART_MspInit)
    HardFault_Handler                        0x08003ab9   Thumb Code     2  stm32f7xx_it.o(i.HardFault_Handler)
    MX_CAN1_Init                             0x08003af5   Thumb Code    60  can.o(i.MX_CAN1_Init)
    MX_DMA_Init                              0x08003b39   Thumb Code    72  dma.o(i.MX_DMA_Init)
    MX_FREERTOS_Init                         0x08003b85   Thumb Code    52  freertos.o(i.MX_FREERTOS_Init)
    MX_GPIO_Init                             0x08003bc1   Thumb Code   190  gpio.o(i.MX_GPIO_Init)
    MX_I2C1_Init                             0x08003c91   Thumb Code    76  i2c.o(i.MX_I2C1_Init)
    MX_SPI1_Init                             0x08003ce9   Thumb Code    68  spi.o(i.MX_SPI1_Init)
    MX_SPI2_Init                             0x08003d35   Thumb Code    68  spi.o(i.MX_SPI2_Init)
    MX_UART4_Init                            0x08003d81   Thumb Code    52  usart.o(i.MX_UART4_Init)
    MX_USART1_UART_Init                      0x08003dbd   Thumb Code    52  usart.o(i.MX_USART1_UART_Init)
    MX_USB_DEVICE_Init                       0x08003df9   Thumb Code    66  usb_device.o(i.MX_USB_DEVICE_Init)
    MemManage_Handler                        0x08003e4d   Thumb Code     2  stm32f7xx_it.o(i.MemManage_Handler)
    NMI_Handler                              0x08003e4f   Thumb Code     2  stm32f7xx_it.o(i.NMI_Handler)
    OTG_HS_IRQHandler                        0x08003e51   Thumb Code     6  stm32f7xx_it.o(i.OTG_HS_IRQHandler)
    ReceiveUsbPacketUntilSizeIs              0x08003fcd   Thumb Code    20  user_usb.o(i.ReceiveUsbPacketUntilSizeIs)
    Screen_Reset                             0x08004295   Thumb Code    18  screen.o(i.Screen_Reset)
    Screen_SetDataOrCommand                  0x080042ad   Thumb Code    18  screen.o(i.Screen_SetDataOrCommand)
    Screen_SetWindow                         0x080042c5   Thumb Code    84  screen.o(i.Screen_SetWindow)
    Screen_WriteFrameBuffer                  0x08004319   Thumb Code    38  screen.o(i.Screen_WriteFrameBuffer)
    StartDefaultTask                         0x08004345   Thumb Code    12  freertos.o(i.StartDefaultTask)
    SwitchPingPongBuffer                     0x08004351   Thumb Code    32  user_usb.o(i.SwitchPingPongBuffer)
    SysTick_Handler                          0x08004379   Thumb Code    42  port.o(i.SysTick_Handler)
    SystemClock_Config                       0x080043a9   Thumb Code   150  main.o(i.SystemClock_Config)
    SystemInit                               0x08004449   Thumb Code    12  system_stm32f7xx.o(i.SystemInit)
    TIM8_TRG_COM_TIM14_IRQHandler            0x08004459   Thumb Code     6  stm32f7xx_it.o(i.TIM8_TRG_COM_TIM14_IRQHandler)
    TIM_Base_SetConfig                       0x08004465   Thumb Code   172  stm32f7xx_hal_tim.o(i.TIM_Base_SetConfig)
    UART_AdvFeatureConfig                    0x0800453d   Thumb Code   200  stm32f7xx_hal_uart.o(i.UART_AdvFeatureConfig)
    UART_CheckIdleState                      0x08004605   Thumb Code    90  stm32f7xx_hal_uart.o(i.UART_CheckIdleState)
    UART_SetConfig                           0x080046ad   Thumb Code   516  stm32f7xx_hal_uart.o(i.UART_SetConfig)
    UART_WaitOnFlagUntilTimeout              0x080048dd   Thumb Code   148  stm32f7xx_hal_uart.o(i.UART_WaitOnFlagUntilTimeout)
    USBD_CDC_GetDeviceQualifierDescriptor    0x08004aed   Thumb Code     8  usbd_cdc.o(i.USBD_CDC_GetDeviceQualifierDescriptor)
    USBD_CDC_RegisterInterface               0x08004cd5   Thumb Code    22  usbd_cdc.o(i.USBD_CDC_RegisterInterface)
    USBD_CDC_SetRxBuffer                     0x08004ceb   Thumb Code    26  usbd_cdc.o(i.USBD_CDC_SetRxBuffer)
    USBD_CDC_SetTxBuffer                     0x08004d05   Thumb Code    30  usbd_cdc.o(i.USBD_CDC_SetTxBuffer)
    USBD_ClrClassConfig                      0x08004df1   Thumb Code    20  usbd_core.o(i.USBD_ClrClassConfig)
    USBD_CoreFindEP                          0x08004e05   Thumb Code     4  usbd_core.o(i.USBD_CoreFindEP)
    USBD_CoreFindIF                          0x08004e09   Thumb Code     4  usbd_core.o(i.USBD_CoreFindIF)
    USBD_CtlContinueRx                       0x08004e0d   Thumb Code    16  usbd_ioreq.o(i.USBD_CtlContinueRx)
    USBD_CtlContinueSendData                 0x08004e1d   Thumb Code    16  usbd_ioreq.o(i.USBD_CtlContinueSendData)
    USBD_CtlError                            0x08004e2d   Thumb Code    22  usbd_ctlreq.o(i.USBD_CtlError)
    USBD_CtlPrepareRx                        0x08004e43   Thumb Code    30  usbd_ioreq.o(i.USBD_CtlPrepareRx)
    USBD_CtlReceiveStatus                    0x08004e61   Thumb Code    22  usbd_ioreq.o(i.USBD_CtlReceiveStatus)
    USBD_CtlSendData                         0x08004e77   Thumb Code    26  usbd_ioreq.o(i.USBD_CtlSendData)
    USBD_CtlSendStatus                       0x08004e91   Thumb Code    22  usbd_ioreq.o(i.USBD_CtlSendStatus)
    USBD_GetEpDesc                           0x08004fa1   Thumb Code    58  usbd_core.o(i.USBD_GetEpDesc)
    USBD_GetNextDesc                         0x08004fef   Thumb Code    14  usbd_core.o(i.USBD_GetNextDesc)
    USBD_GetString                           0x08004ffd   Thumb Code    78  usbd_ctlreq.o(i.USBD_GetString)
    USBD_Get_USB_Status                      0x0800504b   Thumb Code    24  usbd_conf.o(i.USBD_Get_USB_Status)
    USBD_HS_ConfigStrDescriptor              0x08005065   Thumb Code    16  usbd_desc.o(i.USBD_HS_ConfigStrDescriptor)
    USBD_HS_DeviceDescriptor                 0x08005085   Thumb Code     8  usbd_desc.o(i.USBD_HS_DeviceDescriptor)
    USBD_HS_InterfaceStrDescriptor           0x08005091   Thumb Code    16  usbd_desc.o(i.USBD_HS_InterfaceStrDescriptor)
    USBD_HS_LangIDStrDescriptor              0x080050b5   Thumb Code     8  usbd_desc.o(i.USBD_HS_LangIDStrDescriptor)
    USBD_HS_ManufacturerStrDescriptor        0x080050c1   Thumb Code    16  usbd_desc.o(i.USBD_HS_ManufacturerStrDescriptor)
    USBD_HS_ProductStrDescriptor             0x080050e9   Thumb Code    16  usbd_desc.o(i.USBD_HS_ProductStrDescriptor)
    USBD_HS_SerialStrDescriptor              0x08005115   Thumb Code    50  usbd_desc.o(i.USBD_HS_SerialStrDescriptor)
    USBD_HS_USR_BOSDescriptor                0x08005151   Thumb Code     8  usbd_desc.o(i.USBD_HS_USR_BOSDescriptor)
    USBD_Init                                0x0800515d   Thumb Code    38  usbd_core.o(i.USBD_Init)
    USBD_LL_ClearStallEP                     0x08005183   Thumb Code    18  usbd_conf.o(i.USBD_LL_ClearStallEP)
    USBD_LL_CloseEP                          0x08005195   Thumb Code    18  usbd_conf.o(i.USBD_LL_CloseEP)
    USBD_LL_DataInStage                      0x080051a7   Thumb Code   184  usbd_core.o(i.USBD_LL_DataInStage)
    USBD_LL_DataOutStage                     0x0800525f   Thumb Code   144  usbd_core.o(i.USBD_LL_DataOutStage)
    USBD_LL_DevConnected                     0x080052ef   Thumb Code     4  usbd_core.o(i.USBD_LL_DevConnected)
    USBD_LL_DevDisconnected                  0x080052f3   Thumb Code    32  usbd_core.o(i.USBD_LL_DevDisconnected)
    USBD_LL_GetRxDataSize                    0x08005313   Thumb Code     8  usbd_conf.o(i.USBD_LL_GetRxDataSize)
    USBD_LL_Init                             0x0800531d   Thumb Code    94  usbd_conf.o(i.USBD_LL_Init)
    USBD_LL_IsStallEP                        0x08005385   Thumb Code    30  usbd_conf.o(i.USBD_LL_IsStallEP)
    USBD_LL_IsoINIncomplete                  0x080053a3   Thumb Code    40  usbd_core.o(i.USBD_LL_IsoINIncomplete)
    USBD_LL_IsoOUTIncomplete                 0x080053cb   Thumb Code    40  usbd_core.o(i.USBD_LL_IsoOUTIncomplete)
    USBD_LL_OpenEP                           0x080053f3   Thumb Code    24  usbd_conf.o(i.USBD_LL_OpenEP)
    USBD_LL_PrepareReceive                   0x0800540b   Thumb Code    18  usbd_conf.o(i.USBD_LL_PrepareReceive)
    USBD_LL_Reset                            0x0800541d   Thumb Code    94  usbd_core.o(i.USBD_LL_Reset)
    USBD_LL_Resume                           0x0800547b   Thumb Code    20  usbd_core.o(i.USBD_LL_Resume)
    USBD_LL_SOF                              0x0800548f   Thumb Code    26  usbd_core.o(i.USBD_LL_SOF)
    USBD_LL_SetSpeed                         0x080054a9   Thumb Code     6  usbd_core.o(i.USBD_LL_SetSpeed)
    USBD_LL_SetUSBAddress                    0x080054af   Thumb Code    18  usbd_conf.o(i.USBD_LL_SetUSBAddress)
    USBD_LL_SetupStage                       0x080054c1   Thumb Code    96  usbd_core.o(i.USBD_LL_SetupStage)
    USBD_LL_StallEP                          0x08005521   Thumb Code    18  usbd_conf.o(i.USBD_LL_StallEP)
    USBD_LL_Start                            0x08005533   Thumb Code    18  usbd_conf.o(i.USBD_LL_Start)
    USBD_LL_Suspend                          0x08005545   Thumb Code    26  usbd_core.o(i.USBD_LL_Suspend)
    USBD_LL_Transmit                         0x0800555f   Thumb Code    18  usbd_conf.o(i.USBD_LL_Transmit)
    USBD_ParseSetupRequest                   0x08005571   Thumb Code    42  usbd_ctlreq.o(i.USBD_ParseSetupRequest)
    USBD_RegisterClass                       0x0800559b   Thumb Code    58  usbd_core.o(i.USBD_RegisterClass)
    USBD_SetClassConfig                      0x080055d5   Thumb Code    20  usbd_core.o(i.USBD_SetClassConfig)
    USBD_Start                               0x080056a5   Thumb Code     4  usbd_core.o(i.USBD_Start)
    USBD_StdDevReq                           0x080056a9   Thumb Code   302  usbd_ctlreq.o(i.USBD_StdDevReq)
    USBD_StdEPReq                            0x080057d7   Thumb Code   356  usbd_ctlreq.o(i.USBD_StdEPReq)
    USBD_StdItfReq                           0x0800593b   Thumb Code   116  usbd_ctlreq.o(i.USBD_StdItfReq)
    USB_ActivateEndpoint                     0x080059b1   Thumb Code   124  stm32f7xx_ll_usb.o(i.USB_ActivateEndpoint)
    USB_ActivateSetup                        0x08005a31   Thumb Code    28  stm32f7xx_ll_usb.o(i.USB_ActivateSetup)
    USB_CoreInit                             0x08005a4d   Thumb Code   162  stm32f7xx_ll_usb.o(i.USB_CoreInit)
    USB_DeactivateEndpoint                   0x08005b31   Thumb Code   194  stm32f7xx_ll_usb.o(i.USB_DeactivateEndpoint)
    USB_DevConnect                           0x08005bfd   Thumb Code    28  stm32f7xx_ll_usb.o(i.USB_DevConnect)
    USB_DevDisconnect                        0x08005c19   Thumb Code    28  stm32f7xx_ll_usb.o(i.USB_DevDisconnect)
    USB_DevInit                              0x08005c35   Thumb Code   366  stm32f7xx_ll_usb.o(i.USB_DevInit)
    USB_DisableGlobalInt                     0x08005dad   Thumb Code    12  stm32f7xx_ll_usb.o(i.USB_DisableGlobalInt)
    USB_EP0_OutStart                         0x08005db9   Thumb Code    84  stm32f7xx_ll_usb.o(i.USB_EP0_OutStart)
    USB_EPClearStall                         0x08005e11   Thumb Code    88  stm32f7xx_ll_usb.o(i.USB_EPClearStall)
    USB_EPSetStall                           0x08005e69   Thumb Code    88  stm32f7xx_ll_usb.o(i.USB_EPSetStall)
    USB_EPStartXfer                          0x08005ec1   Thumb Code   562  stm32f7xx_ll_usb.o(i.USB_EPStartXfer)
    USB_EPStopXfer                           0x080060f9   Thumb Code   158  stm32f7xx_ll_usb.o(i.USB_EPStopXfer)
    USB_EnableGlobalInt                      0x08006197   Thumb Code    12  stm32f7xx_ll_usb.o(i.USB_EnableGlobalInt)
    USB_FlushRxFifo                          0x080061a3   Thumb Code    56  stm32f7xx_ll_usb.o(i.USB_FlushRxFifo)
    USB_FlushTxFifo                          0x080061db   Thumb Code    60  stm32f7xx_ll_usb.o(i.USB_FlushTxFifo)
    USB_GetDevSpeed                          0x08006217   Thumb Code    26  stm32f7xx_ll_usb.o(i.USB_GetDevSpeed)
    USB_GetMode                              0x08006231   Thumb Code     8  stm32f7xx_ll_usb.o(i.USB_GetMode)
    USB_ReadDevAllInEpInterrupt              0x08006239   Thumb Code    14  stm32f7xx_ll_usb.o(i.USB_ReadDevAllInEpInterrupt)
    USB_ReadDevAllOutEpInterrupt             0x08006247   Thumb Code    14  stm32f7xx_ll_usb.o(i.USB_ReadDevAllOutEpInterrupt)
    USB_ReadDevInEPInterrupt                 0x08006255   Thumb Code    36  stm32f7xx_ll_usb.o(i.USB_ReadDevInEPInterrupt)
    USB_ReadDevOutEPInterrupt                0x08006279   Thumb Code    16  stm32f7xx_ll_usb.o(i.USB_ReadDevOutEPInterrupt)
    USB_ReadInterrupts                       0x08006289   Thumb Code     8  stm32f7xx_ll_usb.o(i.USB_ReadInterrupts)
    USB_ReadPacket                           0x08006291   Thumb Code    64  stm32f7xx_ll_usb.o(i.USB_ReadPacket)
    USB_SetCurrentMode                       0x080062d1   Thumb Code    94  stm32f7xx_ll_usb.o(i.USB_SetCurrentMode)
    USB_SetDevAddress                        0x0800632f   Thumb Code    34  stm32f7xx_ll_usb.o(i.USB_SetDevAddress)
    USB_SetTurnaroundTime                    0x08006351   Thumb Code   158  stm32f7xx_ll_usb.o(i.USB_SetTurnaroundTime)
    USB_WritePacket                          0x08006439   Thumb Code    40  stm32f7xx_ll_usb.o(i.USB_WritePacket)
    UsageFault_Handler                       0x08006461   Thumb Code     2  stm32f7xx_it.o(i.UsageFault_Handler)
    Write1Byte                               0x08006465   Thumb Code    20  screen.o(i.Write1Byte)
    WriteCommand                             0x0800647d   Thumb Code    20  screen.o(i.WriteCommand)
    WriteData                                0x08006495   Thumb Code    44  screen.o(i.WriteData)
    main                                     0x080064e7   Thumb Code   148  main.o(i.main)
    osDelay                                  0x08006589   Thumb Code    14  cmsis_os.o(i.osDelay)
    osKernelStart                            0x08006597   Thumb Code    10  cmsis_os.o(i.osKernelStart)
    osThreadCreate                           0x080065a1   Thumb Code    84  cmsis_os.o(i.osThreadCreate)
    pvPortMalloc                             0x08006959   Thumb Code   222  heap_4.o(i.pvPortMalloc)
    pxPortInitialiseStack                    0x08006a3d   Thumb Code    42  port.o(i.pxPortInitialiseStack)
    screen_init                              0x08006a6d   Thumb Code  1204  screen.o(i.screen_init)
    screen_task                              0x08006f21   Thumb Code   110  freertos.o(i.screen_task)
    uxListRemove                             0x08006f9d   Thumb Code    38  list.o(i.uxListRemove)
    vApplicationGetIdleTaskMemory            0x08006fc5   Thumb Code    18  freertos.o(i.vApplicationGetIdleTaskMemory)
    vListInitialise                          0x08006fdd   Thumb Code    22  list.o(i.vListInitialise)
    vListInitialiseItem                      0x08006ff3   Thumb Code     6  list.o(i.vListInitialiseItem)
    vListInsert                              0x08006ff9   Thumb Code    48  list.o(i.vListInsert)
    vListInsertEnd                           0x08007029   Thumb Code    24  list.o(i.vListInsertEnd)
    vPortEnterCritical                       0x08007041   Thumb Code    62  port.o(i.vPortEnterCritical)
    vPortExitCritical                        0x08007089   Thumb Code    38  port.o(i.vPortExitCritical)
    vPortFree                                0x080070b5   Thumb Code    96  heap_4.o(i.vPortFree)
    vPortSetupTimerInterrupt                 0x08007119   Thumb Code    32  port.o(i.vPortSetupTimerInterrupt)
    vTaskDelay                               0x0800713d   Thumb Code    70  tasks.o(i.vTaskDelay)
    vTaskStartScheduler                      0x0800718d   Thumb Code    94  tasks.o(i.vTaskStartScheduler)
    vTaskSuspendAll                          0x080071fd   Thumb Code    10  tasks.o(i.vTaskSuspendAll)
    vTaskSwitchContext                       0x0800720d   Thumb Code    86  tasks.o(i.vTaskSwitchContext)
    xPortStartScheduler                      0x0800726d   Thumb Code   176  port.o(i.xPortStartScheduler)
    xTaskCreate                              0x0800732d   Thumb Code    90  tasks.o(i.xTaskCreate)
    xTaskCreateStatic                        0x08007387   Thumb Code    94  tasks.o(i.xTaskCreateStatic)
    xTaskIncrementTick                       0x080073e5   Thumb Code   196  tasks.o(i.xTaskIncrementTick)
    xTaskResumeAll                           0x080074b1   Thumb Code   188  tasks.o(i.xTaskResumeAll)
    _fp_init                                 0x08007579   Thumb Code    10  fpinit.o(x$fpl$fpinit)
    __fplib_config_fpu_vfp                   0x08007581   Thumb Code     0  fpinit.o(x$fpl$fpinit)
    __fplib_config_pureend_doubles           0x08007581   Thumb Code     0  fpinit.o(x$fpl$fpinit)
    AHBPrescTable                            0x080075c4   Data          16  system_stm32f7xx.o(.constdata)
    APBPrescTable                            0x080075d4   Data           8  system_stm32f7xx.o(.constdata)
    Region$$Table$$Base                      0x080075f4   Number         0  anon$$obj.o(Region$$Table)
    Region$$Table$$Limit                     0x08007614   Number         0  anon$$obj.o(Region$$Table)
    Screen_isBusy                            0x20000000   Data           1  screen.o(.data)
    cnt21                                    0x20000004   Data           4  user_usb.o(.data)
    cnt55                                    0x20000008   Data           4  user_usb.o(.data)
    cnt026                                   0x2000000c   Data           4  freertos.o(.data)
    defaultTaskHandle                        0x20000010   Data           4  freertos.o(.data)
    myTask02Handle                           0x20000014   Data           4  freertos.o(.data)
    cnt12                                    0x20000018   Data           4  freertos.o(.data)
    uwTickFreq                               0x20000040   Data           1  stm32f7xx_hal.o(.data)
    uwTickPrio                               0x20000044   Data           4  stm32f7xx_hal.o(.data)
    uwTick                                   0x20000048   Data           4  stm32f7xx_hal.o(.data)
    SystemCoreClock                          0x2000004c   Data           4  system_stm32f7xx.o(.data)
    pxCurrentTCB                             0x20000050   Data           4  tasks.o(.data)
    HS_Desc                                  0x200000b0   Data          32  usbd_desc.o(.data)
    USBD_LangIDDesc                          0x200000d0   Data           4  usbd_desc.o(.data)
    USBD_HS_DeviceDesc                       0x200000d4   Data          18  usbd_desc.o(.data)
    USBD_HS_BOSDesc                          0x200000e8   Data          12  usbd_desc.o(.data)
    USBD_StringSerial                        0x200000f4   Data          26  usbd_desc.o(.data)
    USBD_Interface_fops_HS                   0x20000110   Data          20  usbd_cdc_if.o(.data)
    cnt124                                   0x20000124   Data           4  usbd_cdc_if.o(.data)
    hcdc                                     0x20000128   Data           4  usbd_cdc_if.o(.data)
    USBD_CDC                                 0x20000184   Data          56  usbd_cdc.o(.data)
    usbBuffer                                0x200001bc   Data       86504  user_usb.o(.bss)
    boardConfig                              0x200155f8   Data         336  can.o(.bss)
    hcan1                                    0x20015748   Data          40  can.o(.bss)
    hi2c1                                    0x20015770   Data          84  i2c.o(.bss)
    hspi1                                    0x200157c4   Data         100  spi.o(.bss)
    hspi2                                    0x20015828   Data         100  spi.o(.bss)
    hdma_spi1_tx                             0x2001588c   Data          96  spi.o(.bss)
    hdma_spi2_tx                             0x200158ec   Data          96  spi.o(.bss)
    huart4                                   0x2001594c   Data         136  usart.o(.bss)
    huart1                                   0x200159d4   Data         136  usart.o(.bss)
    htim14                                   0x20015a5c   Data          76  stm32f7xx_hal_timebase_tim.o(.bss)
    hUsbDeviceHS                             0x20019798   Data         732  usb_device.o(.bss)
    USBD_StrDesc                             0x20019a74   Data         512  usbd_desc.o(.bss)
    hpcd_USB_OTG_HS                          0x20019c74   Data        1248  usbd_conf.o(.bss)
    __libspace_start                         0x2001a154   Data          96  libspace.o(.bss)
    __temporary_stack_top$libspace           0x2001a1b4   Data           0  libspace.o(.bss)



==============================================================================

Memory Map of the image

  Image Entry point : 0x080001e1

  Load Region LR_IROM1 (Base: 0x08000000, Size: 0x000077d0, Max: 0x00080000, ABSOLUTE, COMPRESSED[0x000076e0])

    Execution Region ER_IROM1 (Exec base: 0x08000000, Load base: 0x08000000, Size: 0x00007614, Max: 0x00080000, ABSOLUTE)

    Exec Addr    Load Addr    Size         Type   Attr      Idx    E Section Name        Object

    0x08000000   0x08000000   0x000001e0   Data   RO            3    RESET               startup_stm32f722xx.o
    0x080001e0   0x080001e0   0x00000008   Code   RO         7425  * !!!main             c_w.l(__main.o)
    0x080001e8   0x080001e8   0x00000034   Code   RO         7642    !!!scatter          c_w.l(__scatter.o)
    0x0800021c   0x0800021c   0x0000005a   Code   RO         7640    !!dczerorl2         c_w.l(__dczerorl2.o)
    0x08000276   0x08000276   0x00000002   PAD
    0x08000278   0x08000278   0x0000001c   Code   RO         7644    !!handler_zi        c_w.l(__scatter_zi.o)
    0x08000294   0x08000294   0x00000002   Code   RO         7577    .ARM.Collect$$libinit$$00000000  c_w.l(libinit.o)
    0x08000296   0x08000296   0x00000004   Code   RO         7463    .ARM.Collect$$libinit$$00000001  c_w.l(libinit2.o)
    0x0800029a   0x0800029a   0x00000000   Code   RO         7466    .ARM.Collect$$libinit$$00000004  c_w.l(libinit2.o)
    0x0800029a   0x0800029a   0x00000008   Code   RO         7467    .ARM.Collect$$libinit$$00000005  c_w.l(libinit2.o)
    0x080002a2   0x080002a2   0x00000000   Code   RO         7469    .ARM.Collect$$libinit$$0000000A  c_w.l(libinit2.o)
    0x080002a2   0x080002a2   0x00000000   Code   RO         7471    .ARM.Collect$$libinit$$0000000C  c_w.l(libinit2.o)
    0x080002a2   0x080002a2   0x00000000   Code   RO         7473    .ARM.Collect$$libinit$$0000000E  c_w.l(libinit2.o)
    0x080002a2   0x080002a2   0x00000000   Code   RO         7476    .ARM.Collect$$libinit$$00000011  c_w.l(libinit2.o)
    0x080002a2   0x080002a2   0x00000000   Code   RO         7478    .ARM.Collect$$libinit$$00000013  c_w.l(libinit2.o)
    0x080002a2   0x080002a2   0x00000000   Code   RO         7480    .ARM.Collect$$libinit$$00000015  c_w.l(libinit2.o)
    0x080002a2   0x080002a2   0x00000000   Code   RO         7482    .ARM.Collect$$libinit$$00000017  c_w.l(libinit2.o)
    0x080002a2   0x080002a2   0x00000000   Code   RO         7484    .ARM.Collect$$libinit$$00000019  c_w.l(libinit2.o)
    0x080002a2   0x080002a2   0x00000000   Code   RO         7486    .ARM.Collect$$libinit$$0000001B  c_w.l(libinit2.o)
    0x080002a2   0x080002a2   0x00000000   Code   RO         7488    .ARM.Collect$$libinit$$0000001D  c_w.l(libinit2.o)
    0x080002a2   0x080002a2   0x00000000   Code   RO         7490    .ARM.Collect$$libinit$$0000001F  c_w.l(libinit2.o)
    0x080002a2   0x080002a2   0x00000000   Code   RO         7492    .ARM.Collect$$libinit$$00000021  c_w.l(libinit2.o)
    0x080002a2   0x080002a2   0x00000000   Code   RO         7494    .ARM.Collect$$libinit$$00000023  c_w.l(libinit2.o)
    0x080002a2   0x080002a2   0x00000000   Code   RO         7496    .ARM.Collect$$libinit$$00000025  c_w.l(libinit2.o)
    0x080002a2   0x080002a2   0x00000000   Code   RO         7500    .ARM.Collect$$libinit$$0000002C  c_w.l(libinit2.o)
    0x080002a2   0x080002a2   0x00000000   Code   RO         7502    .ARM.Collect$$libinit$$0000002E  c_w.l(libinit2.o)
    0x080002a2   0x080002a2   0x00000000   Code   RO         7504    .ARM.Collect$$libinit$$00000030  c_w.l(libinit2.o)
    0x080002a2   0x080002a2   0x00000000   Code   RO         7506    .ARM.Collect$$libinit$$00000032  c_w.l(libinit2.o)
    0x080002a2   0x080002a2   0x00000002   Code   RO         7507    .ARM.Collect$$libinit$$00000033  c_w.l(libinit2.o)
    0x080002a4   0x080002a4   0x00000002   Code   RO         7637    .ARM.Collect$$libshutdown$$00000000  c_w.l(libshutdown.o)
    0x080002a6   0x080002a6   0x00000000   Code   RO         7593    .ARM.Collect$$libshutdown$$00000002  c_w.l(libshutdown2.o)
    0x080002a6   0x080002a6   0x00000000   Code   RO         7595    .ARM.Collect$$libshutdown$$00000004  c_w.l(libshutdown2.o)
    0x080002a6   0x080002a6   0x00000000   Code   RO         7597    .ARM.Collect$$libshutdown$$00000006  c_w.l(libshutdown2.o)
    0x080002a6   0x080002a6   0x00000000   Code   RO         7600    .ARM.Collect$$libshutdown$$00000009  c_w.l(libshutdown2.o)
    0x080002a6   0x080002a6   0x00000000   Code   RO         7603    .ARM.Collect$$libshutdown$$0000000C  c_w.l(libshutdown2.o)
    0x080002a6   0x080002a6   0x00000000   Code   RO         7605    .ARM.Collect$$libshutdown$$0000000E  c_w.l(libshutdown2.o)
    0x080002a6   0x080002a6   0x00000000   Code   RO         7608    .ARM.Collect$$libshutdown$$00000011  c_w.l(libshutdown2.o)
    0x080002a6   0x080002a6   0x00000002   Code   RO         7609    .ARM.Collect$$libshutdown$$00000012  c_w.l(libshutdown2.o)
    0x080002a8   0x080002a8   0x00000000   Code   RO         7429    .ARM.Collect$$rtentry$$00000000  c_w.l(__rtentry.o)
    0x080002a8   0x080002a8   0x00000000   Code   RO         7514    .ARM.Collect$$rtentry$$00000002  c_w.l(__rtentry2.o)
    0x080002a8   0x080002a8   0x00000006   Code   RO         7526    .ARM.Collect$$rtentry$$00000004  c_w.l(__rtentry4.o)
    0x080002ae   0x080002ae   0x00000000   Code   RO         7516    .ARM.Collect$$rtentry$$00000009  c_w.l(__rtentry2.o)
    0x080002ae   0x080002ae   0x00000004   Code   RO         7517    .ARM.Collect$$rtentry$$0000000A  c_w.l(__rtentry2.o)
    0x080002b2   0x080002b2   0x00000000   Code   RO         7519    .ARM.Collect$$rtentry$$0000000C  c_w.l(__rtentry2.o)
    0x080002b2   0x080002b2   0x00000008   Code   RO         7520    .ARM.Collect$$rtentry$$0000000D  c_w.l(__rtentry2.o)
    0x080002ba   0x080002ba   0x00000002   Code   RO         7580    .ARM.Collect$$rtexit$$00000000  c_w.l(rtexit.o)
    0x080002bc   0x080002bc   0x00000000   Code   RO         7613    .ARM.Collect$$rtexit$$00000002  c_w.l(rtexit2.o)
    0x080002bc   0x080002bc   0x00000004   Code   RO         7614    .ARM.Collect$$rtexit$$00000003  c_w.l(rtexit2.o)
    0x080002c0   0x080002c0   0x00000006   Code   RO         7615    .ARM.Collect$$rtexit$$00000004  c_w.l(rtexit2.o)
    0x080002c6   0x080002c6   0x00000002   PAD
    0x080002c8   0x080002c8   0x000000c2   Code   RO         6478    .emb_text           port.o
    0x0800038a   0x0800038a   0x00000002   PAD
    0x0800038c   0x0800038c   0x00000000   Code   RO         7532    .emb_text           c_w.l(maybetermalloc1.o)
    0x0800038c   0x0800038c   0x00000040   Code   RO            4    .text               startup_stm32f722xx.o
    0x080003cc   0x080003cc   0x0000005e   Code   RO         7355    .text               c_w.l(h1_alloc.o)
    0x0800042a   0x0800042a   0x0000004e   Code   RO         7357    .text               c_w.l(h1_free.o)
    0x08000478   0x08000478   0x000000ee   Code   RO         7413    .text               c_w.l(lludivv7m.o)
    0x08000566   0x08000566   0x00000064   Code   RO         7417    .text               c_w.l(rt_memcpy_w.o)
    0x080005ca   0x080005ca   0x0000004e   Code   RO         7421    .text               c_w.l(rt_memclr_w.o)
    0x08000618   0x08000618   0x00000006   Code   RO         7423    .text               c_w.l(heapauxi.o)
    0x0800061e   0x0800061e   0x00000002   PAD
    0x08000620   0x08000620   0x00000008   Code   RO         7437    .text               c_w.l(rt_heap_descriptor_intlibspace.o)
    0x08000628   0x08000628   0x00000004   Code   RO         7439    .text               c_w.l(hguard.o)
    0x0800062c   0x0800062c   0x0000008a   Code   RO         7441    .text               c_w.l(init_alloc.o)
    0x080006b6   0x080006b6   0x0000000e   Code   RO         7445    .text               c_w.l(h1_init.o)
    0x080006c4   0x080006c4   0x00000008   Code   RO         7510    .text               c_w.l(libspace.o)
    0x080006cc   0x080006cc   0x00000034   Code   RO         7534    .text               c_w.l(h1_extend.o)
    0x08000700   0x08000700   0x0000000e   Code   RO         7538    .text               c_w.l(defsig_rtmem_outer.o)
    0x0800070e   0x0800070e   0x00000002   Code   RO         7549    .text               c_w.l(use_no_semi.o)
    0x08000710   0x08000710   0x00000000   Code   RO         7551    .text               c_w.l(indicate_semi.o)
    0x08000710   0x08000710   0x0000004a   Code   RO         7552    .text               c_w.l(sys_stackheap_outer.o)
    0x0800075a   0x0800075a   0x00000012   Code   RO         7558    .text               c_w.l(exit.o)
    0x0800076c   0x0800076c   0x0000000a   Code   RO         7560    .text               c_w.l(defsig_exit.o)
    0x08000776   0x08000776   0x00000002   PAD
    0x08000778   0x08000778   0x00000050   Code   RO         7566    .text               c_w.l(defsig_rtmem_inner.o)
    0x080007c8   0x080007c8   0x0000000c   Code   RO         7578    .text               c_w.l(sys_exit.o)
    0x080007d4   0x080007d4   0x00000032   Code   RO         7588    .text               c_w.l(defsig_general.o)
    0x08000806   0x08000806   0x0000000e   Code   RO         7610    .text               c_w.l(sys_wrch.o)
    0x08000814   0x08000814   0x00000002   Code   RO          763    i.BusFault_Handler  stm32f7xx_it.o
    0x08000816   0x08000816   0x00000002   PAD
    0x08000818   0x08000818   0x0000003c   Code   RO          506    i.CAN1_Filterinit_And_Start  can.o
    0x08000854   0x08000854   0x0000000c   Code   RO          764    i.CAN1_RX0_IRQHandler  stm32f7xx_it.o
    0x08000860   0x08000860   0x00000004   Code   RO         6685    i.CDC_Control_HS    usbd_cdc_if.o
    0x08000864   0x08000864   0x00000004   Code   RO         6686    i.CDC_DeInit_HS     usbd_cdc_if.o
    0x08000868   0x08000868   0x00000038   Code   RO         6687    i.CDC_Init_HS       usbd_cdc_if.o
    0x080008a0   0x080008a0   0x00000064   Code   RO         6688    i.CDC_Receive_HS    usbd_cdc_if.o
    0x08000904   0x08000904   0x00000004   Code   RO         6689    i.CDC_TransmitCplt_HS  usbd_cdc_if.o
    0x08000908   0x08000908   0x00000048   Code   RO          507    i.Can_Send_float    can.o
    0x08000950   0x08000950   0x00000040   Code   RO          509    i.Can_Send_uint8    can.o
    0x08000990   0x08000990   0x0000000c   Code   RO          765    i.DMA1_Stream4_IRQHandler  stm32f7xx_it.o
    0x0800099c   0x0800099c   0x0000000c   Code   RO          766    i.DMA2_Stream3_IRQHandler  stm32f7xx_it.o
    0x080009a8   0x080009a8   0x00000028   Code   RO         1921    i.DMA_CalcBaseAndBitshift  stm32f7xx_hal_dma.o
    0x080009d0   0x080009d0   0x00000054   Code   RO         1922    i.DMA_CheckFifoParam  stm32f7xx_hal_dma.o
    0x08000a24   0x08000a24   0x00000028   Code   RO         1923    i.DMA_SetConfig     stm32f7xx_hal_dma.o
    0x08000a4c   0x08000a4c   0x00000002   Code   RO          767    i.DebugMon_Handler  stm32f7xx_it.o
    0x08000a4e   0x08000a4e   0x00000004   Code   RO          312    i.Error_Handler     main.o
    0x08000a52   0x08000a52   0x0000000e   Code   RO          221    i.GetExtraDataRxPtr  user_usb.o
    0x08000a60   0x08000a60   0x0000002c   Code   RO          222    i.GetLcdBufferPtr   user_usb.o
    0x08000a8c   0x08000a8c   0x00000038   Code   RO          223    i.GetPingPongBufferPtr  user_usb.o
    0x08000ac4   0x08000ac4   0x00000024   Code   RO         3216    i.HAL_CAN_ActivateNotification  stm32f7xx_hal_can.o
    0x08000ae8   0x08000ae8   0x000000e6   Code   RO         3217    i.HAL_CAN_AddTxMessage  stm32f7xx_hal_can.o
    0x08000bce   0x08000bce   0x00000002   PAD
    0x08000bd0   0x08000bd0   0x000000ee   Code   RO         3218    i.HAL_CAN_ConfigFilter  stm32f7xx_hal_can.o
    0x08000cbe   0x08000cbe   0x00000002   Code   RO         3221    i.HAL_CAN_ErrorCallback  stm32f7xx_hal_can.o
    0x08000cc0   0x08000cc0   0x00000102   Code   RO         3224    i.HAL_CAN_GetRxMessage  stm32f7xx_hal_can.o
    0x08000dc2   0x08000dc2   0x000001fc   Code   RO         3228    i.HAL_CAN_IRQHandler  stm32f7xx_hal_can.o
    0x08000fbe   0x08000fbe   0x0000011a   Code   RO         3229    i.HAL_CAN_Init      stm32f7xx_hal_can.o
    0x080010d8   0x080010d8   0x00000074   Code   RO          511    i.HAL_CAN_MspInit   can.o
    0x0800114c   0x0800114c   0x00000002   Code   RO         3236    i.HAL_CAN_RxFifo0FullCallback  stm32f7xx_hal_can.o
    0x0800114e   0x0800114e   0x00000002   PAD
    0x08001150   0x08001150   0x00000128   Code   RO          512    i.HAL_CAN_RxFifo0MsgPendingCallback  can.o
    0x08001278   0x08001278   0x00000002   Code   RO         3238    i.HAL_CAN_RxFifo1FullCallback  stm32f7xx_hal_can.o
    0x0800127a   0x0800127a   0x00000002   Code   RO         3239    i.HAL_CAN_RxFifo1MsgPendingCallback  stm32f7xx_hal_can.o
    0x0800127c   0x0800127c   0x00000002   Code   RO         3240    i.HAL_CAN_SleepCallback  stm32f7xx_hal_can.o
    0x0800127e   0x0800127e   0x00000002   PAD
    0x08001280   0x08001280   0x00000058   Code   RO         3241    i.HAL_CAN_Start     stm32f7xx_hal_can.o
    0x080012d8   0x080012d8   0x00000002   Code   RO         3243    i.HAL_CAN_TxMailbox0AbortCallback  stm32f7xx_hal_can.o
    0x080012da   0x080012da   0x00000002   Code   RO         3244    i.HAL_CAN_TxMailbox0CompleteCallback  stm32f7xx_hal_can.o
    0x080012dc   0x080012dc   0x00000002   Code   RO         3245    i.HAL_CAN_TxMailbox1AbortCallback  stm32f7xx_hal_can.o
    0x080012de   0x080012de   0x00000002   Code   RO         3246    i.HAL_CAN_TxMailbox1CompleteCallback  stm32f7xx_hal_can.o
    0x080012e0   0x080012e0   0x00000002   Code   RO         3247    i.HAL_CAN_TxMailbox2AbortCallback  stm32f7xx_hal_can.o
    0x080012e2   0x080012e2   0x00000002   Code   RO         3248    i.HAL_CAN_TxMailbox2CompleteCallback  stm32f7xx_hal_can.o
    0x080012e4   0x080012e4   0x00000002   Code   RO         3250    i.HAL_CAN_WakeUpFromRxMsgCallback  stm32f7xx_hal_can.o
    0x080012e6   0x080012e6   0x00000002   PAD
    0x080012e8   0x080012e8   0x000001a0   Code   RO         1929    i.HAL_DMA_IRQHandler  stm32f7xx_hal_dma.o
    0x08001488   0x08001488   0x000000e4   Code   RO         1930    i.HAL_DMA_Init      stm32f7xx_hal_dma.o
    0x0800156c   0x0800156c   0x0000007a   Code   RO         1934    i.HAL_DMA_Start_IT  stm32f7xx_hal_dma.o
    0x080015e6   0x080015e6   0x00000002   PAD
    0x080015e8   0x080015e8   0x00000024   Code   RO         2438    i.HAL_Delay         stm32f7xx_hal.o
    0x0800160c   0x0800160c   0x00000224   Code   RO         1858    i.HAL_GPIO_Init     stm32f7xx_hal_gpio.o
    0x08001830   0x08001830   0x0000000a   Code   RO         1862    i.HAL_GPIO_WritePin  stm32f7xx_hal_gpio.o
    0x0800183a   0x0800183a   0x00000002   PAD
    0x0800183c   0x0800183c   0x0000000c   Code   RO         2446    i.HAL_GetTick       stm32f7xx_hal.o
    0x08001848   0x08001848   0x00000058   Code   RO         3101    i.HAL_I2CEx_ConfigAnalogFilter  stm32f7xx_hal_i2c_ex.o
    0x080018a0   0x080018a0   0x00000054   Code   RO         3102    i.HAL_I2CEx_ConfigDigitalFilter  stm32f7xx_hal_i2c_ex.o
    0x080018f4   0x080018f4   0x000000c0   Code   RO         2640    i.HAL_I2C_Init      stm32f7xx_hal_i2c.o
    0x080019b4   0x080019b4   0x00000088   Code   RO          614    i.HAL_I2C_MspInit   i2c.o
    0x08001a3c   0x08001a3c   0x00000010   Code   RO         2452    i.HAL_IncTick       stm32f7xx_hal.o
    0x08001a4c   0x08001a4c   0x00000016   Code   RO         2453    i.HAL_Init          stm32f7xx_hal.o
    0x08001a62   0x08001a62   0x00000002   PAD
    0x08001a64   0x08001a64   0x00000098   Code   RO          875    i.HAL_InitTick      stm32f7xx_hal_timebase_tim.o
    0x08001afc   0x08001afc   0x0000005c   Code   RO         2284    i.HAL_MPU_ConfigRegion  stm32f7xx_hal_cortex.o
    0x08001b58   0x08001b58   0x0000001c   Code   RO         2285    i.HAL_MPU_Disable   stm32f7xx_hal_cortex.o
    0x08001b74   0x08001b74   0x00000024   Code   RO         2287    i.HAL_MPU_Enable    stm32f7xx_hal_cortex.o
    0x08001b98   0x08001b98   0x00000038   Code   RO          851    i.HAL_MspInit       stm32f7xx_hal_msp.o
    0x08001bd0   0x08001bd0   0x0000001a   Code   RO         2291    i.HAL_NVIC_EnableIRQ  stm32f7xx_hal_cortex.o
    0x08001bea   0x08001bea   0x00000002   PAD
    0x08001bec   0x08001bec   0x00000040   Code   RO         2297    i.HAL_NVIC_SetPriority  stm32f7xx_hal_cortex.o
    0x08001c2c   0x08001c2c   0x00000024   Code   RO         2298    i.HAL_NVIC_SetPriorityGrouping  stm32f7xx_hal_cortex.o
    0x08001c50   0x08001c50   0x00000028   Code   RO         1152    i.HAL_PCDEx_ActivateLPM  stm32f7xx_hal_pcd_ex.o
    0x08001c78   0x08001c78   0x00000060   Code   RO         6748    i.HAL_PCDEx_LPM_Callback  usbd_conf.o
    0x08001cd8   0x08001cd8   0x00000008   Code   RO         1156    i.HAL_PCDEx_SetRxFiFo  stm32f7xx_hal_pcd_ex.o
    0x08001ce0   0x08001ce0   0x00000046   Code   RO         1157    i.HAL_PCDEx_SetTxFiFo  stm32f7xx_hal_pcd_ex.o
    0x08001d26   0x08001d26   0x00000008   Code   RO         6749    i.HAL_PCD_ConnectCallback  usbd_conf.o
    0x08001d2e   0x08001d2e   0x00000012   Code   RO         6750    i.HAL_PCD_DataInStageCallback  usbd_conf.o
    0x08001d40   0x08001d40   0x00000014   Code   RO         6751    i.HAL_PCD_DataOutStageCallback  usbd_conf.o
    0x08001d54   0x08001d54   0x00000008   Code   RO         6752    i.HAL_PCD_DisconnectCallback  usbd_conf.o
    0x08001d5c   0x08001d5c   0x0000001e   Code   RO          923    i.HAL_PCD_EP_Abort  stm32f7xx_hal_pcd.o
    0x08001d7a   0x08001d7a   0x0000004a   Code   RO          924    i.HAL_PCD_EP_Close  stm32f7xx_hal_pcd.o
    0x08001dc4   0x08001dc4   0x0000005a   Code   RO          925    i.HAL_PCD_EP_ClrStall  stm32f7xx_hal_pcd.o
    0x08001e1e   0x08001e1e   0x00000012   Code   RO          927    i.HAL_PCD_EP_GetRxCount  stm32f7xx_hal_pcd.o
    0x08001e30   0x08001e30   0x0000005e   Code   RO          928    i.HAL_PCD_EP_Open   stm32f7xx_hal_pcd.o
    0x08001e8e   0x08001e8e   0x00000034   Code   RO          929    i.HAL_PCD_EP_Receive  stm32f7xx_hal_pcd.o
    0x08001ec2   0x08001ec2   0x00000072   Code   RO          930    i.HAL_PCD_EP_SetStall  stm32f7xx_hal_pcd.o
    0x08001f34   0x08001f34   0x00000034   Code   RO          931    i.HAL_PCD_EP_Transmit  stm32f7xx_hal_pcd.o
    0x08001f68   0x08001f68   0x00000594   Code   RO          933    i.HAL_PCD_IRQHandler  stm32f7xx_hal_pcd.o
    0x080024fc   0x080024fc   0x00000008   Code   RO         6753    i.HAL_PCD_ISOINIncompleteCallback  usbd_conf.o
    0x08002504   0x08002504   0x00000008   Code   RO         6754    i.HAL_PCD_ISOOUTIncompleteCallback  usbd_conf.o
    0x0800250c   0x0800250c   0x000000d8   Code   RO          936    i.HAL_PCD_Init      stm32f7xx_hal_pcd.o
    0x080025e4   0x080025e4   0x000000ec   Code   RO         6756    i.HAL_PCD_MspInit   usbd_conf.o
    0x080026d0   0x080026d0   0x0000002c   Code   RO         6757    i.HAL_PCD_ResetCallback  usbd_conf.o
    0x080026fc   0x080026fc   0x00000008   Code   RO         6758    i.HAL_PCD_ResumeCallback  usbd_conf.o
    0x08002704   0x08002704   0x00000008   Code   RO         6759    i.HAL_PCD_SOFCallback  usbd_conf.o
    0x0800270c   0x0800270c   0x00000026   Code   RO          942    i.HAL_PCD_SetAddress  stm32f7xx_hal_pcd.o
    0x08002732   0x08002732   0x0000000e   Code   RO         6760    i.HAL_PCD_SetupStageCallback  usbd_conf.o
    0x08002740   0x08002740   0x0000002a   Code   RO          945    i.HAL_PCD_Start     stm32f7xx_hal_pcd.o
    0x0800276a   0x0800276a   0x00000002   PAD
    0x0800276c   0x0800276c   0x00000030   Code   RO         6761    i.HAL_PCD_SuspendCallback  usbd_conf.o
    0x0800279c   0x0800279c   0x0000006c   Code   RO         2198    i.HAL_PWREx_EnableOverDrive  stm32f7xx_hal_pwr_ex.o
    0x08002808   0x08002808   0x00000450   Code   RO         1619    i.HAL_RCCEx_PeriphCLKConfig  stm32f7xx_hal_rcc_ex.o
    0x08002c58   0x08002c58   0x00000130   Code   RO         1512    i.HAL_RCC_ClockConfig  stm32f7xx_hal_rcc.o
    0x08002d88   0x08002d88   0x00000040   Code   RO         1516    i.HAL_RCC_GetClockConfig  stm32f7xx_hal_rcc.o
    0x08002dc8   0x08002dc8   0x0000000c   Code   RO         1517    i.HAL_RCC_GetHCLKFreq  stm32f7xx_hal_rcc.o
    0x08002dd4   0x08002dd4   0x00000020   Code   RO         1519    i.HAL_RCC_GetPCLK1Freq  stm32f7xx_hal_rcc.o
    0x08002df4   0x08002df4   0x00000020   Code   RO         1520    i.HAL_RCC_GetPCLK2Freq  stm32f7xx_hal_rcc.o
    0x08002e14   0x08002e14   0x00000064   Code   RO         1521    i.HAL_RCC_GetSysClockFreq  stm32f7xx_hal_rcc.o
    0x08002e78   0x08002e78   0x00000384   Code   RO         1524    i.HAL_RCC_OscConfig  stm32f7xx_hal_rcc.o
    0x080031fc   0x080031fc   0x00000002   Code   RO         3456    i.HAL_SPI_ErrorCallback  stm32f7xx_hal_spi.o
    0x080031fe   0x080031fe   0x00000002   PAD
    0x08003200   0x08003200   0x000000f2   Code   RO         3460    i.HAL_SPI_Init      stm32f7xx_hal_spi.o
    0x080032f2   0x080032f2   0x00000002   PAD
    0x080032f4   0x080032f4   0x00000170   Code   RO          658    i.HAL_SPI_MspInit   spi.o
    0x08003464   0x08003464   0x00000190   Code   RO         3468    i.HAL_SPI_Transmit  stm32f7xx_hal_spi.o
    0x080035f4   0x080035f4   0x0000011c   Code   RO         3472    i.HAL_SPI_Transmit_DMA  stm32f7xx_hal_spi.o
    0x08003710   0x08003710   0x0000000c   Code   RO           13    i.HAL_SPI_TxCpltCallback  screen.o
    0x0800371c   0x0800371c   0x00000002   Code   RO         3475    i.HAL_SPI_TxHalfCpltCallback  stm32f7xx_hal_spi.o
    0x0800371e   0x0800371e   0x00000002   Code   RO         4516    i.HAL_TIMEx_Break2Callback  stm32f7xx_hal_tim_ex.o
    0x08003720   0x08003720   0x00000002   Code   RO         4517    i.HAL_TIMEx_BreakCallback  stm32f7xx_hal_tim_ex.o
    0x08003722   0x08003722   0x00000002   Code   RO         4518    i.HAL_TIMEx_CommutCallback  stm32f7xx_hal_tim_ex.o
    0x08003724   0x08003724   0x00000062   Code   RO         3802    i.HAL_TIM_Base_Init  stm32f7xx_hal_tim.o
    0x08003786   0x08003786   0x00000002   Code   RO         3804    i.HAL_TIM_Base_MspInit  stm32f7xx_hal_tim.o
    0x08003788   0x08003788   0x0000008c   Code   RO         3807    i.HAL_TIM_Base_Start_IT  stm32f7xx_hal_tim.o
    0x08003814   0x08003814   0x00000002   Code   RO         3836    i.HAL_TIM_IC_CaptureCallback  stm32f7xx_hal_tim.o
    0x08003816   0x08003816   0x00000148   Code   RO         3850    i.HAL_TIM_IRQHandler  stm32f7xx_hal_tim.o
    0x0800395e   0x0800395e   0x00000002   Code   RO         3853    i.HAL_TIM_OC_DelayElapsedCallback  stm32f7xx_hal_tim.o
    0x08003960   0x08003960   0x00000002   Code   RO         3880    i.HAL_TIM_PWM_PulseFinishedCallback  stm32f7xx_hal_tim.o
    0x08003962   0x08003962   0x00000002   PAD
    0x08003964   0x08003964   0x00000014   Code   RO          313    i.HAL_TIM_PeriodElapsedCallback  main.o
    0x08003978   0x08003978   0x00000002   Code   RO         3893    i.HAL_TIM_TriggerCallback  stm32f7xx_hal_tim.o
    0x0800397a   0x0800397a   0x00000066   Code   RO         4824    i.HAL_UART_Init     stm32f7xx_hal_uart.o
    0x080039e0   0x080039e0   0x000000d8   Code   RO          716    i.HAL_UART_MspInit  usart.o
    0x08003ab8   0x08003ab8   0x00000002   Code   RO          768    i.HardFault_Handler  stm32f7xx_it.o
    0x08003aba   0x08003aba   0x00000002   PAD
    0x08003abc   0x08003abc   0x00000038   Code   RO         6593    i.IntToUnicode      usbd_desc.o
    0x08003af4   0x08003af4   0x00000044   Code   RO          513    i.MX_CAN1_Init      can.o
    0x08003b38   0x08003b38   0x0000004c   Code   RO          589    i.MX_DMA_Init       dma.o
    0x08003b84   0x08003b84   0x0000003c   Code   RO          445    i.MX_FREERTOS_Init  freertos.o
    0x08003bc0   0x08003bc0   0x000000d0   Code   RO          421    i.MX_GPIO_Init      gpio.o
    0x08003c90   0x08003c90   0x00000058   Code   RO          615    i.MX_I2C1_Init      i2c.o
    0x08003ce8   0x08003ce8   0x0000004c   Code   RO          659    i.MX_SPI1_Init      spi.o
    0x08003d34   0x08003d34   0x0000004c   Code   RO          660    i.MX_SPI2_Init      spi.o
    0x08003d80   0x08003d80   0x0000003c   Code   RO          717    i.MX_UART4_Init     usart.o
    0x08003dbc   0x08003dbc   0x0000003c   Code   RO          718    i.MX_USART1_UART_Init  usart.o
    0x08003df8   0x08003df8   0x00000054   Code   RO         6558    i.MX_USB_DEVICE_Init  usb_device.o
    0x08003e4c   0x08003e4c   0x00000002   Code   RO          769    i.MemManage_Handler  stm32f7xx_it.o
    0x08003e4e   0x08003e4e   0x00000002   Code   RO          770    i.NMI_Handler       stm32f7xx_it.o
    0x08003e50   0x08003e50   0x0000000c   Code   RO          771    i.OTG_HS_IRQHandler  stm32f7xx_it.o
    0x08003e5c   0x08003e5c   0x000000cc   Code   RO          949    i.PCD_EP_OutXfrComplete_int  stm32f7xx_hal_pcd.o
    0x08003f28   0x08003f28   0x000000a2   Code   RO          950    i.PCD_WriteEmptyTxFifo  stm32f7xx_hal_pcd.o
    0x08003fca   0x08003fca   0x00000002   PAD
    0x08003fcc   0x08003fcc   0x00000018   Code   RO          224    i.ReceiveUsbPacketUntilSizeIs  user_usb.o
    0x08003fe4   0x08003fe4   0x00000022   Code   RO         3488    i.SPI_DMAError      stm32f7xx_hal_spi.o
    0x08004006   0x08004006   0x0000000a   Code   RO         3490    i.SPI_DMAHalfTransmitCplt  stm32f7xx_hal_spi.o
    0x08004010   0x08004010   0x00000064   Code   RO         3494    i.SPI_DMATransmitCplt  stm32f7xx_hal_spi.o
    0x08004074   0x08004074   0x00000080   Code   RO         3498    i.SPI_EndRxTxTransaction  stm32f7xx_hal_spi.o
    0x080040f4   0x080040f4   0x000000dc   Code   RO         3503    i.SPI_WaitFifoStateUntilTimeout  stm32f7xx_hal_spi.o
    0x080041d0   0x080041d0   0x000000b8   Code   RO         3504    i.SPI_WaitFlagStateUntilTimeout  stm32f7xx_hal_spi.o
    0x08004288   0x08004288   0x0000000a   Code   RO         7108    i.SWAPBYTE          usbd_ctlreq.o
    0x08004292   0x08004292   0x00000002   PAD
    0x08004294   0x08004294   0x00000018   Code   RO           14    i.Screen_Reset      screen.o
    0x080042ac   0x080042ac   0x00000018   Code   RO           15    i.Screen_SetDataOrCommand  screen.o
    0x080042c4   0x080042c4   0x00000054   Code   RO           16    i.Screen_SetWindow  screen.o
    0x08004318   0x08004318   0x0000002c   Code   RO           17    i.Screen_WriteFrameBuffer  screen.o
    0x08004344   0x08004344   0x0000000c   Code   RO          446    i.StartDefaultTask  freertos.o
    0x08004350   0x08004350   0x00000028   Code   RO          225    i.SwitchPingPongBuffer  user_usb.o
    0x08004378   0x08004378   0x00000030   Code   RO         6479    i.SysTick_Handler   port.o
    0x080043a8   0x080043a8   0x000000a0   Code   RO          314    i.SystemClock_Config  main.o
    0x08004448   0x08004448   0x00000010   Code   RO         5242    i.SystemInit        system_stm32f7xx.o
    0x08004458   0x08004458   0x0000000c   Code   RO          772    i.TIM8_TRG_COM_TIM14_IRQHandler  stm32f7xx_it.o
    0x08004464   0x08004464   0x000000d8   Code   RO         3895    i.TIM_Base_SetConfig  stm32f7xx_hal_tim.o
    0x0800453c   0x0800453c   0x000000c8   Code   RO         4838    i.UART_AdvFeatureConfig  stm32f7xx_hal_uart.o
    0x08004604   0x08004604   0x0000005a   Code   RO         4839    i.UART_CheckIdleState  stm32f7xx_hal_uart.o
    0x0800465e   0x0800465e   0x0000004c   Code   RO         4850    i.UART_EndRxTransfer  stm32f7xx_hal_uart.o
    0x080046aa   0x080046aa   0x00000002   PAD
    0x080046ac   0x080046ac   0x00000230   Code   RO         4854    i.UART_SetConfig    stm32f7xx_hal_uart.o
    0x080048dc   0x080048dc   0x00000094   Code   RO         4859    i.UART_WaitOnFlagUntilTimeout  stm32f7xx_hal_uart.o
    0x08004970   0x08004970   0x00000076   Code   RO         7246    i.USBD_CDC_DataIn   usbd_cdc.o
    0x080049e6   0x080049e6   0x0000003c   Code   RO         7247    i.USBD_CDC_DataOut  usbd_cdc.o
    0x08004a22   0x08004a22   0x00000002   PAD
    0x08004a24   0x08004a24   0x00000090   Code   RO         7248    i.USBD_CDC_DeInit   usbd_cdc.o
    0x08004ab4   0x08004ab4   0x00000036   Code   RO         7249    i.USBD_CDC_EP0_RxReady  usbd_cdc.o
    0x08004aea   0x08004aea   0x00000002   PAD
    0x08004aec   0x08004aec   0x0000000c   Code   RO         7250    i.USBD_CDC_GetDeviceQualifierDescriptor  usbd_cdc.o
    0x08004af8   0x08004af8   0x00000040   Code   RO         7251    i.USBD_CDC_GetFSCfgDesc  usbd_cdc.o
    0x08004b38   0x08004b38   0x00000040   Code   RO         7252    i.USBD_CDC_GetHSCfgDesc  usbd_cdc.o
    0x08004b78   0x08004b78   0x00000040   Code   RO         7253    i.USBD_CDC_GetOtherSpeedCfgDesc  usbd_cdc.o
    0x08004bb8   0x08004bb8   0x0000011c   Code   RO         7254    i.USBD_CDC_Init     usbd_cdc.o
    0x08004cd4   0x08004cd4   0x00000016   Code   RO         7256    i.USBD_CDC_RegisterInterface  usbd_cdc.o
    0x08004cea   0x08004cea   0x0000001a   Code   RO         7257    i.USBD_CDC_SetRxBuffer  usbd_cdc.o
    0x08004d04   0x08004d04   0x0000001e   Code   RO         7258    i.USBD_CDC_SetTxBuffer  usbd_cdc.o
    0x08004d22   0x08004d22   0x000000ce   Code   RO         7259    i.USBD_CDC_Setup    usbd_cdc.o
    0x08004df0   0x08004df0   0x00000014   Code   RO         6949    i.USBD_ClrClassConfig  usbd_core.o
    0x08004e04   0x08004e04   0x00000004   Code   RO         6950    i.USBD_CoreFindEP   usbd_core.o
    0x08004e08   0x08004e08   0x00000004   Code   RO         6951    i.USBD_CoreFindIF   usbd_core.o
    0x08004e0c   0x08004e0c   0x00000010   Code   RO         7186    i.USBD_CtlContinueRx  usbd_ioreq.o
    0x08004e1c   0x08004e1c   0x00000010   Code   RO         7187    i.USBD_CtlContinueSendData  usbd_ioreq.o
    0x08004e2c   0x08004e2c   0x00000016   Code   RO         7109    i.USBD_CtlError     usbd_ctlreq.o
    0x08004e42   0x08004e42   0x0000001e   Code   RO         7188    i.USBD_CtlPrepareRx  usbd_ioreq.o
    0x08004e60   0x08004e60   0x00000016   Code   RO         7189    i.USBD_CtlReceiveStatus  usbd_ioreq.o
    0x08004e76   0x08004e76   0x0000001a   Code   RO         7190    i.USBD_CtlSendData  usbd_ioreq.o
    0x08004e90   0x08004e90   0x00000016   Code   RO         7191    i.USBD_CtlSendStatus  usbd_ioreq.o
    0x08004ea6   0x08004ea6   0x000000fa   Code   RO         7110    i.USBD_GetDescriptor  usbd_ctlreq.o
    0x08004fa0   0x08004fa0   0x0000003a   Code   RO         6953    i.USBD_GetEpDesc    usbd_core.o
    0x08004fda   0x08004fda   0x00000014   Code   RO         7111    i.USBD_GetLen       usbd_ctlreq.o
    0x08004fee   0x08004fee   0x0000000e   Code   RO         6954    i.USBD_GetNextDesc  usbd_core.o
    0x08004ffc   0x08004ffc   0x0000004e   Code   RO         7112    i.USBD_GetString    usbd_ctlreq.o
    0x0800504a   0x0800504a   0x00000018   Code   RO         6762    i.USBD_Get_USB_Status  usbd_conf.o
    0x08005062   0x08005062   0x00000002   PAD
    0x08005064   0x08005064   0x00000020   Code   RO         6594    i.USBD_HS_ConfigStrDescriptor  usbd_desc.o
    0x08005084   0x08005084   0x0000000c   Code   RO         6595    i.USBD_HS_DeviceDescriptor  usbd_desc.o
    0x08005090   0x08005090   0x00000024   Code   RO         6596    i.USBD_HS_InterfaceStrDescriptor  usbd_desc.o
    0x080050b4   0x080050b4   0x0000000c   Code   RO         6597    i.USBD_HS_LangIDStrDescriptor  usbd_desc.o
    0x080050c0   0x080050c0   0x00000028   Code   RO         6598    i.USBD_HS_ManufacturerStrDescriptor  usbd_desc.o
    0x080050e8   0x080050e8   0x0000002c   Code   RO         6599    i.USBD_HS_ProductStrDescriptor  usbd_desc.o
    0x08005114   0x08005114   0x0000003c   Code   RO         6600    i.USBD_HS_SerialStrDescriptor  usbd_desc.o
    0x08005150   0x08005150   0x0000000c   Code   RO         6601    i.USBD_HS_USR_BOSDescriptor  usbd_desc.o
    0x0800515c   0x0800515c   0x00000026   Code   RO         6955    i.USBD_Init         usbd_core.o
    0x08005182   0x08005182   0x00000012   Code   RO         6763    i.USBD_LL_ClearStallEP  usbd_conf.o
    0x08005194   0x08005194   0x00000012   Code   RO         6764    i.USBD_LL_CloseEP   usbd_conf.o
    0x080051a6   0x080051a6   0x000000b8   Code   RO         6956    i.USBD_LL_DataInStage  usbd_core.o
    0x0800525e   0x0800525e   0x00000090   Code   RO         6957    i.USBD_LL_DataOutStage  usbd_core.o
    0x080052ee   0x080052ee   0x00000004   Code   RO         6958    i.USBD_LL_DevConnected  usbd_core.o
    0x080052f2   0x080052f2   0x00000020   Code   RO         6959    i.USBD_LL_DevDisconnected  usbd_core.o
    0x08005312   0x08005312   0x00000008   Code   RO         6768    i.USBD_LL_GetRxDataSize  usbd_conf.o
    0x0800531a   0x0800531a   0x00000002   PAD
    0x0800531c   0x0800531c   0x00000068   Code   RO         6769    i.USBD_LL_Init      usbd_conf.o
    0x08005384   0x08005384   0x0000001e   Code   RO         6770    i.USBD_LL_IsStallEP  usbd_conf.o
    0x080053a2   0x080053a2   0x00000028   Code   RO         6960    i.USBD_LL_IsoINIncomplete  usbd_core.o
    0x080053ca   0x080053ca   0x00000028   Code   RO         6961    i.USBD_LL_IsoOUTIncomplete  usbd_core.o
    0x080053f2   0x080053f2   0x00000018   Code   RO         6771    i.USBD_LL_OpenEP    usbd_conf.o
    0x0800540a   0x0800540a   0x00000012   Code   RO         6772    i.USBD_LL_PrepareReceive  usbd_conf.o
    0x0800541c   0x0800541c   0x0000005e   Code   RO         6962    i.USBD_LL_Reset     usbd_core.o
    0x0800547a   0x0800547a   0x00000014   Code   RO         6963    i.USBD_LL_Resume    usbd_core.o
    0x0800548e   0x0800548e   0x0000001a   Code   RO         6964    i.USBD_LL_SOF       usbd_core.o
    0x080054a8   0x080054a8   0x00000006   Code   RO         6965    i.USBD_LL_SetSpeed  usbd_core.o
    0x080054ae   0x080054ae   0x00000012   Code   RO         6773    i.USBD_LL_SetUSBAddress  usbd_conf.o
    0x080054c0   0x080054c0   0x00000060   Code   RO         6966    i.USBD_LL_SetupStage  usbd_core.o
    0x08005520   0x08005520   0x00000012   Code   RO         6774    i.USBD_LL_StallEP   usbd_conf.o
    0x08005532   0x08005532   0x00000012   Code   RO         6775    i.USBD_LL_Start     usbd_conf.o
    0x08005544   0x08005544   0x0000001a   Code   RO         6967    i.USBD_LL_Suspend   usbd_core.o
    0x0800555e   0x0800555e   0x00000012   Code   RO         6777    i.USBD_LL_Transmit  usbd_conf.o
    0x08005570   0x08005570   0x0000002a   Code   RO         7113    i.USBD_ParseSetupRequest  usbd_ctlreq.o
    0x0800559a   0x0800559a   0x0000003a   Code   RO         6968    i.USBD_RegisterClass  usbd_core.o
    0x080055d4   0x080055d4   0x00000014   Code   RO         6970    i.USBD_SetClassConfig  usbd_core.o
    0x080055e8   0x080055e8   0x000000bc   Code   RO         7114    i.USBD_SetConfig    usbd_ctlreq.o
    0x080056a4   0x080056a4   0x00000004   Code   RO         6971    i.USBD_Start        usbd_core.o
    0x080056a8   0x080056a8   0x0000012e   Code   RO         7115    i.USBD_StdDevReq    usbd_ctlreq.o
    0x080057d6   0x080057d6   0x00000164   Code   RO         7116    i.USBD_StdEPReq     usbd_ctlreq.o
    0x0800593a   0x0800593a   0x00000074   Code   RO         7117    i.USBD_StdItfReq    usbd_ctlreq.o
    0x080059ae   0x080059ae   0x00000002   PAD
    0x080059b0   0x080059b0   0x00000080   Code   RO         1207    i.USB_ActivateEndpoint  stm32f7xx_ll_usb.o
    0x08005a30   0x08005a30   0x0000001c   Code   RO         1209    i.USB_ActivateSetup  stm32f7xx_ll_usb.o
    0x08005a4c   0x08005a4c   0x000000a8   Code   RO         1211    i.USB_CoreInit      stm32f7xx_ll_usb.o
    0x08005af4   0x08005af4   0x0000003c   Code   RO         1212    i.USB_CoreReset     stm32f7xx_ll_usb.o
    0x08005b30   0x08005b30   0x000000cc   Code   RO         1215    i.USB_DeactivateEndpoint  stm32f7xx_ll_usb.o
    0x08005bfc   0x08005bfc   0x0000001c   Code   RO         1216    i.USB_DevConnect    stm32f7xx_ll_usb.o
    0x08005c18   0x08005c18   0x0000001c   Code   RO         1217    i.USB_DevDisconnect  stm32f7xx_ll_usb.o
    0x08005c34   0x08005c34   0x00000178   Code   RO         1218    i.USB_DevInit       stm32f7xx_ll_usb.o
    0x08005dac   0x08005dac   0x0000000c   Code   RO         1219    i.USB_DisableGlobalInt  stm32f7xx_ll_usb.o
    0x08005db8   0x08005db8   0x00000058   Code   RO         1222    i.USB_EP0_OutStart  stm32f7xx_ll_usb.o
    0x08005e10   0x08005e10   0x00000058   Code   RO         1223    i.USB_EPClearStall  stm32f7xx_ll_usb.o
    0x08005e68   0x08005e68   0x00000058   Code   RO         1224    i.USB_EPSetStall    stm32f7xx_ll_usb.o
    0x08005ec0   0x08005ec0   0x00000238   Code   RO         1225    i.USB_EPStartXfer   stm32f7xx_ll_usb.o
    0x080060f8   0x080060f8   0x0000009e   Code   RO         1226    i.USB_EPStopXfer    stm32f7xx_ll_usb.o
    0x08006196   0x08006196   0x0000000c   Code   RO         1227    i.USB_EnableGlobalInt  stm32f7xx_ll_usb.o
    0x080061a2   0x080061a2   0x00000038   Code   RO         1228    i.USB_FlushRxFifo   stm32f7xx_ll_usb.o
    0x080061da   0x080061da   0x0000003c   Code   RO         1229    i.USB_FlushTxFifo   stm32f7xx_ll_usb.o
    0x08006216   0x08006216   0x0000001a   Code   RO         1231    i.USB_GetDevSpeed   stm32f7xx_ll_usb.o
    0x08006230   0x08006230   0x00000008   Code   RO         1233    i.USB_GetMode       stm32f7xx_ll_usb.o
    0x08006238   0x08006238   0x0000000e   Code   RO         1241    i.USB_ReadDevAllInEpInterrupt  stm32f7xx_ll_usb.o
    0x08006246   0x08006246   0x0000000e   Code   RO         1242    i.USB_ReadDevAllOutEpInterrupt  stm32f7xx_ll_usb.o
    0x08006254   0x08006254   0x00000024   Code   RO         1243    i.USB_ReadDevInEPInterrupt  stm32f7xx_ll_usb.o
    0x08006278   0x08006278   0x00000010   Code   RO         1244    i.USB_ReadDevOutEPInterrupt  stm32f7xx_ll_usb.o
    0x08006288   0x08006288   0x00000008   Code   RO         1245    i.USB_ReadInterrupts  stm32f7xx_ll_usb.o
    0x08006290   0x08006290   0x00000040   Code   RO         1246    i.USB_ReadPacket    stm32f7xx_ll_usb.o
    0x080062d0   0x080062d0   0x0000005e   Code   RO         1248    i.USB_SetCurrentMode  stm32f7xx_ll_usb.o
    0x0800632e   0x0800632e   0x00000022   Code   RO         1249    i.USB_SetDevAddress  stm32f7xx_ll_usb.o
    0x08006350   0x08006350   0x000000e8   Code   RO         1251    i.USB_SetTurnaroundTime  stm32f7xx_ll_usb.o
    0x08006438   0x08006438   0x00000028   Code   RO         1254    i.USB_WritePacket   stm32f7xx_ll_usb.o
    0x08006460   0x08006460   0x00000002   Code   RO          773    i.UsageFault_Handler  stm32f7xx_it.o
    0x08006462   0x08006462   0x00000002   PAD
    0x08006464   0x08006464   0x00000018   Code   RO           18    i.Write1Byte        screen.o
    0x0800647c   0x0800647c   0x00000018   Code   RO           19    i.WriteCommand      screen.o
    0x08006494   0x08006494   0x00000030   Code   RO           20    i.WriteData         screen.o
    0x080064c4   0x080064c4   0x00000022   Code   RO         2304    i.__NVIC_SetPriority  stm32f7xx_hal_cortex.o
    0x080064e6   0x080064e6   0x00000094   Code   RO          315    i.main              main.o
    0x0800657a   0x0800657a   0x0000000e   Code   RO         6050    i.makeFreeRtosPriority  cmsis_os.o
    0x08006588   0x08006588   0x0000000e   Code   RO         6052    i.osDelay           cmsis_os.o
    0x08006596   0x08006596   0x0000000a   Code   RO         6055    i.osKernelStart     cmsis_os.o
    0x080065a0   0x080065a0   0x00000054   Code   RO         6089    i.osThreadCreate    cmsis_os.o
    0x080065f4   0x080065f4   0x00000070   Code   RO         5744    i.prvAddCurrentTaskToDelayedList  tasks.o
    0x08006664   0x08006664   0x000000d0   Code   RO         5745    i.prvAddNewTaskToReadyList  tasks.o
    0x08006734   0x08006734   0x00000038   Code   RO         5746    i.prvDeleteTCB      tasks.o
    0x0800676c   0x0800676c   0x00000050   Code   RO         6417    i.prvHeapInit       heap_4.o
    0x080067bc   0x080067bc   0x00000060   Code   RO         5747    i.prvIdleTask       tasks.o
    0x0800681c   0x0800681c   0x0000009e   Code   RO         5748    i.prvInitialiseNewTask  tasks.o
    0x080068ba   0x080068ba   0x00000002   PAD
    0x080068bc   0x080068bc   0x0000004c   Code   RO         6418    i.prvInsertBlockIntoFreeList  heap_4.o
    0x08006908   0x08006908   0x00000020   Code   RO         5749    i.prvResetNextTaskUnblockTime  tasks.o
    0x08006928   0x08006928   0x00000030   Code   RO         6480    i.prvTaskExitError  port.o
    0x08006958   0x08006958   0x000000e4   Code   RO         6419    i.pvPortMalloc      heap_4.o
    0x08006a3c   0x08006a3c   0x00000030   Code   RO         6481    i.pxPortInitialiseStack  port.o
    0x08006a6c   0x08006a6c   0x000004b4   Code   RO           21    i.screen_init       screen.o
    0x08006f20   0x08006f20   0x0000007c   Code   RO          447    i.screen_task       freertos.o
    0x08006f9c   0x08006f9c   0x00000026   Code   RO         5380    i.uxListRemove      list.o
    0x08006fc2   0x08006fc2   0x00000002   PAD
    0x08006fc4   0x08006fc4   0x00000018   Code   RO          448    i.vApplicationGetIdleTaskMemory  freertos.o
    0x08006fdc   0x08006fdc   0x00000016   Code   RO         5381    i.vListInitialise   list.o
    0x08006ff2   0x08006ff2   0x00000006   Code   RO         5382    i.vListInitialiseItem  list.o
    0x08006ff8   0x08006ff8   0x00000030   Code   RO         5383    i.vListInsert       list.o
    0x08007028   0x08007028   0x00000018   Code   RO         5384    i.vListInsertEnd    list.o
    0x08007040   0x08007040   0x00000048   Code   RO         6483    i.vPortEnterCritical  port.o
    0x08007088   0x08007088   0x0000002c   Code   RO         6484    i.vPortExitCritical  port.o
    0x080070b4   0x080070b4   0x00000064   Code   RO         6420    i.vPortFree         heap_4.o
    0x08007118   0x08007118   0x00000024   Code   RO         6485    i.vPortSetupTimerInterrupt  port.o
    0x0800713c   0x0800713c   0x00000050   Code   RO         5757    i.vTaskDelay        tasks.o
    0x0800718c   0x0800718c   0x00000070   Code   RO         5770    i.vTaskStartScheduler  tasks.o
    0x080071fc   0x080071fc   0x00000010   Code   RO         5772    i.vTaskSuspendAll   tasks.o
    0x0800720c   0x0800720c   0x00000060   Code   RO         5773    i.vTaskSwitchContext  tasks.o
    0x0800726c   0x0800726c   0x000000c0   Code   RO         6487    i.xPortStartScheduler  port.o
    0x0800732c   0x0800732c   0x0000005a   Code   RO         5775    i.xTaskCreate       tasks.o
    0x08007386   0x08007386   0x0000005e   Code   RO         5776    i.xTaskCreateStatic  tasks.o
    0x080073e4   0x080073e4   0x000000cc   Code   RO         5783    i.xTaskIncrementTick  tasks.o
    0x080074b0   0x080074b0   0x000000c8   Code   RO         5789    i.xTaskResumeAll    tasks.o
    0x08007578   0x08007578   0x0000000a   Code   RO         7547    x$fpl$fpinit        fz_wm.l(fpinit.o)
    0x08007582   0x08007582   0x00000002   PAD
    0x08007584   0x08007584   0x00000038   Data   RO          450    .constdata          freertos.o
    0x080075bc   0x080075bc   0x00000008   Data   RO         1936    .constdata          stm32f7xx_hal_dma.o
    0x080075c4   0x080075c4   0x00000010   Data   RO         5243    .constdata          system_stm32f7xx.o
    0x080075d4   0x080075d4   0x00000008   Data   RO         5244    .constdata          system_stm32f7xx.o
    0x080075dc   0x080075dc   0x00000018   Data   RO          451    .conststring        freertos.o
    0x080075f4   0x080075f4   0x00000020   Data   RO         7638    Region$$Table       anon$$obj.o


    Execution Region RW_IRAM1 (Exec base: 0x20000000, Load base: 0x08007614, Size: 0x0001abb8, Max: 0x00040000, ABSOLUTE, COMPRESSED[0x000000cc])

    Exec Addr    Load Addr    Size         Type   Attr      Idx    E Section Name        Object

    0x20000000   COMPRESSED   0x00000001   Data   RW           24    .data               screen.o
    0x20000001   COMPRESSED   0x00000003   PAD
    0x20000004   COMPRESSED   0x00000008   Data   RW          227    .data               user_usb.o
    0x2000000c   COMPRESSED   0x00000010   Data   RW          455    .data               freertos.o
    0x2000001c   COMPRESSED   0x00000021   Data   RW          517    .data               can.o
    0x2000003d   COMPRESSED   0x00000003   PAD
    0x20000040   COMPRESSED   0x0000000c   Data   RW         2460    .data               stm32f7xx_hal.o
    0x2000004c   COMPRESSED   0x00000004   Data   RW         5245    .data               system_stm32f7xx.o
    0x20000050   COMPRESSED   0x0000003c   Data   RW         5792    .data               tasks.o
    0x2000008c   COMPRESSED   0x00000018   Data   RW         6425    .data               heap_4.o
    0x200000a4   COMPRESSED   0x0000000c   Data   RW         6488    .data               port.o
    0x200000b0   COMPRESSED   0x00000020   Data   RW         6603    .data               usbd_desc.o
    0x200000d0   COMPRESSED   0x0000003e   Data   RW         6604    .data               usbd_desc.o
    0x2000010e   COMPRESSED   0x00000002   PAD
    0x20000110   COMPRESSED   0x00000014   Data   RW         6693    .data               usbd_cdc_if.o
    0x20000124   COMPRESSED   0x00000008   Data   RW         6694    .data               usbd_cdc_if.o
    0x2000012c   COMPRESSED   0x00000001   Data   RW         7118    .data               usbd_ctlreq.o
    0x2000012d   COMPRESSED   0x00000003   PAD
    0x20000130   COMPRESSED   0x00000053   Data   RW         7261    .data               usbd_cdc.o
    0x20000183   COMPRESSED   0x00000001   PAD
    0x20000184   COMPRESSED   0x00000038   Data   RW         7262    .data               usbd_cdc.o
    0x200001bc        -       0x000151e8   Zero   RW          226    .bss                user_usb.o
    0x200153a4        -       0x00000254   Zero   RW          449    .bss                freertos.o
    0x200155f8        -       0x00000178   Zero   RW          515    .bss                can.o
    0x20015770        -       0x00000054   Zero   RW          616    .bss                i2c.o
    0x200157c4        -       0x00000188   Zero   RW          661    .bss                spi.o
    0x2001594c        -       0x00000110   Zero   RW          719    .bss                usart.o
    0x20015a5c        -       0x0000004c   Zero   RW          878    .bss                stm32f7xx_hal_timebase_tim.o
    0x20015aa8        -       0x000000f0   Zero   RW         5791    .bss                tasks.o
    0x20015b98        -       0x00003c00   Zero   RW         6424    .bss                heap_4.o
    0x20019798        -       0x000002dc   Zero   RW         6559    .bss                usb_device.o
    0x20019a74        -       0x00000200   Zero   RW         6602    .bss                usbd_desc.o
    0x20019c74        -       0x000004e0   Zero   RW         6778    .bss                usbd_conf.o
    0x2001a154        -       0x00000060   Zero   RW         7511    .bss                c_w.l(libspace.o)
    0x2001a1b4   COMPRESSED   0x00000004   PAD
    0x2001a1b8        -       0x00000600   Zero   RW            2    HEAP                startup_stm32f722xx.o
    0x2001a7b8        -       0x00000400   Zero   RW            1    STACK               startup_stm32f722xx.o


==============================================================================

Image component sizes


      Code (inc. data)   RO Data    RW Data    ZI Data      Debug   Object Name

       676         78          0         33        376       6752   can.o
       122          0          0          0          0      23121   cmsis_os.o
        76          4          0          0          0        814   dma.o
         0          0          0          0          0      15764   event_groups.o
       220         28         80         16        596       3643   freertos.o
       208         18          0          0          0        971   gpio.o
       484         24          0         24      15360       7375   heap_4.o
       224         26          0          0         84       1761   i2c.o
       138          0          0          0          0       3542   list.o
       332         16          0          0          0      34664   main.o
       682         70          0         12          0      11040   port.o
      1488         38          0          1          0     784765   screen.o
       520         48          0          0        392       2720   spi.o
        64         26        480          0       2560        844   startup_stm32f722xx.o
        86         14          0         12          0       8342   stm32f7xx_hal.o
      1664          0          0          0          0      14355   stm32f7xx_hal_can.o
       316         28          0          0          0      40328   stm32f7xx_hal_cortex.o
       930         16          8          0          0       5835   stm32f7xx_hal_dma.o
       558         46          0          0          0       2248   stm32f7xx_hal_gpio.o
       192          6          0          0          0       3243   stm32f7xx_hal_i2c.o
       172          0          0          0          0       1967   stm32f7xx_hal_i2c_ex.o
        56          4          0          0          0        862   stm32f7xx_hal_msp.o
      2614         16          0          0          0      13660   stm32f7xx_hal_pcd.o
       118          6          0          0          0       2492   stm32f7xx_hal_pcd_ex.o
       108          8          0          0          0       1264   stm32f7xx_hal_pwr_ex.o
      1444         82          0          0          0       6349   stm32f7xx_hal_rcc.o
      1104         18          0          0          0       2140   stm32f7xx_hal_rcc_ex.o
      1606         32          0          0          0       9954   stm32f7xx_hal_spi.o
       792         78          0          0          0       7540   stm32f7xx_hal_tim.o
         6          0          0          0          0       2184   stm32f7xx_hal_tim_ex.o
       152         20          0          0         76       1480   stm32f7xx_hal_timebase_tim.o
      1176         64          0          0          0       5729   stm32f7xx_hal_uart.o
        72         30          0          0          0       5163   stm32f7xx_it.o
      2736        114          0          0          0      23232   stm32f7xx_ll_usb.o
         0          0          0          0          0        392   stream_buffer.o
        16          4         24          4          0       1127   system_stm32f7xx.o
      1554        108          0         60        240      19650   tasks.o
       336         36          0          0        272       2481   usart.o
        84         18          0          0        732        816   usb_device.o
      1148         30          0        139          0      12882   usbd_cdc.o
       168         26          0         28          0       3444   usbd_cdc_if.o
       840         40          0          0       1248      16605   usbd_conf.o
       932          0          0          0          0      15455   usbd_core.o
      1384         22          0          1          0      15440   usbd_ctlreq.o
       304        110          0         94        512       6849   usbd_desc.o
       132          0          0          0          0       4536   usbd_ioreq.o
       178         36          0          8      86504      11357   user_usb.o

    ----------------------------------------------------------------------
     28264       1388        624        444     108952    1167177   Object Totals
         0          0         32          0          0          0   (incl. Generated)
        52          0          0         12          0          0   (incl. Padding)

    ----------------------------------------------------------------------

      Code (inc. data)   RO Data    RW Data    ZI Data      Debug   Library Member Name

        90          0          0          0          0          0   __dczerorl2.o
         8          0          0          0          0         68   __main.o
         0          0          0          0          0          0   __rtentry.o
        12          0          0          0          0          0   __rtentry2.o
         6          0          0          0          0          0   __rtentry4.o
        52          8          0          0          0          0   __scatter.o
        28          0          0          0          0          0   __scatter_zi.o
        10          0          0          0          0         68   defsig_exit.o
        50          0          0          0          0         88   defsig_general.o
        80         58          0          0          0         76   defsig_rtmem_inner.o
        14          0          0          0          0         80   defsig_rtmem_outer.o
        18          0          0          0          0         80   exit.o
        94          0          0          0          0         80   h1_alloc.o
        52          0          0          0          0         68   h1_extend.o
        78          0          0          0          0         80   h1_free.o
        14          0          0          0          0         84   h1_init.o
         6          0          0          0          0        152   heapauxi.o
         4          0          0          0          0        136   hguard.o
         0          0          0          0          0          0   indicate_semi.o
       138          0          0          0          0        168   init_alloc.o
         2          0          0          0          0          0   libinit.o
        14          0          0          0          0          0   libinit2.o
         2          0          0          0          0          0   libshutdown.o
         2          0          0          0          0          0   libshutdown2.o
         8          4          0          0         96         68   libspace.o
       238          0          0          0          0        100   lludivv7m.o
         0          0          0          0          0          0   maybetermalloc1.o
         8          4          0          0          0         68   rt_heap_descriptor_intlibspace.o
        78          0          0          0          0         80   rt_memclr_w.o
       100          0          0          0          0         80   rt_memcpy_w.o
         2          0          0          0          0          0   rtexit.o
        10          0          0          0          0          0   rtexit2.o
        12          4          0          0          0         68   sys_exit.o
        74          0          0          0          0         80   sys_stackheap_outer.o
        14          0          0          0          0         76   sys_wrch.o
         2          0          0          0          0         68   use_no_semi.o
        10          0          0          0          0        116   fpinit.o

    ----------------------------------------------------------------------
      1340         78          0          0        100       2032   Library Totals
        10          0          0          0          4          0   (incl. Padding)

    ----------------------------------------------------------------------

      Code (inc. data)   RO Data    RW Data    ZI Data      Debug   Library Name

      1320         78          0          0         96       1916   c_w.l
        10          0          0          0          0        116   fz_wm.l

    ----------------------------------------------------------------------
      1340         78          0          0        100       2032   Library Totals

    ----------------------------------------------------------------------

==============================================================================


      Code (inc. data)   RO Data    RW Data    ZI Data      Debug   

     29604       1466        624        444     109052    1138821   Grand Totals
     29604       1466        624        204     109052    1138821   ELF Image Totals (compressed)
     29604       1466        624        204          0          0   ROM Totals

==============================================================================

    Total RO  Size (Code + RO Data)                30228 (  29.52kB)
    Total RW  Size (RW Data + ZI Data)            109496 ( 106.93kB)
    Total ROM Size (Code + RO Data + RW Data)      30432 (  29.72kB)

==============================================================================

